Archive member included to satisfy reference by file (symbol)

/usr/lib/gcc/arm-none-eabi/13.2.1/../../../arm-none-eabi/lib/thumb/v8-m.main+fp/hard/libc_nano.a(libc_a-init.o)
                              /usr/lib/gcc/arm-none-eabi/13.2.1/../../../arm-none-eabi/lib/thumb/v8-m.main+fp/hard/crt0.o (__libc_init_array)
/usr/lib/gcc/arm-none-eabi/13.2.1/../../../arm-none-eabi/lib/thumb/v8-m.main+fp/hard/libc_nano.a(libc_a-memset.o)
                              /usr/lib/gcc/arm-none-eabi/13.2.1/../../../arm-none-eabi/lib/thumb/v8-m.main+fp/hard/crt0.o (memset)
/usr/lib/gcc/arm-none-eabi/13.2.1/../../../arm-none-eabi/lib/thumb/v8-m.main+fp/hard/libc_nano.a(libc_a-errno.o)
                              build/sysmem.o (__errno)
/usr/lib/gcc/arm-none-eabi/13.2.1/../../../arm-none-eabi/lib/thumb/v8-m.main+fp/hard/libc_nano.a(libc_a-exit.o)
                              /usr/lib/gcc/arm-none-eabi/13.2.1/../../../arm-none-eabi/lib/thumb/v8-m.main+fp/hard/crt0.o (exit)
/usr/lib/gcc/arm-none-eabi/13.2.1/../../../arm-none-eabi/lib/thumb/v8-m.main+fp/hard/libc_nano.a(libc_a-atexit.o)
                              /usr/lib/gcc/arm-none-eabi/13.2.1/../../../arm-none-eabi/lib/thumb/v8-m.main+fp/hard/crt0.o (atexit)
/usr/lib/gcc/arm-none-eabi/13.2.1/../../../arm-none-eabi/lib/thumb/v8-m.main+fp/hard/libc_nano.a(libc_a-fini.o)
                              /usr/lib/gcc/arm-none-eabi/13.2.1/../../../arm-none-eabi/lib/thumb/v8-m.main+fp/hard/crt0.o (__libc_fini_array)
/usr/lib/gcc/arm-none-eabi/13.2.1/../../../arm-none-eabi/lib/thumb/v8-m.main+fp/hard/libc_nano.a(libc_a-impure.o)
                              /usr/lib/gcc/arm-none-eabi/13.2.1/../../../arm-none-eabi/lib/thumb/v8-m.main+fp/hard/libc_nano.a(libc_a-errno.o) (_impure_ptr)
/usr/lib/gcc/arm-none-eabi/13.2.1/../../../arm-none-eabi/lib/thumb/v8-m.main+fp/hard/libc_nano.a(libc_a-findfp.o)
                              /usr/lib/gcc/arm-none-eabi/13.2.1/../../../arm-none-eabi/lib/thumb/v8-m.main+fp/hard/libc_nano.a(libc_a-exit.o) (__stdio_exit_handler)
/usr/lib/gcc/arm-none-eabi/13.2.1/../../../arm-none-eabi/lib/thumb/v8-m.main+fp/hard/libc_nano.a(libc_a-fflush.o)
                              /usr/lib/gcc/arm-none-eabi/13.2.1/../../../arm-none-eabi/lib/thumb/v8-m.main+fp/hard/libc_nano.a(libc_a-findfp.o) (_fflush_r)
/usr/lib/gcc/arm-none-eabi/13.2.1/../../../arm-none-eabi/lib/thumb/v8-m.main+fp/hard/libc_nano.a(libc_a-mallocr.o)
                              /usr/lib/gcc/arm-none-eabi/13.2.1/../../../arm-none-eabi/lib/thumb/v8-m.main+fp/hard/libc_nano.a(libc_a-findfp.o) (_malloc_r)
/usr/lib/gcc/arm-none-eabi/13.2.1/../../../arm-none-eabi/lib/thumb/v8-m.main+fp/hard/libc_nano.a(libc_a-freer.o)
                              /usr/lib/gcc/arm-none-eabi/13.2.1/../../../arm-none-eabi/lib/thumb/v8-m.main+fp/hard/libc_nano.a(libc_a-fflush.o) (_free_r)
/usr/lib/gcc/arm-none-eabi/13.2.1/../../../arm-none-eabi/lib/thumb/v8-m.main+fp/hard/libc_nano.a(libc_a-fwalk.o)
                              /usr/lib/gcc/arm-none-eabi/13.2.1/../../../arm-none-eabi/lib/thumb/v8-m.main+fp/hard/libc_nano.a(libc_a-findfp.o) (_fwalk_sglue)
/usr/lib/gcc/arm-none-eabi/13.2.1/../../../arm-none-eabi/lib/thumb/v8-m.main+fp/hard/libc_nano.a(libc_a-__atexit.o)
                              /usr/lib/gcc/arm-none-eabi/13.2.1/../../../arm-none-eabi/lib/thumb/v8-m.main+fp/hard/libc_nano.a(libc_a-atexit.o) (__register_exitproc)
/usr/lib/gcc/arm-none-eabi/13.2.1/../../../arm-none-eabi/lib/thumb/v8-m.main+fp/hard/libc_nano.a(libc_a-mlock.o)
                              /usr/lib/gcc/arm-none-eabi/13.2.1/../../../arm-none-eabi/lib/thumb/v8-m.main+fp/hard/libc_nano.a(libc_a-mallocr.o) (__malloc_lock)
/usr/lib/gcc/arm-none-eabi/13.2.1/../../../arm-none-eabi/lib/thumb/v8-m.main+fp/hard/libc_nano.a(libc_a-sbrkr.o)
                              /usr/lib/gcc/arm-none-eabi/13.2.1/../../../arm-none-eabi/lib/thumb/v8-m.main+fp/hard/libc_nano.a(libc_a-mallocr.o) (_sbrk_r)
/usr/lib/gcc/arm-none-eabi/13.2.1/../../../arm-none-eabi/lib/thumb/v8-m.main+fp/hard/libc_nano.a(libc_a-stdio.o)
                              /usr/lib/gcc/arm-none-eabi/13.2.1/../../../arm-none-eabi/lib/thumb/v8-m.main+fp/hard/libc_nano.a(libc_a-findfp.o) (__sread)
/usr/lib/gcc/arm-none-eabi/13.2.1/../../../arm-none-eabi/lib/thumb/v8-m.main+fp/hard/libc_nano.a(libc_a-closer.o)
                              /usr/lib/gcc/arm-none-eabi/13.2.1/../../../arm-none-eabi/lib/thumb/v8-m.main+fp/hard/libc_nano.a(libc_a-stdio.o) (_close_r)
/usr/lib/gcc/arm-none-eabi/13.2.1/../../../arm-none-eabi/lib/thumb/v8-m.main+fp/hard/libc_nano.a(libc_a-__call_atexit.o)
                              /usr/lib/gcc/arm-none-eabi/13.2.1/../../../arm-none-eabi/lib/thumb/v8-m.main+fp/hard/libc_nano.a(libc_a-__atexit.o) (__call_exitprocs)
/usr/lib/gcc/arm-none-eabi/13.2.1/../../../arm-none-eabi/lib/thumb/v8-m.main+fp/hard/libc_nano.a(libc_a-readr.o)
[...]
Memory Configuration

Name             Origin             Length             Attributes
RAM              0x20000000         0x000c0000         xrw
ROM              0x08000000         0x00200000         xr
SRAM4            0x28000000         0x00004000         xrw
*default*        0x00000000         0xffffffff

Linker script and memory map

LOAD /usr/lib/gcc/arm-none-eabi/13.2.1/thumb/v8-m.main+fp/hard/crti.o
LOAD /usr/lib/gcc/arm-none-eabi/13.2.1/thumb/v8-m.main+fp/hard/crtbegin.o
LOAD /usr/lib/gcc/arm-none-eabi/13.2.1/../../../arm-none-eabi/lib/thumb/v8-m.main+fp/hard/crt0.o
LOAD build/main.o
LOAD build/stm32u5xx_it.o
LOAD build/stm32u5xx_hal_msp.o
LOAD build/stm32u5xx_hal_cortex.o
LOAD build/stm32u5xx_hal_pwr.o
LOAD build/stm32u5xx_hal_pwr_ex.o
LOAD build/stm32u5xx_hal.o
LOAD build/stm32u5xx_hal_i2c.o
LOAD build/stm32u5xx_hal_i2c_ex.o
LOAD build/stm32u5xx_hal_rcc.o
LOAD build/stm32u5xx_hal_rcc_ex.o
LOAD build/stm32u5xx_hal_flash.o
LOAD build/stm32u5xx_hal_flash_ex.o
LOAD build/stm32u5xx_hal_gpio.o
LOAD build/stm32u5xx_hal_dma.o
LOAD build/stm32u5xx_hal_dma_ex.o
LOAD build/stm32u5xx_hal_exti.o
LOAD build/stm32u5xx_hal_gtzc.o
LOAD build/stm32u5xx_hal_icache.o
LOAD build/system_stm32u5xx.o
LOAD build/sysmem.o
LOAD build/syscalls.o
LOAD build/startup_stm32u585xx.o
LOAD /usr/lib/gcc/arm-none-eabi/13.2.1/../../../arm-none-eabi/lib/thumb/v8-m.main+fp/hard/libc_nano.a
LOAD /usr/lib/gcc/arm-none-eabi/13.2.1/../../../arm-none-eabi/lib/thumb/v8-m.main+fp/hard/libm.a
LOAD /usr/lib/gcc/arm-none-eabi/13.2.1/../../../arm-none-eabi/lib/thumb/v8-m.main+fp/hard/libnosys.a
START GROUP
LOAD /usr/lib/gcc/arm-none-eabi/13.2.1/thumb/v8-m.main+fp/hard/libgcc.a
LOAD /usr/lib/gcc/arm-none-eabi/13.2.1/../../../arm-none-eabi/lib/thumb/v8-m.main+fp/hard/libc_nano.a
END GROUP
START GROUP
LOAD /usr/lib/gcc/arm-none-eabi/13.2.1/thumb/v8-m.main+fp/hard/libgcc.a
LOAD /usr/lib/gcc/arm-none-eabi/13.2.1/../../../arm-none-eabi/lib/thumb/v8-m.main+fp/hard/libc_nano.a
END GROUP
LOAD /usr/lib/gcc/arm-none-eabi/13.2.1/thumb/v8-m.main+fp/hard/crtend.o
LOAD /usr/lib/gcc/arm-none-eabi/13.2.1/thumb/v8-m.main+fp/hard/crtn.o
                0x200c0000                        _estack = (ORIGIN (RAM) + LENGTH (RAM))
                0x00000200                        _Min_Heap_Size = 0x200
                0x00000400                        _Min_Stack_Size = 0x400

.isr_vector     0x08000000      0x238
                0x08000000                        . = ALIGN (0x8)
 *(.isr_vector)
 .isr_vector    0x08000000      0x238 build/startup_stm32u585xx.o
                0x08000000                g_pfnVectors
                0x08000238                        . = ALIGN (0x8)

.text           0x08000238     0x1668
                0x08000238                        . = ALIGN (0x8)
 *(.text)
 .text          0x08000238       0x8c /usr/lib/gcc/arm-none-eabi/13.2.1/thumb/v8-m.main+fp/hard/crtbegin.o
 .text          0x080002c4       0x50 /usr/lib/gcc/arm-none-eabi/13.2.1/../../../arm-none-eabi/lib/thumb/v8-m.main+fp/hard/libc_nano.a(libc_a-init.o)
                0x080002c4                __libc_init_array
 .text          0x08000314       0xa4 /usr/lib/gcc/arm-none-eabi/13.2.1/../../../arm-none-eabi/lib/thumb/v8-m.main+fp/hard/libc_nano.a(libc_a-memset.o)
                0x08000314                memset
 *(.text*)
 .text.SystemPower_Config
                0x080003b8        0x8 build/main.o
 .text.Error_Handler
                0x080003c0        0x4 build/main.o
                0x080003c0                Error_Handler
 .text.SystemClock_Config
                0x080003c4       0x68 build/main.o
                0x080003c4                SystemClock_Config
 .text.main     0x0800042c       0x10 build/main.o
                0x0800042c                main
 .text.NMI_Handler
                0x0800043c        0x2 build/stm32u5xx_it.o
                0x0800043c                NMI_Handler
 .text.HardFault_Handler
                0x0800043e        0x2 build/stm32u5xx_it.o
                0x0800043e                HardFault_Handler
 .text.MemManage_Handler
                0x08000440        0x2 build/stm32u5xx_it.o
                0x08000440                MemManage_Handler
 .text.BusFault_Handler
                0x08000442        0x2 build/stm32u5xx_it.o
                0x08000442                BusFault_Handler
 .text.UsageFault_Handler
                0x08000444        0x2 build/stm32u5xx_it.o
                0x08000444                UsageFault_Handler
 .text.SVC_Handler
                0x08000446        0x2 build/stm32u5xx_it.o
                0x08000446                SVC_Handler
 .text.DebugMon_Handler
                0x08000448        0x2 build/stm32u5xx_it.o
                0x08000448                DebugMon_Handler
 .text.PendSV_Handler
                0x0800044a        0x2 build/stm32u5xx_it.o
                0x0800044a                PendSV_Handler
 .text.SysTick_Handler
                0x0800044c        0x8 build/stm32u5xx_it.o
                0x0800044c                SysTick_Handler
 .text.HAL_MspInit
                0x08000454       0x24 build/stm32u5xx_hal_msp.o
                0x08000454                HAL_MspInit
 .text.__NVIC_SetPriority
                0x08000478       0x28 build/stm32u5xx_hal_cortex.o
 .text.NVIC_EncodePriority
                0x080004a0       0x3e build/stm32u5xx_hal_cortex.o
 *fill*         0x080004de        0x2 
 .text.HAL_NVIC_SetPriorityGrouping
                0x080004e0       0x24 build/stm32u5xx_hal_cortex.o
                0x080004e0                HAL_NVIC_SetPriorityGrouping
 .text.HAL_NVIC_SetPriority
                0x08000504       0x20 build/stm32u5xx_hal_cortex.o
                0x08000504                HAL_NVIC_SetPriority
 .text.HAL_SYSTICK_Config
                0x08000524       0x20 build/stm32u5xx_hal_cortex.o
                0x08000524                HAL_SYSTICK_Config
 .text.HAL_SYSTICK_CLKSourceConfig
                0x08000544       0x7c build/stm32u5xx_hal_cortex.o
                0x08000544                HAL_SYSTICK_CLKSourceConfig
 .text.HAL_SYSTICK_GetCLKSourceConfig
                0x080005c0       0x34 build/stm32u5xx_hal_cortex.o
                0x080005c0                HAL_SYSTICK_GetCLKSourceConfig
 .text.HAL_PWREx_ControlVoltageScaling
                0x080005f4       0xa0 build/stm32u5xx_hal_pwr_ex.o
                0x080005f4                HAL_PWREx_ControlVoltageScaling
 .text.HAL_PWREx_GetVoltageRange
                0x08000694       0x10 build/stm32u5xx_hal_pwr_ex.o
                0x08000694                HAL_PWREx_GetVoltageRange
 .text.HAL_PWREx_DisableUCPDDeadBattery
                0x080006a4       0x10 build/stm32u5xx_hal_pwr_ex.o
                0x080006a4                HAL_PWREx_DisableUCPDDeadBattery
 .text.HAL_InitTick
                0x080006b4       0xac build/stm32u5xx_hal.o
                0x080006b4                HAL_InitTick
 .text.HAL_Init
                0x08000760       0x54 build/stm32u5xx_hal.o
                0x08000760                HAL_Init
 .text.HAL_IncTick
                0x080007b4       0x18 build/stm32u5xx_hal.o
                0x080007b4                HAL_IncTick
 .text.HAL_GetTick
                0x080007cc        0xc build/stm32u5xx_hal.o
                0x080007cc                HAL_GetTick
 .text.RCC_SetFlashLatencyFromMSIRange
                0x080007d8       0xc4 build/stm32u5xx_hal_rcc.o
 .text.HAL_RCC_GetSysClockFreq
                0x0800089c      0x17c build/stm32u5xx_hal_rcc.o
                0x0800089c                HAL_RCC_GetSysClockFreq
 .text.HAL_RCC_ClockConfig
                0x08000a18      0x30c build/stm32u5xx_hal_rcc.o
                0x08000a18                HAL_RCC_ClockConfig
 .text.HAL_RCC_GetHCLKFreq
                0x08000d24       0x28 build/stm32u5xx_hal_rcc.o
                0x08000d24                HAL_RCC_GetHCLKFreq
 .text.HAL_RCC_OscConfig
                0x08000d4c      0xaa0 build/stm32u5xx_hal_rcc.o
                0x08000d4c                HAL_RCC_OscConfig
 .text.SystemInit
                0x080017ec       0x44 build/system_stm32u5xx.o
                0x080017ec                SystemInit
 .text.Reset_Handler
                0x08001830       0x50 build/startup_stm32u585xx.o
                0x08001830                Reset_Handler
 .text.Default_Handler
                0x08001880        0x2 build/startup_stm32u585xx.o
                0x08001880                EXTI2_IRQHandler
                0x08001880                TIM8_TRG_COM_IRQHandler
                0x08001880                TIM8_CC_IRQHandler
                0x08001880                EXTI5_IRQHandler
                0x08001880                FLASH_S_IRQHandler
                0x08001880                EXTI13_IRQHandler
                0x08001880                TIM1_CC_IRQHandler
                0x08001880                TSC_IRQHandler
                0x08001880                TAMP_IRQHandler
                0x08001880                TIM6_IRQHandler
                0x08001880                EXTI12_IRQHandler
                0x08001880                CORDIC_IRQHandler
                0x08001880                EXTI3_IRQHandler
                0x08001880                LPTIM4_IRQHandler
                0x08001880                GPDMA1_Channel5_IRQHandler
                0x08001880                EXTI8_IRQHandler
                0x08001880                LPTIM2_IRQHandler
                0x08001880                I2C3_ER_IRQHandler
                0x08001880                PWR_S3WU_IRQHandler
                0x08001880                MDF1_FLT2_IRQHandler
                0x08001880                LPDMA1_Channel3_IRQHandler
                0x08001880                LPTIM3_IRQHandler
                0x08001880                EXTI0_IRQHandler
                0x08001880                I2C2_EV_IRQHandler
                0x08001880                FPU_IRQHandler
                0x08001880                GPDMA1_Channel3_IRQHandler
                0x08001880                GPDMA1_Channel7_IRQHandler
                0x08001880                MDF1_FLT4_IRQHandler
                0x08001880                FDCAN1_IT1_IRQHandler
                0x08001880                RAMCFG_IRQHandler
                0x08001880                GPDMA1_Channel9_IRQHandler
                0x08001880                DCACHE1_IRQHandler
                0x08001880                SPI1_IRQHandler
                0x08001880                OCTOSPI1_IRQHandler
                0x08001880                GPDMA1_Channel2_IRQHandler
                0x08001880                TIM8_UP_IRQHandler
                0x08001880                RCC_S_IRQHandler
                0x08001880                OCTOSPI2_IRQHandler
                0x08001880                SAI2_IRQHandler
                0x08001880                MDF1_FLT1_IRQHandler
                0x08001880                ADC1_IRQHandler
                0x08001880                PKA_IRQHandler
                0x08001880                MDF1_FLT5_IRQHandler
                0x08001880                EXTI15_IRQHandler
                0x08001880                TIM17_IRQHandler
                0x08001880                USART3_IRQHandler
                0x08001880                RTC_IRQHandler
                0x08001880                EXTI9_IRQHandler
                0x08001880                UART5_IRQHandler
                0x08001880                TIM4_IRQHandler
                0x08001880                I2C1_EV_IRQHandler
                0x08001880                GPDMA1_Channel12_IRQHandler
                0x08001880                GPDMA1_Channel1_IRQHandler
                0x08001880                TIM16_IRQHandler
                0x08001880                GPDMA1_Channel15_IRQHandler
                0x08001880                UART4_IRQHandler
                0x08001880                SecureFault_Handler
                0x08001880                TIM3_IRQHandler
                0x08001880                RCC_IRQHandler
                0x08001880                TIM1_TRG_COM_IRQHandler
                0x08001880                Default_Handler
                0x08001880                GPDMA1_Channel8_IRQHandler
                0x08001880                FMAC_IRQHandler
                0x08001880                OTFDEC1_IRQHandler
                0x08001880                GPDMA1_Channel11_IRQHandler
                0x08001880                TIM7_IRQHandler
                0x08001880                SDMMC1_IRQHandler
                0x08001880                SAES_IRQHandler
                0x08001880                TIM5_IRQHandler
                0x08001880                UCPD1_IRQHandler
                0x08001880                GPDMA1_Channel0_IRQHandler
                0x08001880                TIM15_IRQHandler
                0x08001880                I2C3_EV_IRQHandler
                0x08001880                LPDMA1_Channel0_IRQHandler
                0x08001880                PVD_PVM_IRQHandler
                0x08001880                SPI2_IRQHandler
                0x08001880                LPDMA1_Channel1_IRQHandler
                0x08001880                EXTI14_IRQHandler
                0x08001880                EXTI11_IRQHandler
                0x08001880                OTFDEC2_IRQHandler
                0x08001880                CRS_IRQHandler
                0x08001880                GPDMA1_Channel14_IRQHandler
                0x08001880                LSECSSD_IRQHandler
                0x08001880                EXTI4_IRQHandler
                0x08001880                RTC_S_IRQHandler
                0x08001880                GPDMA1_Channel13_IRQHandler
                0x08001880                RNG_IRQHandler
                0x08001880                COMP_IRQHandler
                0x08001880                TIM1_UP_IRQHandler
                0x08001880                ADC4_IRQHandler
                0x08001880                WWDG_IRQHandler
                0x08001880                I2C4_EV_IRQHandler
                0x08001880                ADF1_IRQHandler
                0x08001880                IWDG_IRQHandler
                0x08001880                LPUART1_IRQHandler
                0x08001880                MDF1_FLT0_IRQHandler
                0x08001880                FDCAN1_IT0_IRQHandler
                0x08001880                TIM2_IRQHandler
                0x08001880                GPDMA1_Channel4_IRQHandler
                0x08001880                EXTI7_IRQHandler
                0x08001880                DMA2D_IRQHandler
                0x08001880                TIM1_BRK_IRQHandler
                0x08001880                EXTI1_IRQHandler
                0x08001880                SDMMC2_IRQHandler
                0x08001880                AES_IRQHandler
                0x08001880                DAC1_IRQHandler
                0x08001880                GTZC_IRQHandler
                0x08001880                MDF1_FLT3_IRQHandler
                0x08001880                USART2_IRQHandler
                0x08001880                GPDMA1_Channel6_IRQHandler
                0x08001880                I2C2_ER_IRQHandler
                0x08001880                TIM8_BRK_IRQHandler
                0x08001880                FLASH_IRQHandler
                0x08001880                USART1_IRQHandler
                0x08001880                EXTI10_IRQHandler
                0x08001880                OTG_FS_IRQHandler
                0x08001880                SPI3_IRQHandler
                0x08001880                LPDMA1_Channel2_IRQHandler
                0x08001880                I2C1_ER_IRQHandler
                0x08001880                FMC_IRQHandler
                0x08001880                EXTI6_IRQHandler
                0x08001880                LPTIM1_IRQHandler
                0x08001880                DCMI_PSSI_IRQHandler
                0x08001880                I2C4_ER_IRQHandler
                0x08001880                GPDMA1_Channel10_IRQHandler
                0x08001880                ICACHE_IRQHandler
                0x08001880                SAI1_IRQHandler
                0x08001880                HASH_IRQHandler
 *(.glue_7)
 .glue_7        0x08001882        0x0 linker stubs
 *(.glue_7t)
 .glue_7t       0x08001882        0x0 linker stubs
 *(.eh_frame)
 *fill*         0x08001882        0x2 
 .eh_frame      0x08001884        0x0 /usr/lib/gcc/arm-none-eabi/13.2.1/thumb/v8-m.main+fp/hard/crtbegin.o
 *(.init)
 .init          0x08001884        0x4 /usr/lib/gcc/arm-none-eabi/13.2.1/thumb/v8-m.main+fp/hard/crti.o
                0x08001884                _init
 .init          0x08001888        0x8 /usr/lib/gcc/arm-none-eabi/13.2.1/thumb/v8-m.main+fp/hard/crtn.o
 *(.fini)
 .fini          0x08001890        0x4 /usr/lib/gcc/arm-none-eabi/13.2.1/thumb/v8-m.main+fp/hard/crti.o
                0x08001890                _fini
 .fini          0x08001894        0x8 /usr/lib/gcc/arm-none-eabi/13.2.1/thumb/v8-m.main+fp/hard/crtn.o
                0x080018a0                        . = ALIGN (0x8)
 *fill*         0x0800189c        0x4 
                0x080018a0                        _etext = .

.vfp11_veneer   0x080018a0        0x0
 .vfp11_veneer  0x080018a0        0x0 linker stubs

.v4_bx          0x080018a0        0x0
 .v4_bx         0x080018a0        0x0 linker stubs

.iplt           0x080018a0        0x0
 .iplt          0x080018a0        0x0 /usr/lib/gcc/arm-none-eabi/13.2.1/thumb/v8-m.main+fp/hard/crtbegin.o

.rodata         0x080018a0       0x50
                0x080018a0                        . = ALIGN (0x8)
 *(.rodata)
 *(.rodata*)
 .rodata.MSIRangeTable
                0x080018a0       0x40 build/system_stm32u5xx.o
                0x080018a0                MSIRangeTable
 .rodata.AHBPrescTable
                0x080018e0       0x10 build/system_stm32u5xx.o
                0x080018e0                AHBPrescTable
                0x080018f0                        . = ALIGN (0x8)

.rel.dyn        0x080018f0        0x0
 .rel.iplt      0x080018f0        0x0 /usr/lib/gcc/arm-none-eabi/13.2.1/thumb/v8-m.main+fp/hard/crtbegin.o

.ARM.extab      0x080018f0        0x0
                0x080018f0                        . = ALIGN (0x8)
 *(.ARM.extab* .gnu.linkonce.armextab.*)
                0x080018f0                        . = ALIGN (0x8)

.ARM            0x080018f0        0x0
                0x080018f0                        . = ALIGN (0x8)
                0x080018f0                        __exidx_start = .
 *(.ARM.exidx*)
                0x080018f0                        __exidx_end = .
                0x080018f0                        . = ALIGN (0x8)

.preinit_array  0x080018f0        0x0
                0x080018f0                        . = ALIGN (0x8)
                0x080018f0                        PROVIDE (__preinit_array_start = .)
 *(.preinit_array*)
                0x080018f0                        PROVIDE (__preinit_array_end = .)
                0x080018f0                        . = ALIGN (0x8)

.init_array     0x080018f0        0x8
                0x080018f0                        . = ALIGN (0x8)
                0x080018f0                        PROVIDE (__init_array_start = .)
 *(SORT_BY_NAME(.init_array.*))
 *(.init_array*)
 .init_array    0x080018f0        0x4 /usr/lib/gcc/arm-none-eabi/13.2.1/thumb/v8-m.main+fp/hard/crtbegin.o
                0x080018f4                        PROVIDE (__init_array_end = .)
                0x080018f8                        . = ALIGN (0x8)
 *fill*         0x080018f4        0x4 

.fini_array     0x080018f8        0x8
                0x080018f8                        . = ALIGN (0x8)
                0x080018f8                        PROVIDE (__fini_array_start = .)
 *(SORT_BY_NAME(.fini_array.*))
 *(.fini_array*)
 .fini_array    0x080018f8        0x4 /usr/lib/gcc/arm-none-eabi/13.2.1/thumb/v8-m.main+fp/hard/crtbegin.o
                0x080018fc                        PROVIDE (__fini_array_end = .)
                0x08001900                        . = ALIGN (0x8)
 *fill*         0x080018fc        0x4 
                0x08001900                        _sidata = LOADADDR (.data)

.data           0x20000000       0x10 load address 0x08001900
                0x20000000                        . = ALIGN (0x8)
                0x20000000                        _sdata = .
 *(.data)
 *(.data*)
 .data.uwTickFreq
                0x20000000        0x1 build/stm32u5xx_hal.o
                0x20000000                uwTickFreq
 *fill*         0x20000001        0x3 
 .data.uwTickPrio
                0x20000004        0x4 build/stm32u5xx_hal.o
                0x20000004                uwTickPrio
 .data.SystemCoreClock
                0x20000008        0x4 build/system_stm32u5xx.o
                0x20000008                SystemCoreClock
                0x20000010                        . = ALIGN (0x8)
 *fill*         0x2000000c        0x4 

.tm_clone_table
                0x20000010        0x0 load address 0x08001910
 .tm_clone_table
                0x20000010        0x0 /usr/lib/gcc/arm-none-eabi/13.2.1/thumb/v8-m.main+fp/hard/crtbegin.o
 .tm_clone_table
                0x20000010        0x0 /usr/lib/gcc/arm-none-eabi/13.2.1/thumb/v8-m.main+fp/hard/crtend.o

.igot.plt       0x20000010        0x0 load address 0x08001910
 .igot.plt      0x20000010        0x0 /usr/lib/gcc/arm-none-eabi/13.2.1/thumb/v8-m.main+fp/hard/crtbegin.o

.tdata          0x20000010        0x0 load address 0x08001910
 *(.tdata .tdata.* .gnu.linkonce.td.*)
                0x20000010                        . = ALIGN (0x4)
                0x20000010                        _edata = .
                [!provide]                        PROVIDE (__data_end = .)
                [!provide]                        PROVIDE (__tdata_end = .)
                [!provide]                        PROVIDE (__tdata_start = ADDR (.tdata))
                [!provide]                        PROVIDE (__tdata_size = (__tdata_end - __tdata_start))
                [!provide]                        PROVIDE (__data_start = ADDR (.data))
                [!provide]                        PROVIDE (__data_size = (__data_end - __data_start))
                [!provide]                        PROVIDE (__tdata_source = LOADADDR (.tdata))
                [!provide]                        PROVIDE (__tdata_source_end = (LOADADDR (.tdata) + SIZEOF (.tdata)))
                [!provide]                        PROVIDE (__tdata_source_size = (__tdata_source_end - __tdata_source))
                [!provide]                        PROVIDE (__data_source = LOADADDR (.data))
                [!provide]                        PROVIDE (__data_source_end = __tdata_source_end)
                [!provide]                        PROVIDE (__data_source_size = (__data_source_end - __data_source))
                0x20000010                        . = ALIGN (0x8)

.tbss           0x20000010        0x0 load address 0x08001910
                0x20000010                        _sbss = .
                0x20000010                        __bss_start__ = _sbss
 *(.tbss .tbss.*)
                0x20000010                        . = ALIGN (0x4)
                [!provide]                        PROVIDE (__tbss_end = .)
                [!provide]                        PROVIDE (__tbss_start = ADDR (.tbss))
                [!provide]                        PROVIDE (__tbss_size = (__tbss_end - __tbss_start))
                [!provide]                        PROVIDE (__tbss_offset = (ADDR (.tbss) - ADDR (.tdata)))
                [!provide]                        PROVIDE (__tls_base = __tdata_start)
                [!provide]                        PROVIDE (__tls_end = __tbss_end)
                [!provide]                        PROVIDE (__tls_size = (__tls_end - __tls_base))
                [!provide]                        PROVIDE (__tls_align = MAX (ALIGNOF (.tdata), ALIGNOF (.tbss)))
                [!provide]                        PROVIDE (__tls_size_align = (((__tls_size + __tls_align) - 0x1) & ~ ((__tls_align - 0x1))))
                [!provide]                        PROVIDE (__arm32_tls_tcb_offset = MAX (0x8, __tls_align))
                [!provide]                        PROVIDE (__arm64_tls_tcb_offset = MAX (0x10, __tls_align))

.bss            0x20000010       0x20 load address 0x08001910
 *(.bss)
 .bss           0x20000010       0x1c /usr/lib/gcc/arm-none-eabi/13.2.1/thumb/v8-m.main+fp/hard/crtbegin.o
 *(.bss*)
 .bss.uwTick    0x2000002c        0x4 build/stm32u5xx_hal.o
                0x2000002c                uwTick
 *(COMMON)
                0x20000030                        . = ALIGN (0x8)
                0x20000030                        . = ALIGN (0x4)
                0x20000030                        _ebss = .
                0x20000030                        __bss_end__ = _ebss
                [!provide]                        PROVIDE (__bss_end = .)
                [!provide]                        PROVIDE (__non_tls_bss_start = ADDR (.bss))
                [!provide]                        PROVIDE (__bss_start = __tbss_start)
                [!provide]                        PROVIDE (__bss_size = (__bss_end - __bss_start))

._user_heap_stack
                0x20000030      0x600 load address 0x08001910
                0x20000030                        . = ALIGN (0x8)
                [!provide]                        PROVIDE (end = .)
                0x20000030                        PROVIDE (_end = .)
                0x20000230                        . = (. + _Min_Heap_Size)
 *fill*         0x20000030      0x200 
                0x20000630                        . = (. + _Min_Stack_Size)
 *fill*         0x20000230      0x400 
                0x20000630                        . = ALIGN (0x8)

/DISCARD/
 libc.a:*(*)
 libm.a:*(*)
 libgcc.a:*(*)

.ARM.attributes
                0x00000000       0x36
 *(.ARM.attributes)
 .ARM.attributes
                0x00000000       0x26 /usr/lib/gcc/arm-none-eabi/13.2.1/thumb/v8-m.main+fp/hard/crti.o
 .ARM.attributes
                0x00000026       0x38 /usr/lib/gcc/arm-none-eabi/13.2.1/thumb/v8-m.main+fp/hard/crtbegin.o
 .ARM.attributes
                0x0000005e       0x3a build/main.o
 .ARM.attributes
                0x00000098       0x3a build/stm32u5xx_it.o
 .ARM.attributes
                0x000000d2       0x3a build/stm32u5xx_hal_msp.o
 .ARM.attributes
                0x0000010c       0x3a build/stm32u5xx_hal_cortex.o
 .ARM.attributes
                0x00000146       0x3a build/stm32u5xx_hal_pwr_ex.o
 .ARM.attributes
                0x00000180       0x3a build/stm32u5xx_hal.o
 .ARM.attributes
                0x000001ba       0x3a build/stm32u5xx_hal_rcc.o
 .ARM.attributes
                0x000001f4       0x3a build/system_stm32u5xx.o
 .ARM.attributes
                0x0000022e       0x24 build/startup_stm32u585xx.o
 .ARM.attributes
                0x00000252       0x38 /usr/lib/gcc/arm-none-eabi/13.2.1/../../../arm-none-eabi/lib/thumb/v8-m.main+fp/hard/libc_nano.a(libc_a-init.o)
 .ARM.attributes
                0x0000028a       0x38 /usr/lib/gcc/arm-none-eabi/13.2.1/../../../arm-none-eabi/lib/thumb/v8-m.main+fp/hard/libc_nano.a(libc_a-memset.o)
 .ARM.attributes
                0x000002c2       0x38 /usr/lib/gcc/arm-none-eabi/13.2.1/thumb/v8-m.main+fp/hard/crtend.o
 .ARM.attributes
                0x000002fa       0x26 /usr/lib/gcc/arm-none-eabi/13.2.1/thumb/v8-m.main+fp/hard/crtn.o
OUTPUT(build/RDJ.elf elf32-littlearm)
LOAD linker stubs

.comment        0x00000000       0x26
 .comment       0x00000000       0x26 /usr/lib/gcc/arm-none-eabi/13.2.1/thumb/v8-m.main+fp/hard/crtbegin.o
                                 0x27 (size before relaxing)
 .comment       0x00000026       0x27 build/main.o
 .comment       0x00000026       0x27 build/stm32u5xx_it.o
 .comment       0x00000026       0x27 build/stm32u5xx_hal_msp.o
 .comment       0x00000026       0x27 build/stm32u5xx_hal_cortex.o
 .comment       0x00000026       0x27 build/stm32u5xx_hal_pwr_ex.o
 .comment       0x00000026       0x27 build/stm32u5xx_hal.o
 .comment       0x00000026       0x27 build/stm32u5xx_hal_rcc.o
 .comment       0x00000026       0x27 build/system_stm32u5xx.o
 .comment       0x00000026       0x27 /usr/lib/gcc/arm-none-eabi/13.2.1/../../../arm-none-eabi/lib/thumb/v8-m.main+fp/hard/libc_nano.a(libc_a-init.o)
 .comment       0x00000026       0x27 /usr/lib/gcc/arm-none-eabi/13.2.1/../../../arm-none-eabi/lib/thumb/v8-m.main+fp/hard/libc_nano.a(libc_a-memset.o)
 .comment       0x00000026       0x27 /usr/lib/gcc/arm-none-eabi/13.2.1/thumb/v8-m.main+fp/hard/crtend.o

.debug_info     0x00000000     0x7427
 .debug_info    0x00000000      0x4c7 build/main.o
 .debug_info    0x000004c7      0x16d build/stm32u5xx_it.o
 .debug_info    0x00000634      0x527 build/stm32u5xx_hal_msp.o
 .debug_info    0x00000b5b     0x1b29 build/stm32u5xx_hal_cortex.o
 .debug_info    0x00002684     0x11b7 build/stm32u5xx_hal_pwr_ex.o
 .debug_info    0x0000383b     0x1560 build/stm32u5xx_hal.o
 .debug_info    0x00004d9b     0x19bb build/stm32u5xx_hal_rcc.o
 .debug_info    0x00006756      0xa61 build/system_stm32u5xx.o
 .debug_info    0x000071b7       0x30 build/startup_stm32u585xx.o
 .debug_info    0x000071e7      0x10b /usr/lib/gcc/arm-none-eabi/13.2.1/../../../arm-none-eabi/lib/thumb/v8-m.main+fp/hard/libc_nano.a(libc_a-init.o)
 .debug_info    0x000072f2      0x135 /usr/lib/gcc/arm-none-eabi/13.2.1/../../../arm-none-eabi/lib/thumb/v8-m.main+fp/hard/libc_nano.a(libc_a-memset.o)

.debug_abbrev   0x00000000     0x1157
 .debug_abbrev  0x00000000      0x1bc build/main.o
 .debug_abbrev  0x000001bc       0x80 build/stm32u5xx_it.o
 .debug_abbrev  0x0000023c       0xc8 build/stm32u5xx_hal_msp.o
 .debug_abbrev  0x00000304      0x3ca build/stm32u5xx_hal_cortex.o
 .debug_abbrev  0x000006ce      0x243 build/stm32u5xx_hal_pwr_ex.o
 .debug_abbrev  0x00000911      0x2d0 build/stm32u5xx_hal.o
 .debug_abbrev  0x00000be1      0x2be build/stm32u5xx_hal_rcc.o
 .debug_abbrev  0x00000e9f      0x11b build/system_stm32u5xx.o
 .debug_abbrev  0x00000fba       0x1d build/startup_stm32u585xx.o
 .debug_abbrev  0x00000fd7       0xc9 /usr/lib/gcc/arm-none-eabi/13.2.1/../../../arm-none-eabi/lib/thumb/v8-m.main+fp/hard/libc_nano.a(libc_a-init.o)
 .debug_abbrev  0x000010a0       0xb7 /usr/lib/gcc/arm-none-eabi/13.2.1/../../../arm-none-eabi/lib/thumb/v8-m.main+fp/hard/libc_nano.a(libc_a-memset.o)

.debug_loc      0x00000000     0x3025
 .debug_loc     0x00000000       0x86 build/main.o
 .debug_loc     0x00000086       0x20 build/stm32u5xx_it.o
 .debug_loc     0x000000a6       0x2c build/stm32u5xx_hal_msp.o
 .debug_loc     0x000000d2      0xa40 build/stm32u5xx_hal_cortex.o
 .debug_loc     0x00000b12     0x1024 build/stm32u5xx_hal_pwr_ex.o
 .debug_loc     0x00001b36      0x387 build/stm32u5xx_hal.o
 .debug_loc     0x00001ebd      0xff3 build/stm32u5xx_hal_rcc.o
 .debug_loc     0x00002eb0      0x175 build/system_stm32u5xx.o

.debug_aranges  0x00000000      0x648
 .debug_aranges
                0x00000000       0x38 build/main.o
 .debug_aranges
                0x00000038       0x60 build/stm32u5xx_it.o
 .debug_aranges
                0x00000098       0x20 build/stm32u5xx_hal_msp.o
 .debug_aranges
                0x000000b8      0x110 build/stm32u5xx_hal_cortex.o
 .debug_aranges
                0x000001c8      0x200 build/stm32u5xx_hal_pwr_ex.o
 .debug_aranges
                0x000003c8      0x148 build/stm32u5xx_hal.o
 .debug_aranges
                0x00000510       0xa8 build/stm32u5xx_hal_rcc.o
 .debug_aranges
                0x000005b8       0x28 build/system_stm32u5xx.o
 .debug_aranges
                0x000005e0       0x28 build/startup_stm32u585xx.o
 .debug_aranges
                0x00000608       0x20 /usr/lib/gcc/arm-none-eabi/13.2.1/../../../arm-none-eabi/lib/thumb/v8-m.main+fp/hard/libc_nano.a(libc_a-init.o)
 .debug_aranges
                0x00000628       0x20 /usr/lib/gcc/arm-none-eabi/13.2.1/../../../arm-none-eabi/lib/thumb/v8-m.main+fp/hard/libc_nano.a(libc_a-memset.o)

.debug_ranges   0x00000000      0x638
 .debug_ranges  0x00000000       0x28 build/main.o
 .debug_ranges  0x00000028       0x50 build/stm32u5xx_it.o
 .debug_ranges  0x00000078       0x10 build/stm32u5xx_hal_msp.o
 .debug_ranges  0x00000088      0x100 build/stm32u5xx_hal_cortex.o
 .debug_ranges  0x00000188      0x1f0 build/stm32u5xx_hal_pwr_ex.o
 .debug_ranges  0x00000378      0x138 build/stm32u5xx_hal.o
 .debug_ranges  0x000004b0      0x150 build/stm32u5xx_hal_rcc.o
 .debug_ranges  0x00000600       0x18 build/system_stm32u5xx.o
 .debug_ranges  0x00000618       0x20 build/startup_stm32u585xx.o

.debug_line     0x00000000     0x3ee1
 .debug_line    0x00000000      0x22c build/main.o
 .debug_line    0x0000022c      0x13b build/stm32u5xx_it.o
 .debug_line    0x00000367       0xcb build/stm32u5xx_hal_msp.o
 .debug_line    0x00000432      0x877 build/stm32u5xx_hal_cortex.o
 .debug_line    0x00000ca9      0xeaa build/stm32u5xx_hal_pwr_ex.o
 .debug_line    0x00001b53      0x6ff build/stm32u5xx_hal.o
 .debug_line    0x00002252     0x1688 build/stm32u5xx_hal_rcc.o
 .debug_line    0x000038da      0x2b6 build/system_stm32u5xx.o
 .debug_line    0x00003b90       0x72 build/startup_stm32u585xx.o
 .debug_line    0x00003c02      0x129 /usr/lib/gcc/arm-none-eabi/13.2.1/../../../arm-none-eabi/lib/thumb/v8-m.main+fp/hard/libc_nano.a(libc_a-init.o)
 .debug_line    0x00003d2b      0x1b6 /usr/lib/gcc/arm-none-eabi/13.2.1/../../../arm-none-eabi/lib/thumb/v8-m.main+fp/hard/libc_nano.a(libc_a-memset.o)

.debug_str      0x00000000     0x2949
 .debug_str     0x00000000     0x2949 build/main.o
                                0x42d (size before relaxing)
 .debug_str     0x00002949      0x225 build/stm32u5xx_it.o
 .debug_str     0x00002949      0x3df build/stm32u5xx_hal_msp.o
 .debug_str     0x00002949     0x11f3 build/stm32u5xx_hal_cortex.o
 .debug_str     0x00002949      0xc26 build/stm32u5xx_hal_pwr_ex.o
 .debug_str     0x00002949     0x12d2 build/stm32u5xx_hal.o
 .debug_str     0x00002949      0xbf6 build/stm32u5xx_hal_rcc.o
 .debug_str     0x00002949      0x565 build/system_stm32u5xx.o
 .debug_str     0x00002949       0x5b build/startup_stm32u585xx.o
 .debug_str     0x00002949      0x202 /usr/lib/gcc/arm-none-eabi/13.2.1/../../../arm-none-eabi/lib/thumb/v8-m.main+fp/hard/libc_nano.a(libc_a-init.o)
 .debug_str     0x00002949      0x1b5 /usr/lib/gcc/arm-none-eabi/13.2.1/../../../arm-none-eabi/lib/thumb/v8-m.main+fp/hard/libc_nano.a(libc_a-memset.o)

.debug_frame    0x00000000      0xccc
 .debug_frame   0x00000000       0x70 build/main.o
 .debug_frame   0x00000070       0xa8 build/stm32u5xx_it.o
 .debug_frame   0x00000118       0x28 build/stm32u5xx_hal_msp.o
 .debug_frame   0x00000140      0x254 build/stm32u5xx_hal_cortex.o
 .debug_frame   0x00000394      0x3f8 build/stm32u5xx_hal_pwr_ex.o
 .debug_frame   0x0000078c      0x2a8 build/stm32u5xx_hal.o
 .debug_frame   0x00000a34      0x204 build/stm32u5xx_hal_rcc.o
 .debug_frame   0x00000c38       0x3c build/system_stm32u5xx.o
 .debug_frame   0x00000c74       0x2c /usr/lib/gcc/arm-none-eabi/13.2.1/../../../arm-none-eabi/lib/thumb/v8-m.main+fp/hard/libc_nano.a(libc_a-init.o)
 .debug_frame   0x00000ca0       0x2c /usr/lib/gcc/arm-none-eabi/13.2.1/../../../arm-none-eabi/lib/thumb/v8-m.main+fp/hard/libc_nano.a(libc_a-memset.o)

.debug_loclists
                0x00000000      0x227
 .debug_loclists
                0x00000000       0x65 /usr/lib/gcc/arm-none-eabi/13.2.1/../../../arm-none-eabi/lib/thumb/v8-m.main+fp/hard/libc_nano.a(libc_a-init.o)
 .debug_loclists
                0x00000065      0x1c2 /usr/lib/gcc/arm-none-eabi/13.2.1/../../../arm-none-eabi/lib/thumb/v8-m.main+fp/hard/libc_nano.a(libc_a-memset.o)

Cross Reference Table

Symbol                                            File
ADC1_IRQHandler                                   build/startup_stm32u585xx.o
ADC4_IRQHandler                                   build/startup_stm32u585xx.o
ADF1_IRQHandler                                   build/startup_stm32u585xx.o
AES_IRQHandler                                    build/startup_stm32u585xx.o
AHBPrescTable                                     build/system_stm32u5xx.o
                                                  build/stm32u5xx_hal_rcc.o
                                                  build/stm32u5xx_hal.o
APBPrescTable                                     build/system_stm32u5xx.o
                                                  build/stm32u5xx_hal_rcc.o
BusFault_Handler                                  build/stm32u5xx_it.o
COMP_IRQHandler                                   build/startup_stm32u585xx.o
CORDIC_IRQHandler                                 build/startup_stm32u585xx.o
CRS_IRQHandler                                    build/startup_stm32u585xx.o
DAC1_IRQHandler                                   build/startup_stm32u585xx.o
DCACHE1_IRQHandler                                build/startup_stm32u585xx.o
DCMI_PSSI_IRQHandler                              build/startup_stm32u585xx.o
DMA2D_IRQHandler                                  build/startup_stm32u585xx.o
DebugMon_Handler                                  build/stm32u5xx_it.o
Default_Handler                                   build/startup_stm32u585xx.o
EXTI0_IRQHandler                                  build/startup_stm32u585xx.o
EXTI10_IRQHandler                                 build/startup_stm32u585xx.o
EXTI11_IRQHandler                                 build/startup_stm32u585xx.o
EXTI12_IRQHandler                                 build/startup_stm32u585xx.o
EXTI13_IRQHandler                                 build/startup_stm32u585xx.o
EXTI14_IRQHandler                                 build/startup_stm32u585xx.o
EXTI15_IRQHandler                                 build/startup_stm32u585xx.o
EXTI1_IRQHandler                                  build/startup_stm32u585xx.o
EXTI2_IRQHandler                                  build/startup_stm32u585xx.o
EXTI3_IRQHandler                                  build/startup_stm32u585xx.o
EXTI4_IRQHandler                                  build/startup_stm32u585xx.o
EXTI5_IRQHandler                                  build/startup_stm32u585xx.o
EXTI6_IRQHandler                                  build/startup_stm32u585xx.o
EXTI7_IRQHandler                                  build/startup_stm32u585xx.o
EXTI8_IRQHandler                                  build/startup_stm32u585xx.o
EXTI9_IRQHandler                                  build/startup_stm32u585xx.o
Error_Handler                                     build/main.o
FDCAN1_IT0_IRQHandler                             build/startup_stm32u585xx.o
FDCAN1_IT1_IRQHandler                             build/startup_stm32u585xx.o
FLASH_IRQHandler                                  build/startup_stm32u585xx.o
FLASH_PageErase                                   build/stm32u5xx_hal_flash_ex.o
                                                  build/stm32u5xx_hal_flash.o
FLASH_S_IRQHandler                                build/startup_stm32u585xx.o
FLASH_WaitForLastOperation                        build/stm32u5xx_hal_flash.o
                                                  build/stm32u5xx_hal_flash_ex.o
FMAC_IRQHandler                                   build/startup_stm32u585xx.o
FMC_IRQHandler                                    build/startup_stm32u585xx.o
FPU_IRQHandler                                    build/startup_stm32u585xx.o
GPDMA1_Channel0_IRQHandler                        build/startup_stm32u585xx.o
GPDMA1_Channel10_IRQHandler                       build/startup_stm32u585xx.o
GPDMA1_Channel11_IRQHandler                       build/startup_stm32u585xx.o
GPDMA1_Channel12_IRQHandler                       build/startup_stm32u585xx.o
GPDMA1_Channel13_IRQHandler                       build/startup_stm32u585xx.o
GPDMA1_Channel14_IRQHandler                       build/startup_stm32u585xx.o
GPDMA1_Channel15_IRQHandler                       build/startup_stm32u585xx.o
GPDMA1_Channel1_IRQHandler                        build/startup_stm32u585xx.o
GPDMA1_Channel2_IRQHandler                        build/startup_stm32u585xx.o
GPDMA1_Channel3_IRQHandler                        build/startup_stm32u585xx.o
GPDMA1_Channel4_IRQHandler                        build/startup_stm32u585xx.o
GPDMA1_Channel5_IRQHandler                        build/startup_stm32u585xx.o
GPDMA1_Channel6_IRQHandler                        build/startup_stm32u585xx.o
GPDMA1_Channel7_IRQHandler                        build/startup_stm32u585xx.o
GPDMA1_Channel8_IRQHandler                        build/startup_stm32u585xx.o
GPDMA1_Channel9_IRQHandler                        build/startup_stm32u585xx.o
GTZC_IRQHandler                                   build/startup_stm32u585xx.o
HAL_DBGMCU_DisableDBGStandbyMode                  build/stm32u5xx_hal.o
HAL_DBGMCU_DisableDBGStopMode                     build/stm32u5xx_hal.o
HAL_DBGMCU_EnableDBGStandbyMode                   build/stm32u5xx_hal.o
HAL_DBGMCU_EnableDBGStopMode                      build/stm32u5xx_hal.o
HAL_DMAEx_ConfigDataHandling                      build/stm32u5xx_hal_dma_ex.o
HAL_DMAEx_ConfigRepeatBlock                       build/stm32u5xx_hal_dma_ex.o
HAL_DMAEx_ConfigTrigger                           build/stm32u5xx_hal_dma_ex.o
HAL_DMAEx_GetFifoLevel                            build/stm32u5xx_hal_dma_ex.o
HAL_DMAEx_List_BuildNode                          build/stm32u5xx_hal_dma_ex.o
HAL_DMAEx_List_ClearCircularMode                  build/stm32u5xx_hal_dma_ex.o
HAL_DMAEx_List_ConvertQToDynamic                  build/stm32u5xx_hal_dma_ex.o
HAL_DMAEx_List_ConvertQToStatic                   build/stm32u5xx_hal_dma_ex.o
HAL_DMAEx_List_DeInit                             build/stm32u5xx_hal_dma_ex.o
HAL_DMAEx_List_GetNodeConfig                      build/stm32u5xx_hal_dma_ex.o
HAL_DMAEx_List_Init                               build/stm32u5xx_hal_dma_ex.o
HAL_DMAEx_List_InsertNode                         build/stm32u5xx_hal_dma_ex.o
HAL_DMAEx_List_InsertNode_Head                    build/stm32u5xx_hal_dma_ex.o
HAL_DMAEx_List_InsertNode_Tail                    build/stm32u5xx_hal_dma_ex.o
HAL_DMAEx_List_InsertQ                            build/stm32u5xx_hal_dma_ex.o
HAL_DMAEx_List_InsertQ_Head                       build/stm32u5xx_hal_dma_ex.o
HAL_DMAEx_List_InsertQ_Tail                       build/stm32u5xx_hal_dma_ex.o
HAL_DMAEx_List_LinkQ                              build/stm32u5xx_hal_dma_ex.o
HAL_DMAEx_List_RemoveNode                         build/stm32u5xx_hal_dma_ex.o
HAL_DMAEx_List_RemoveNode_Head                    build/stm32u5xx_hal_dma_ex.o
HAL_DMAEx_List_RemoveNode_Tail                    build/stm32u5xx_hal_dma_ex.o
HAL_DMAEx_List_ReplaceNode                        build/stm32u5xx_hal_dma_ex.o
HAL_DMAEx_List_ReplaceNode_Head                   build/stm32u5xx_hal_dma_ex.o
HAL_DMAEx_List_ReplaceNode_Tail                   build/stm32u5xx_hal_dma_ex.o
HAL_DMAEx_List_ResetQ                             build/stm32u5xx_hal_dma_ex.o
HAL_DMAEx_List_SetCircularMode                    build/stm32u5xx_hal_dma_ex.o
HAL_DMAEx_List_SetCircularModeConfig              build/stm32u5xx_hal_dma_ex.o
HAL_DMAEx_List_Start                              build/stm32u5xx_hal_dma_ex.o
HAL_DMAEx_List_Start_IT                           build/stm32u5xx_hal_dma_ex.o
HAL_DMAEx_List_UnLinkQ                            build/stm32u5xx_hal_dma_ex.o
HAL_DMAEx_Resume                                  build/stm32u5xx_hal_dma_ex.o
HAL_DMAEx_Suspend                                 build/stm32u5xx_hal_dma_ex.o
HAL_DMAEx_Suspend_IT                              build/stm32u5xx_hal_dma_ex.o
HAL_DMA_Abort                                     build/stm32u5xx_hal_dma.o
HAL_DMA_Abort_IT                                  build/stm32u5xx_hal_dma.o
HAL_DMA_ConfigChannelAttributes                   build/stm32u5xx_hal_dma.o
HAL_DMA_DeInit                                    build/stm32u5xx_hal_dma.o
HAL_DMA_GetConfigChannelAttributes                build/stm32u5xx_hal_dma.o
HAL_DMA_GetError                                  build/stm32u5xx_hal_dma.o
HAL_DMA_GetLockChannelAttributes                  build/stm32u5xx_hal_dma.o
HAL_DMA_GetState                                  build/stm32u5xx_hal_dma.o
HAL_DMA_IRQHandler                                build/stm32u5xx_hal_dma.o
HAL_DMA_Init                                      build/stm32u5xx_hal_dma.o
HAL_DMA_PollForTransfer                           build/stm32u5xx_hal_dma.o
HAL_DMA_RegisterCallback                          build/stm32u5xx_hal_dma.o
HAL_DMA_Start                                     build/stm32u5xx_hal_dma.o
HAL_DMA_Start_IT                                  build/stm32u5xx_hal_dma.o
HAL_DMA_UnRegisterCallback                        build/stm32u5xx_hal_dma.o
HAL_DeInit                                        build/stm32u5xx_hal.o
HAL_Delay                                         build/stm32u5xx_hal.o
HAL_EXTI_ClearConfigLine                          build/stm32u5xx_hal_exti.o
HAL_EXTI_ClearPending                             build/stm32u5xx_hal_exti.o
HAL_EXTI_ConfigLineAttributes                     build/stm32u5xx_hal_exti.o
HAL_EXTI_GenerateSWI                              build/stm32u5xx_hal_exti.o
HAL_EXTI_GetConfigLine                            build/stm32u5xx_hal_exti.o
HAL_EXTI_GetConfigLineAttributes                  build/stm32u5xx_hal_exti.o
HAL_EXTI_GetHandle                                build/stm32u5xx_hal_exti.o
HAL_EXTI_GetPending                               build/stm32u5xx_hal_exti.o
HAL_EXTI_IRQHandler                               build/stm32u5xx_hal_exti.o
HAL_EXTI_RegisterCallback                         build/stm32u5xx_hal_exti.o
HAL_EXTI_SetConfigLine                            build/stm32u5xx_hal_exti.o
HAL_FLASHEx_ConfigBBAttributes                    build/stm32u5xx_hal_flash_ex.o
HAL_FLASHEx_ConfigLowPowerRead                    build/stm32u5xx_hal_flash_ex.o
HAL_FLASHEx_ConfigPrivMode                        build/stm32u5xx_hal_flash_ex.o
HAL_FLASHEx_EnablePowerDown                       build/stm32u5xx_hal_flash_ex.o
HAL_FLASHEx_Erase                                 build/stm32u5xx_hal_flash_ex.o
HAL_FLASHEx_Erase_IT                              build/stm32u5xx_hal_flash_ex.o
HAL_FLASHEx_GetConfigBBAttributes                 build/stm32u5xx_hal_flash_ex.o
HAL_FLASHEx_GetLowPowerRead                       build/stm32u5xx_hal_flash_ex.o
HAL_FLASHEx_GetOperation                          build/stm32u5xx_hal_flash_ex.o
HAL_FLASHEx_GetPrivMode                           build/stm32u5xx_hal_flash_ex.o
HAL_FLASHEx_OBGetConfig                           build/stm32u5xx_hal_flash_ex.o
HAL_FLASHEx_OBProgram                             build/stm32u5xx_hal_flash_ex.o
HAL_FLASH_EndOfOperationCallback                  build/stm32u5xx_hal_flash.o
HAL_FLASH_GetError                                build/stm32u5xx_hal_flash.o
HAL_FLASH_IRQHandler                              build/stm32u5xx_hal_flash.o
HAL_FLASH_Lock                                    build/stm32u5xx_hal_flash.o
HAL_FLASH_OB_Launch                               build/stm32u5xx_hal_flash.o
HAL_FLASH_OB_Lock                                 build/stm32u5xx_hal_flash.o
HAL_FLASH_OB_Unlock                               build/stm32u5xx_hal_flash.o
HAL_FLASH_OperationErrorCallback                  build/stm32u5xx_hal_flash.o
HAL_FLASH_Program                                 build/stm32u5xx_hal_flash.o
HAL_FLASH_Program_IT                              build/stm32u5xx_hal_flash.o
HAL_FLASH_Unlock                                  build/stm32u5xx_hal_flash.o
HAL_GPIO_DeInit                                   build/stm32u5xx_hal_gpio.o
HAL_GPIO_DisableHighSPeedLowVoltage               build/stm32u5xx_hal_gpio.o
HAL_GPIO_EXTI_Falling_Callback                    build/stm32u5xx_hal_gpio.o
HAL_GPIO_EXTI_IRQHandler                          build/stm32u5xx_hal_gpio.o
HAL_GPIO_EXTI_Rising_Callback                     build/stm32u5xx_hal_gpio.o
HAL_GPIO_EnableHighSPeedLowVoltage                build/stm32u5xx_hal_gpio.o
HAL_GPIO_Init                                     build/stm32u5xx_hal_gpio.o
                                                  build/stm32u5xx_hal_rcc.o
HAL_GPIO_LockPin                                  build/stm32u5xx_hal_gpio.o
HAL_GPIO_ReadPin                                  build/stm32u5xx_hal_gpio.o
HAL_GPIO_TogglePin                                build/stm32u5xx_hal_gpio.o
HAL_GPIO_WriteMultipleStatePin                    build/stm32u5xx_hal_gpio.o
HAL_GPIO_WritePin                                 build/stm32u5xx_hal_gpio.o
HAL_GetDEVID                                      build/stm32u5xx_hal.o
HAL_GetHalVersion                                 build/stm32u5xx_hal.o
HAL_GetREVID                                      build/stm32u5xx_hal.o
HAL_GetTick                                       build/stm32u5xx_hal.o
                                                  build/stm32u5xx_hal_dma_ex.o
                                                  build/stm32u5xx_hal_dma.o
                                                  build/stm32u5xx_hal_flash_ex.o
                                                  build/stm32u5xx_hal_flash.o
                                                  build/stm32u5xx_hal_rcc_ex.o
                                                  build/stm32u5xx_hal_rcc.o
HAL_GetTickFreq                                   build/stm32u5xx_hal.o
HAL_GetTickPrio                                   build/stm32u5xx_hal.o
HAL_GetUIDw0                                      build/stm32u5xx_hal.o
HAL_GetUIDw1                                      build/stm32u5xx_hal.o
HAL_GetUIDw2                                      build/stm32u5xx_hal.o
HAL_IncTick                                       build/stm32u5xx_hal.o
                                                  build/stm32u5xx_it.o
HAL_Init                                          build/stm32u5xx_hal.o
                                                  build/main.o
HAL_InitTick                                      build/stm32u5xx_hal.o
                                                  build/stm32u5xx_hal_rcc.o
HAL_MPU_ConfigMemoryAttributes                    build/stm32u5xx_hal_cortex.o
HAL_MPU_ConfigRegion                              build/stm32u5xx_hal_cortex.o
HAL_MPU_Disable                                   build/stm32u5xx_hal_cortex.o
HAL_MPU_DisableRegion                             build/stm32u5xx_hal_cortex.o
HAL_MPU_Enable                                    build/stm32u5xx_hal_cortex.o
HAL_MPU_EnableRegion                              build/stm32u5xx_hal_cortex.o
HAL_MspDeInit                                     build/stm32u5xx_hal.o
HAL_MspInit                                       build/stm32u5xx_hal_msp.o
HAL_NVIC_ClearPendingIRQ                          build/stm32u5xx_hal_cortex.o
HAL_NVIC_DisableIRQ                               build/stm32u5xx_hal_cortex.o
HAL_NVIC_EnableIRQ                                build/stm32u5xx_hal_cortex.o
HAL_NVIC_GetActive                                build/stm32u5xx_hal_cortex.o
HAL_NVIC_GetPendingIRQ                            build/stm32u5xx_hal_cortex.o
HAL_NVIC_GetPriority                              build/stm32u5xx_hal_cortex.o
HAL_NVIC_GetPriorityGrouping                      build/stm32u5xx_hal_cortex.o
HAL_NVIC_SetPendingIRQ                            build/stm32u5xx_hal_cortex.o
HAL_NVIC_SetPriority                              build/stm32u5xx_hal_cortex.o
                                                  build/stm32u5xx_hal.o
HAL_NVIC_SetPriorityGrouping                      build/stm32u5xx_hal_cortex.o
                                                  build/stm32u5xx_hal.o
HAL_NVIC_SystemReset                              build/stm32u5xx_hal_cortex.o
HAL_PWREx_AVM1Callback                            build/stm32u5xx_hal_pwr_ex.o
HAL_PWREx_AVM2Callback                            build/stm32u5xx_hal_pwr_ex.o
HAL_PWREx_ConfigPVM                               build/stm32u5xx_hal_pwr_ex.o
HAL_PWREx_ConfigSRDDomain                         build/stm32u5xx_hal_pwr_ex.o
HAL_PWREx_ConfigSupply                            build/stm32u5xx_hal_pwr_ex.o
HAL_PWREx_ControlVoltageScaling                   build/stm32u5xx_hal_pwr_ex.o
                                                  build/main.o
HAL_PWREx_DisableAVM1                             build/stm32u5xx_hal_pwr_ex.o
HAL_PWREx_DisableAVM2                             build/stm32u5xx_hal_pwr_ex.o
HAL_PWREx_DisableBatteryCharging                  build/stm32u5xx_hal_pwr_ex.o
HAL_PWREx_DisableBkupRAMRetention                 build/stm32u5xx_hal_pwr_ex.o
HAL_PWREx_DisableFastSoftStart                    build/stm32u5xx_hal_pwr_ex.o
HAL_PWREx_DisableFlashFastWakeUp                  build/stm32u5xx_hal_pwr_ex.o
HAL_PWREx_DisableGPIOPullDown                     build/stm32u5xx_hal_pwr_ex.o
HAL_PWREx_DisableGPIOPullUp                       build/stm32u5xx_hal_pwr_ex.o
HAL_PWREx_DisableIO2VM                            build/stm32u5xx_hal_pwr_ex.o
HAL_PWREx_DisableMonitoring                       build/stm32u5xx_hal_pwr_ex.o
HAL_PWREx_DisablePullUpPullDownConfig             build/stm32u5xx_hal_pwr_ex.o
HAL_PWREx_DisableRAMsContentRunRetention          build/stm32u5xx_hal_pwr_ex.o
HAL_PWREx_DisableRAMsContentStopRetention         build/stm32u5xx_hal_pwr_ex.o
HAL_PWREx_DisableSRAM2ContentStandbyRetention     build/stm32u5xx_hal_pwr_ex.o
HAL_PWREx_DisableSRAM4FastWakeUp                  build/stm32u5xx_hal_pwr_ex.o
HAL_PWREx_DisableUCPDDeadBattery                  build/stm32u5xx_hal_pwr_ex.o
                                                  build/main.o
HAL_PWREx_DisableUCPDStandbyMode                  build/stm32u5xx_hal_pwr_ex.o
HAL_PWREx_DisableUVM                              build/stm32u5xx_hal_pwr_ex.o
HAL_PWREx_DisableUltraLowPowerMode                build/stm32u5xx_hal_pwr_ex.o
HAL_PWREx_DisableVddA                             build/stm32u5xx_hal_pwr_ex.o
HAL_PWREx_DisableVddIO2                           build/stm32u5xx_hal_pwr_ex.o
HAL_PWREx_DisableVddUSB                           build/stm32u5xx_hal_pwr_ex.o
HAL_PWREx_EnableAVM1                              build/stm32u5xx_hal_pwr_ex.o
HAL_PWREx_EnableAVM2                              build/stm32u5xx_hal_pwr_ex.o
HAL_PWREx_EnableBatteryCharging                   build/stm32u5xx_hal_pwr_ex.o
HAL_PWREx_EnableBkupRAMRetention                  build/stm32u5xx_hal_pwr_ex.o
HAL_PWREx_EnableFastSoftStart                     build/stm32u5xx_hal_pwr_ex.o
HAL_PWREx_EnableFlashFastWakeUp                   build/stm32u5xx_hal_pwr_ex.o
HAL_PWREx_EnableGPIOPullDown                      build/stm32u5xx_hal_pwr_ex.o
HAL_PWREx_EnableGPIOPullUp                        build/stm32u5xx_hal_pwr_ex.o
HAL_PWREx_EnableIO2VM                             build/stm32u5xx_hal_pwr_ex.o
HAL_PWREx_EnableMonitoring                        build/stm32u5xx_hal_pwr_ex.o
HAL_PWREx_EnablePullUpPullDownConfig              build/stm32u5xx_hal_pwr_ex.o
HAL_PWREx_EnableRAMsContentRunRetention           build/stm32u5xx_hal_pwr_ex.o
HAL_PWREx_EnableRAMsContentStopRetention          build/stm32u5xx_hal_pwr_ex.o
HAL_PWREx_EnableSRAM2ContentStandbyRetention      build/stm32u5xx_hal_pwr_ex.o
HAL_PWREx_EnableSRAM4FastWakeUp                   build/stm32u5xx_hal_pwr_ex.o
HAL_PWREx_EnableUCPDDeadBattery                   build/stm32u5xx_hal_pwr_ex.o
HAL_PWREx_EnableUCPDStandbyMode                   build/stm32u5xx_hal_pwr_ex.o
HAL_PWREx_EnableUVM                               build/stm32u5xx_hal_pwr_ex.o
HAL_PWREx_EnableUltraLowPowerMode                 build/stm32u5xx_hal_pwr_ex.o
HAL_PWREx_EnableVddA                              build/stm32u5xx_hal_pwr_ex.o
HAL_PWREx_EnableVddIO2                            build/stm32u5xx_hal_pwr_ex.o
HAL_PWREx_EnableVddUSB                            build/stm32u5xx_hal_pwr_ex.o
HAL_PWREx_EnterSHUTDOWNMode                       build/stm32u5xx_hal_pwr_ex.o
HAL_PWREx_EnterSTOP1Mode                          build/stm32u5xx_hal_pwr_ex.o
HAL_PWREx_EnterSTOP2Mode                          build/stm32u5xx_hal_pwr_ex.o
HAL_PWREx_EnterSTOP3Mode                          build/stm32u5xx_hal_pwr_ex.o
HAL_PWREx_GetSupplyConfig                         build/stm32u5xx_hal_pwr_ex.o
HAL_PWREx_GetVoltageRange                         build/stm32u5xx_hal_pwr_ex.o
                                                  build/stm32u5xx_hal_rcc.o
HAL_PWREx_IO2VMCallback                           build/stm32u5xx_hal_pwr_ex.o
HAL_PWREx_PVD_PVM_IRQHandler                      build/stm32u5xx_hal_pwr_ex.o
HAL_PWREx_S3WUCallback                            build/stm32u5xx_hal_pwr_ex.o
HAL_PWREx_S3WU_IRQHandler                         build/stm32u5xx_hal_pwr_ex.o
HAL_PWREx_UVMCallback                             build/stm32u5xx_hal_pwr_ex.o
HAL_PWR_ConfigAttributes                          build/stm32u5xx_hal_pwr.o
HAL_PWR_ConfigPVD                                 build/stm32u5xx_hal_pwr.o
HAL_PWR_DeInit                                    build/stm32u5xx_hal_pwr.o
HAL_PWR_DisableBkUpAccess                         build/stm32u5xx_hal_pwr.o
                                                  build/stm32u5xx_hal_rcc_ex.o
HAL_PWR_DisablePVD                                build/stm32u5xx_hal_pwr.o
HAL_PWR_DisableSEVOnPend                          build/stm32u5xx_hal_pwr.o
HAL_PWR_DisableSleepOnExit                        build/stm32u5xx_hal_pwr.o
HAL_PWR_DisableWakeUpPin                          build/stm32u5xx_hal_pwr.o
HAL_PWR_EnableBkUpAccess                          build/stm32u5xx_hal_pwr.o
                                                  build/stm32u5xx_hal_rcc_ex.o
HAL_PWR_EnablePVD                                 build/stm32u5xx_hal_pwr.o
HAL_PWR_EnableSEVOnPend                           build/stm32u5xx_hal_pwr.o
HAL_PWR_EnableSleepOnExit                         build/stm32u5xx_hal_pwr.o
HAL_PWR_EnableWakeUpPin                           build/stm32u5xx_hal_pwr.o
HAL_PWR_EnterSLEEPMode                            build/stm32u5xx_hal_pwr.o
HAL_PWR_EnterSTANDBYMode                          build/stm32u5xx_hal_pwr.o
HAL_PWR_EnterSTOPMode                             build/stm32u5xx_hal_pwr.o
HAL_PWR_GetConfigAttributes                       build/stm32u5xx_hal_pwr.o
HAL_PWR_PVDCallback                               build/stm32u5xx_hal_pwr.o
                                                  build/stm32u5xx_hal_pwr_ex.o
HAL_PWR_PVD_IRQHandler                            build/stm32u5xx_hal_pwr.o
HAL_RCCEx_CRSConfig                               build/stm32u5xx_hal_rcc_ex.o
HAL_RCCEx_CRSGetSynchronizationInfo               build/stm32u5xx_hal_rcc_ex.o
HAL_RCCEx_CRSSoftwareSynchronizationGenerate      build/stm32u5xx_hal_rcc_ex.o
HAL_RCCEx_CRSWaitSynchronization                  build/stm32u5xx_hal_rcc_ex.o
HAL_RCCEx_CRS_ErrorCallback                       build/stm32u5xx_hal_rcc_ex.o
HAL_RCCEx_CRS_ExpectedSyncCallback                build/stm32u5xx_hal_rcc_ex.o
HAL_RCCEx_CRS_IRQHandler                          build/stm32u5xx_hal_rcc_ex.o
HAL_RCCEx_CRS_SyncOkCallback                      build/stm32u5xx_hal_rcc_ex.o
HAL_RCCEx_CRS_SyncWarnCallback                    build/stm32u5xx_hal_rcc_ex.o
HAL_RCCEx_DisableLSCO                             build/stm32u5xx_hal_rcc_ex.o
HAL_RCCEx_DisableLSECSS                           build/stm32u5xx_hal_rcc_ex.o
HAL_RCCEx_DisableMSIPLLFastStartup                build/stm32u5xx_hal_rcc_ex.o
HAL_RCCEx_DisableMSIPLLMode                       build/stm32u5xx_hal_rcc_ex.o
HAL_RCCEx_DisablePLL2                             build/stm32u5xx_hal_rcc_ex.o
HAL_RCCEx_DisablePLL3                             build/stm32u5xx_hal_rcc_ex.o
HAL_RCCEx_EnableLSCO                              build/stm32u5xx_hal_rcc_ex.o
HAL_RCCEx_EnableLSECSS                            build/stm32u5xx_hal_rcc_ex.o
HAL_RCCEx_EnableLSECSS_IT                         build/stm32u5xx_hal_rcc_ex.o
HAL_RCCEx_EnableMSIPLLFastStartup                 build/stm32u5xx_hal_rcc_ex.o
HAL_RCCEx_EnableMSIPLLMode                        build/stm32u5xx_hal_rcc_ex.o
HAL_RCCEx_EnableMSIPLLModeSelection               build/stm32u5xx_hal_rcc_ex.o
HAL_RCCEx_EnableMSIPLLUNLCK_IT                    build/stm32u5xx_hal_rcc_ex.o
HAL_RCCEx_EnablePLL2                              build/stm32u5xx_hal_rcc_ex.o
HAL_RCCEx_EnablePLL3                              build/stm32u5xx_hal_rcc_ex.o
HAL_RCCEx_GetPLL1ClockFreq                        build/stm32u5xx_hal_rcc_ex.o
HAL_RCCEx_GetPLL2ClockFreq                        build/stm32u5xx_hal_rcc_ex.o
HAL_RCCEx_GetPLL3ClockFreq                        build/stm32u5xx_hal_rcc_ex.o
HAL_RCCEx_GetPeriphCLKConfig                      build/stm32u5xx_hal_rcc_ex.o
HAL_RCCEx_GetPeriphCLKFreq                        build/stm32u5xx_hal_rcc_ex.o
HAL_RCCEx_KerWakeUpStopCLKConfig                  build/stm32u5xx_hal_rcc_ex.o
HAL_RCCEx_LSECSS_Callback                         build/stm32u5xx_hal_rcc_ex.o
HAL_RCCEx_LSECSS_IRQHandler                       build/stm32u5xx_hal_rcc_ex.o
HAL_RCCEx_MSIPLLUNLCK_Callback                    build/stm32u5xx_hal_rcc_ex.o
HAL_RCCEx_MSIPLLUNLCK_IRQHandler                  build/stm32u5xx_hal_rcc_ex.o
HAL_RCCEx_PeriphCLKConfig                         build/stm32u5xx_hal_rcc_ex.o
HAL_RCCEx_StandbyMSIKRangeConfig                  build/stm32u5xx_hal_rcc_ex.o
HAL_RCCEx_StandbyMSIRangeConfig                   build/stm32u5xx_hal_rcc_ex.o
HAL_RCCEx_WakeUpStopCLKConfig                     build/stm32u5xx_hal_rcc_ex.o
HAL_RCC_CSSCallback                               build/stm32u5xx_hal_rcc.o
HAL_RCC_ClockConfig                               build/stm32u5xx_hal_rcc.o
                                                  build/main.o
HAL_RCC_ConfigAttributes                          build/stm32u5xx_hal_rcc.o
HAL_RCC_DeInit                                    build/stm32u5xx_hal_rcc.o
HAL_RCC_EnableCSS                                 build/stm32u5xx_hal_rcc.o
HAL_RCC_GetClockConfig                            build/stm32u5xx_hal_rcc.o
HAL_RCC_GetConfigAttributes                       build/stm32u5xx_hal_rcc.o
HAL_RCC_GetHCLKFreq                               build/stm32u5xx_hal_rcc.o
                                                  build/stm32u5xx_hal_rcc_ex.o
HAL_RCC_GetOscConfig                              build/stm32u5xx_hal_rcc.o
HAL_RCC_GetPCLK1Freq                              build/stm32u5xx_hal_rcc.o
                                                  build/stm32u5xx_hal_rcc_ex.o
HAL_RCC_GetPCLK2Freq                              build/stm32u5xx_hal_rcc.o
                                                  build/stm32u5xx_hal_rcc_ex.o
HAL_RCC_GetPCLK3Freq                              build/stm32u5xx_hal_rcc.o
                                                  build/stm32u5xx_hal_rcc_ex.o
HAL_RCC_GetResetSource                            build/stm32u5xx_hal_rcc.o
HAL_RCC_GetSysClockFreq                           build/stm32u5xx_hal_rcc.o
                                                  build/stm32u5xx_hal_rcc_ex.o
                                                  build/stm32u5xx_hal.o
HAL_RCC_MCOConfig                                 build/stm32u5xx_hal_rcc.o
HAL_RCC_NMI_IRQHandler                            build/stm32u5xx_hal_rcc.o
HAL_RCC_OscConfig                                 build/stm32u5xx_hal_rcc.o
                                                  build/main.o
HAL_ResumeTick                                    build/stm32u5xx_hal.o
HAL_SYSCFG_DisableIOAnalogBooster                 build/stm32u5xx_hal.o
HAL_SYSCFG_DisableIOAnalogVoltageSelection        build/stm32u5xx_hal.o
HAL_SYSCFG_DisableVREFBUF                         build/stm32u5xx_hal.o
HAL_SYSCFG_DisableVddCompensationCell             build/stm32u5xx_hal.o
HAL_SYSCFG_DisableVddIO2CompensationCell          build/stm32u5xx_hal.o
HAL_SYSCFG_EnableIOAnalogBooster                  build/stm32u5xx_hal.o
HAL_SYSCFG_EnableIOAnalogVoltageSelection         build/stm32u5xx_hal.o
HAL_SYSCFG_EnableVREFBUF                          build/stm32u5xx_hal.o
HAL_SYSCFG_EnableVddCompensationCell              build/stm32u5xx_hal.o
HAL_SYSCFG_EnableVddIO2CompensationCell           build/stm32u5xx_hal.o
HAL_SYSCFG_GetLock                                build/stm32u5xx_hal.o
HAL_SYSCFG_Lock                                   build/stm32u5xx_hal.o
HAL_SYSCFG_VREFBUF_HighImpedanceConfig            build/stm32u5xx_hal.o
HAL_SYSCFG_VREFBUF_TrimmingConfig                 build/stm32u5xx_hal.o
HAL_SYSCFG_VREFBUF_VoltageScalingConfig           build/stm32u5xx_hal.o
HAL_SYSTICK_CLKSourceConfig                       build/stm32u5xx_hal_cortex.o
                                                  build/stm32u5xx_hal.o
HAL_SYSTICK_Callback                              build/stm32u5xx_hal_cortex.o
HAL_SYSTICK_Config                                build/stm32u5xx_hal_cortex.o
                                                  build/stm32u5xx_hal.o
HAL_SYSTICK_GetCLKSourceConfig                    build/stm32u5xx_hal_cortex.o
                                                  build/stm32u5xx_hal.o
HAL_SYSTICK_IRQHandler                            build/stm32u5xx_hal_cortex.o
HAL_SetTickFreq                                   build/stm32u5xx_hal.o
HAL_SuspendTick                                   build/stm32u5xx_hal.o
HASH_IRQHandler                                   build/startup_stm32u585xx.o
HardFault_Handler                                 build/stm32u5xx_it.o
I2C1_ER_IRQHandler                                build/startup_stm32u585xx.o
I2C1_EV_IRQHandler                                build/startup_stm32u585xx.o
I2C2_ER_IRQHandler                                build/startup_stm32u585xx.o
I2C2_EV_IRQHandler                                build/startup_stm32u585xx.o
I2C3_ER_IRQHandler                                build/startup_stm32u585xx.o
I2C3_EV_IRQHandler                                build/startup_stm32u585xx.o
I2C4_ER_IRQHandler                                build/startup_stm32u585xx.o
I2C4_EV_IRQHandler                                build/startup_stm32u585xx.o
ICACHE_IRQHandler                                 build/startup_stm32u585xx.o
IWDG_IRQHandler                                   build/startup_stm32u585xx.o
LPDMA1_Channel0_IRQHandler                        build/startup_stm32u585xx.o
LPDMA1_Channel1_IRQHandler                        build/startup_stm32u585xx.o
LPDMA1_Channel2_IRQHandler                        build/startup_stm32u585xx.o
LPDMA1_Channel3_IRQHandler                        build/startup_stm32u585xx.o
LPTIM1_IRQHandler                                 build/startup_stm32u585xx.o
LPTIM2_IRQHandler                                 build/startup_stm32u585xx.o
LPTIM3_IRQHandler                                 build/startup_stm32u585xx.o
LPTIM4_IRQHandler                                 build/startup_stm32u585xx.o
LPUART1_IRQHandler                                build/startup_stm32u585xx.o
LSECSSD_IRQHandler                                build/startup_stm32u585xx.o
MDF1_FLT0_IRQHandler                              build/startup_stm32u585xx.o
MDF1_FLT1_IRQHandler                              build/startup_stm32u585xx.o
MDF1_FLT2_IRQHandler                              build/startup_stm32u585xx.o
MDF1_FLT3_IRQHandler                              build/startup_stm32u585xx.o
MDF1_FLT4_IRQHandler                              build/startup_stm32u585xx.o
MDF1_FLT5_IRQHandler                              build/startup_stm32u585xx.o
MSIRangeTable                                     build/system_stm32u5xx.o
                                                  build/stm32u5xx_hal_rcc_ex.o
                                                  build/stm32u5xx_hal_rcc.o
MemManage_Handler                                 build/stm32u5xx_it.o
NMI_Handler                                       build/stm32u5xx_it.o
OCTOSPI1_IRQHandler                               build/startup_stm32u585xx.o
OCTOSPI2_IRQHandler                               build/startup_stm32u585xx.o
OTFDEC1_IRQHandler                                build/startup_stm32u585xx.o
OTFDEC2_IRQHandler                                build/startup_stm32u585xx.o
OTG_FS_IRQHandler                                 build/startup_stm32u585xx.o
PKA_IRQHandler                                    build/startup_stm32u585xx.o
PVD_PVM_IRQHandler                                build/startup_stm32u585xx.o
PWR_S3WU_IRQHandler                               build/startup_stm32u585xx.o
PendSV_Handler                                    build/stm32u5xx_it.o
RAMCFG_IRQHandler                                 build/startup_stm32u585xx.o
RCC_IRQHandler                                    build/startup_stm32u585xx.o
RCC_S_IRQHandler                                  build/startup_stm32u585xx.o
RNG_IRQHandler                                    build/startup_stm32u585xx.o
RTC_IRQHandler                                    build/startup_stm32u585xx.o
RTC_S_IRQHandler                                  build/startup_stm32u585xx.o
Reset_Handler                                     build/startup_stm32u585xx.o
SAES_IRQHandler                                   build/startup_stm32u585xx.o
SAI1_IRQHandler                                   build/startup_stm32u585xx.o
SAI2_IRQHandler                                   build/startup_stm32u585xx.o
SDMMC1_IRQHandler                                 build/startup_stm32u585xx.o
SDMMC2_IRQHandler                                 build/startup_stm32u585xx.o
SPI1_IRQHandler                                   build/startup_stm32u585xx.o
SPI2_IRQHandler                                   build/startup_stm32u585xx.o
SPI3_IRQHandler                                   build/startup_stm32u585xx.o
SVC_Handler                                       build/stm32u5xx_it.o
SecureFault_Handler                               build/startup_stm32u585xx.o
SysTick_Handler                                   build/stm32u5xx_it.o
SystemClock_Config                                build/main.o
SystemCoreClock                                   build/system_stm32u5xx.o
                                                  build/stm32u5xx_hal_rcc.o
                                                  build/stm32u5xx_hal.o
                                                  build/stm32u5xx_hal_pwr_ex.o
SystemCoreClockUpdate                             build/system_stm32u5xx.o
SystemInit                                        build/system_stm32u5xx.o
                                                  build/startup_stm32u585xx.o
TAMP_IRQHandler                                   build/startup_stm32u585xx.o
TIM15_IRQHandler                                  build/startup_stm32u585xx.o
TIM16_IRQHandler                                  build/startup_stm32u585xx.o
TIM17_IRQHandler                                  build/startup_stm32u585xx.o
TIM1_BRK_IRQHandler                               build/startup_stm32u585xx.o
TIM1_CC_IRQHandler                                build/startup_stm32u585xx.o
TIM1_TRG_COM_IRQHandler                           build/startup_stm32u585xx.o
TIM1_UP_IRQHandler                                build/startup_stm32u585xx.o
TIM2_IRQHandler                                   build/startup_stm32u585xx.o
TIM3_IRQHandler                                   build/startup_stm32u585xx.o
TIM4_IRQHandler                                   build/startup_stm32u585xx.o
TIM5_IRQHandler                                   build/startup_stm32u585xx.o
TIM6_IRQHandler                                   build/startup_stm32u585xx.o
TIM7_IRQHandler                                   build/startup_stm32u585xx.o
TIM8_BRK_IRQHandler                               build/startup_stm32u585xx.o
TIM8_CC_IRQHandler                                build/startup_stm32u585xx.o
TIM8_TRG_COM_IRQHandler                           build/startup_stm32u585xx.o
TIM8_UP_IRQHandler                                build/startup_stm32u585xx.o
TSC_IRQHandler                                    build/startup_stm32u585xx.o
UART4_IRQHandler                                  build/startup_stm32u585xx.o
UART5_IRQHandler                                  build/startup_stm32u585xx.o
UCPD1_IRQHandler                                  build/startup_stm32u585xx.o
USART1_IRQHandler                                 build/startup_stm32u585xx.o
USART2_IRQHandler                                 build/startup_stm32u585xx.o
USART3_IRQHandler                                 build/startup_stm32u585xx.o
UsageFault_Handler                                build/stm32u5xx_it.o
WWDG_IRQHandler                                   build/startup_stm32u585xx.o
_ITM_deregisterTMCloneTable                       /usr/lib/gcc/arm-none-eabi/13.2.1/thumb/v8-m.main+fp/hard/crtbegin.o
_ITM_registerTMCloneTable                         /usr/lib/gcc/arm-none-eabi/13.2.1/thumb/v8-m.main+fp/hard/crtbegin.o
_Min_Stack_Size                                   build/sysmem.o
__TMC_END__                                       /usr/lib/gcc/arm-none-eabi/13.2.1/thumb/v8-m.main+fp/hard/crtend.o
                                                  /usr/lib/gcc/arm-none-eabi/13.2.1/thumb/v8-m.main+fp/hard/crtbegin.o
__atexit                                          /usr/lib/gcc/arm-none-eabi/13.2.1/../../../arm-none-eabi/lib/thumb/v8-m.main+fp/hard/libc_nano.a(libc_a-__call_atexit.o)
                                                  /usr/lib/gcc/arm-none-eabi/13.2.1/../../../arm-none-eabi/lib/thumb/v8-m.main+fp/hard/libc_nano.a(libc_a-__atexit.o)
__atexit0                                         /usr/lib/gcc/arm-none-eabi/13.2.1/../../../arm-none-eabi/lib/thumb/v8-m.main+fp/hard/libc_nano.a(libc_a-__atexit.o)
__atexit_dummy                                    /usr/lib/gcc/arm-none-eabi/13.2.1/../../../arm-none-eabi/lib/thumb/v8-m.main+fp/hard/libc_nano.a(libc_a-__atexit.o)
__bss_end__                                       /usr/lib/gcc/arm-none-eabi/13.2.1/../../../arm-none-eabi/lib/thumb/v8-m.main+fp/hard/crt0.o
__bss_start__                                     /usr/lib/gcc/arm-none-eabi/13.2.1/../../../arm-none-eabi/lib/thumb/v8-m.main+fp/hard/crt0.o
__call_exitprocs                                  /usr/lib/gcc/arm-none-eabi/13.2.1/../../../arm-none-eabi/lib/thumb/v8-m.main+fp/hard/libc_nano.a(libc_a-__call_atexit.o)
                                                  /usr/lib/gcc/arm-none-eabi/13.2.1/../../../arm-none-eabi/lib/thumb/v8-m.main+fp/hard/libc_nano.a(libc_a-__atexit.o)
                                                  /usr/lib/gcc/arm-none-eabi/13.2.1/../../../arm-none-eabi/lib/thumb/v8-m.main+fp/hard/libc_nano.a(libc_a-exit.o)
__deregister_frame_info                           /usr/lib/gcc/arm-none-eabi/13.2.1/thumb/v8-m.main+fp/hard/crtbegin.o
__dso_handle                                      /usr/lib/gcc/arm-none-eabi/13.2.1/thumb/v8-m.main+fp/hard/crtbegin.o
__env                                             build/syscalls.o
__errno                                           /usr/lib/gcc/arm-none-eabi/13.2.1/../../../arm-none-eabi/lib/thumb/v8-m.main+fp/hard/libc_nano.a(libc_a-errno.o)
                                                  build/syscalls.o
                                                  build/sysmem.o
__fini_array_end                                  /usr/lib/gcc/arm-none-eabi/13.2.1/../../../arm-none-eabi/lib/thumb/v8-m.main+fp/hard/libc_nano.a(libc_a-fini.o)
__fini_array_start                                /usr/lib/gcc/arm-none-eabi/13.2.1/../../../arm-none-eabi/lib/thumb/v8-m.main+fp/hard/libc_nano.a(libc_a-fini.o)
__fp_lock_all                                     /usr/lib/gcc/arm-none-eabi/13.2.1/../../../arm-none-eabi/lib/thumb/v8-m.main+fp/hard/libc_nano.a(libc_a-findfp.o)
__fp_unlock_all                                   /usr/lib/gcc/arm-none-eabi/13.2.1/../../../arm-none-eabi/lib/thumb/v8-m.main+fp/hard/libc_nano.a(libc_a-findfp.o)
__init_array_end                                  /usr/lib/gcc/arm-none-eabi/13.2.1/../../../arm-none-eabi/lib/thumb/v8-m.main+fp/hard/libc_nano.a(libc_a-init.o)
__init_array_start                                /usr/lib/gcc/arm-none-eabi/13.2.1/../../../arm-none-eabi/lib/thumb/v8-m.main+fp/hard/libc_nano.a(libc_a-init.o)
__io_getchar                                      build/syscalls.o
__io_putchar                                      build/syscalls.o
__libc_fini_array                                 /usr/lib/gcc/arm-none-eabi/13.2.1/../../../arm-none-eabi/lib/thumb/v8-m.main+fp/hard/libc_nano.a(libc_a-fini.o)
                                                  /usr/lib/gcc/arm-none-eabi/13.2.1/../../../arm-none-eabi/lib/thumb/v8-m.main+fp/hard/crt0.o
__libc_init_array                                 /usr/lib/gcc/arm-none-eabi/13.2.1/../../../arm-none-eabi/lib/thumb/v8-m.main+fp/hard/libc_nano.a(libc_a-init.o)
                                                  build/startup_stm32u585xx.o
                                                  /usr/lib/gcc/arm-none-eabi/13.2.1/../../../arm-none-eabi/lib/thumb/v8-m.main+fp/hard/crt0.o
__malloc_free_list                                /usr/lib/gcc/arm-none-eabi/13.2.1/../../../arm-none-eabi/lib/thumb/v8-m.main+fp/hard/libc_nano.a(libc_a-mallocr.o)
                                                  /usr/lib/gcc/arm-none-eabi/13.2.1/../../../arm-none-eabi/lib/thumb/v8-m.main+fp/hard/libc_nano.a(libc_a-freer.o)
__malloc_lock                                     /usr/lib/gcc/arm-none-eabi/13.2.1/../../../arm-none-eabi/lib/thumb/v8-m.main+fp/hard/libc_nano.a(libc_a-mlock.o)
                                                  /usr/lib/gcc/arm-none-eabi/13.2.1/../../../arm-none-eabi/lib/thumb/v8-m.main+fp/hard/libc_nano.a(libc_a-freer.o)
                                                  /usr/lib/gcc/arm-none-eabi/13.2.1/../../../arm-none-eabi/lib/thumb/v8-m.main+fp/hard/libc_nano.a(libc_a-mallocr.o)
__malloc_sbrk_start                               /usr/lib/gcc/arm-none-eabi/13.2.1/../../../arm-none-eabi/lib/thumb/v8-m.main+fp/hard/libc_nano.a(libc_a-mallocr.o)
__malloc_unlock                                   /usr/lib/gcc/arm-none-eabi/13.2.1/../../../arm-none-eabi/lib/thumb/v8-m.main+fp/hard/libc_nano.a(libc_a-mlock.o)
                                                  /usr/lib/gcc/arm-none-eabi/13.2.1/../../../arm-none-eabi/lib/thumb/v8-m.main+fp/hard/libc_nano.a(libc_a-freer.o)
                                                  /usr/lib/gcc/arm-none-eabi/13.2.1/../../../arm-none-eabi/lib/thumb/v8-m.main+fp/hard/libc_nano.a(libc_a-mallocr.o)
__on_exit_args                                    /usr/lib/gcc/arm-none-eabi/13.2.1/../../../arm-none-eabi/lib/thumb/v8-m.main+fp/hard/libc_nano.a(libc_a-__atexit.o)
__preinit_array_end                               /usr/lib/gcc/arm-none-eabi/13.2.1/../../../arm-none-eabi/lib/thumb/v8-m.main+fp/hard/libc_nano.a(libc_a-init.o)
__preinit_array_start                             /usr/lib/gcc/arm-none-eabi/13.2.1/../../../arm-none-eabi/lib/thumb/v8-m.main+fp/hard/libc_nano.a(libc_a-init.o)
__register_exitproc                               /usr/lib/gcc/arm-none-eabi/13.2.1/../../../arm-none-eabi/lib/thumb/v8-m.main+fp/hard/libc_nano.a(libc_a-__atexit.o)
                                                  /usr/lib/gcc/arm-none-eabi/13.2.1/../../../arm-none-eabi/lib/thumb/v8-m.main+fp/hard/libc_nano.a(libc_a-atexit.o)
__register_frame_info                             /usr/lib/gcc/arm-none-eabi/13.2.1/thumb/v8-m.main+fp/hard/crtbegin.o
__sclose                                          /usr/lib/gcc/arm-none-eabi/13.2.1/../../../arm-none-eabi/lib/thumb/v8-m.main+fp/hard/libc_nano.a(libc_a-stdio.o)
                                                  /usr/lib/gcc/arm-none-eabi/13.2.1/../../../arm-none-eabi/lib/thumb/v8-m.main+fp/hard/libc_nano.a(libc_a-findfp.o)
__seofread                                        /usr/lib/gcc/arm-none-eabi/13.2.1/../../../arm-none-eabi/lib/thumb/v8-m.main+fp/hard/libc_nano.a(libc_a-stdio.o)
__sf                                              /usr/lib/gcc/arm-none-eabi/13.2.1/../../../arm-none-eabi/lib/thumb/v8-m.main+fp/hard/libc_nano.a(libc_a-findfp.o)
                                                  /usr/lib/gcc/arm-none-eabi/13.2.1/../../../arm-none-eabi/lib/thumb/v8-m.main+fp/hard/libc_nano.a(libc_a-impure.o)
__sflush_r                                        /usr/lib/gcc/arm-none-eabi/13.2.1/../../../arm-none-eabi/lib/thumb/v8-m.main+fp/hard/libc_nano.a(libc_a-fflush.o)
__sfp                                             /usr/lib/gcc/arm-none-eabi/13.2.1/../../../arm-none-eabi/lib/thumb/v8-m.main+fp/hard/libc_nano.a(libc_a-findfp.o)
__sfp_lock_acquire                                /usr/lib/gcc/arm-none-eabi/13.2.1/../../../arm-none-eabi/lib/thumb/v8-m.main+fp/hard/libc_nano.a(libc_a-findfp.o)
__sfp_lock_release                                /usr/lib/gcc/arm-none-eabi/13.2.1/../../../arm-none-eabi/lib/thumb/v8-m.main+fp/hard/libc_nano.a(libc_a-findfp.o)
__sglue                                           /usr/lib/gcc/arm-none-eabi/13.2.1/../../../arm-none-eabi/lib/thumb/v8-m.main+fp/hard/libc_nano.a(libc_a-findfp.o)
                                                  /usr/lib/gcc/arm-none-eabi/13.2.1/../../../arm-none-eabi/lib/thumb/v8-m.main+fp/hard/libc_nano.a(libc_a-fflush.o)
__sinit                                           /usr/lib/gcc/arm-none-eabi/13.2.1/../../../arm-none-eabi/lib/thumb/v8-m.main+fp/hard/libc_nano.a(libc_a-findfp.o)
                                                  /usr/lib/gcc/arm-none-eabi/13.2.1/../../../arm-none-eabi/lib/thumb/v8-m.main+fp/hard/libc_nano.a(libc_a-fflush.o)
__sread                                           /usr/lib/gcc/arm-none-eabi/13.2.1/../../../arm-none-eabi/lib/thumb/v8-m.main+fp/hard/libc_nano.a(libc_a-stdio.o)
                                                  /usr/lib/gcc/arm-none-eabi/13.2.1/../../../arm-none-eabi/lib/thumb/v8-m.main+fp/hard/libc_nano.a(libc_a-findfp.o)
__sseek                                           /usr/lib/gcc/arm-none-eabi/13.2.1/../../../arm-none-eabi/lib/thumb/v8-m.main+fp/hard/libc_nano.a(libc_a-stdio.o)
                                                  /usr/lib/gcc/arm-none-eabi/13.2.1/../../../arm-none-eabi/lib/thumb/v8-m.main+fp/hard/libc_nano.a(libc_a-findfp.o)
__stack                                           /usr/lib/gcc/arm-none-eabi/13.2.1/../../../arm-none-eabi/lib/thumb/v8-m.main+fp/hard/crt0.o
__stdio_exit_handler                              /usr/lib/gcc/arm-none-eabi/13.2.1/../../../arm-none-eabi/lib/thumb/v8-m.main+fp/hard/libc_nano.a(libc_a-findfp.o)
                                                  /usr/lib/gcc/arm-none-eabi/13.2.1/../../../arm-none-eabi/lib/thumb/v8-m.main+fp/hard/libc_nano.a(libc_a-exit.o)
__swrite                                          /usr/lib/gcc/arm-none-eabi/13.2.1/../../../arm-none-eabi/lib/thumb/v8-m.main+fp/hard/libc_nano.a(libc_a-stdio.o)
                                                  /usr/lib/gcc/arm-none-eabi/13.2.1/../../../arm-none-eabi/lib/thumb/v8-m.main+fp/hard/libc_nano.a(libc_a-findfp.o)
_close                                            build/syscalls.o
                                                  /usr/lib/gcc/arm-none-eabi/13.2.1/../../../arm-none-eabi/lib/thumb/v8-m.main+fp/hard/libc_nano.a(libc_a-closer.o)
_close_r                                          /usr/lib/gcc/arm-none-eabi/13.2.1/../../../arm-none-eabi/lib/thumb/v8-m.main+fp/hard/libc_nano.a(libc_a-closer.o)
                                                  /usr/lib/gcc/arm-none-eabi/13.2.1/../../../arm-none-eabi/lib/thumb/v8-m.main+fp/hard/libc_nano.a(libc_a-stdio.o)
_ebss                                             build/startup_stm32u585xx.o
_edata                                            build/startup_stm32u585xx.o
_end                                              build/sysmem.o
_estack                                           build/startup_stm32u585xx.o
                                                  build/sysmem.o
_execve                                           build/syscalls.o
_exit                                             build/syscalls.o
                                                  /usr/lib/gcc/arm-none-eabi/13.2.1/../../../arm-none-eabi/lib/thumb/v8-m.main+fp/hard/libc_nano.a(libc_a-exit.o)
_fflush_r                                         /usr/lib/gcc/arm-none-eabi/13.2.1/../../../arm-none-eabi/lib/thumb/v8-m.main+fp/hard/libc_nano.a(libc_a-fflush.o)
                                                  /usr/lib/gcc/arm-none-eabi/13.2.1/../../../arm-none-eabi/lib/thumb/v8-m.main+fp/hard/libc_nano.a(libc_a-findfp.o)
_fini                                             /usr/lib/gcc/arm-none-eabi/13.2.1/thumb/v8-m.main+fp/hard/crti.o
                                                  /usr/lib/gcc/arm-none-eabi/13.2.1/../../../arm-none-eabi/lib/thumb/v8-m.main+fp/hard/libc_nano.a(libc_a-fini.o)
_fork                                             build/syscalls.o
_free_r                                           /usr/lib/gcc/arm-none-eabi/13.2.1/../../../arm-none-eabi/lib/thumb/v8-m.main+fp/hard/libc_nano.a(libc_a-freer.o)
                                                  /usr/lib/gcc/arm-none-eabi/13.2.1/../../../arm-none-eabi/lib/thumb/v8-m.main+fp/hard/libc_nano.a(libc_a-reent.o)
                                                  /usr/lib/gcc/arm-none-eabi/13.2.1/../../../arm-none-eabi/lib/thumb/v8-m.main+fp/hard/libc_nano.a(libc_a-fflush.o)
_fstat                                            build/syscalls.o
_fwalk_sglue                                      /usr/lib/gcc/arm-none-eabi/13.2.1/../../../arm-none-eabi/lib/thumb/v8-m.main+fp/hard/libc_nano.a(libc_a-fwalk.o)
                                                  /usr/lib/gcc/arm-none-eabi/13.2.1/../../../arm-none-eabi/lib/thumb/v8-m.main+fp/hard/libc_nano.a(libc_a-fflush.o)
                                                  /usr/lib/gcc/arm-none-eabi/13.2.1/../../../arm-none-eabi/lib/thumb/v8-m.main+fp/hard/libc_nano.a(libc_a-findfp.o)
_getpid                                           build/syscalls.o
_impure_data                                      /usr/lib/gcc/arm-none-eabi/13.2.1/../../../arm-none-eabi/lib/thumb/v8-m.main+fp/hard/libc_nano.a(libc_a-impure.o)
                                                  /usr/lib/gcc/arm-none-eabi/13.2.1/../../../arm-none-eabi/lib/thumb/v8-m.main+fp/hard/libc_nano.a(libc_a-fflush.o)
                                                  /usr/lib/gcc/arm-none-eabi/13.2.1/../../../arm-none-eabi/lib/thumb/v8-m.main+fp/hard/libc_nano.a(libc_a-findfp.o)
_impure_ptr                                       /usr/lib/gcc/arm-none-eabi/13.2.1/../../../arm-none-eabi/lib/thumb/v8-m.main+fp/hard/libc_nano.a(libc_a-impure.o)
                                                  /usr/lib/gcc/arm-none-eabi/13.2.1/../../../arm-none-eabi/lib/thumb/v8-m.main+fp/hard/libc_nano.a(libc_a-reent.o)
                                                  /usr/lib/gcc/arm-none-eabi/13.2.1/../../../arm-none-eabi/lib/thumb/v8-m.main+fp/hard/libc_nano.a(libc_a-fflush.o)
                                                  /usr/lib/gcc/arm-none-eabi/13.2.1/../../../arm-none-eabi/lib/thumb/v8-m.main+fp/hard/libc_nano.a(libc_a-errno.o)
_init                                             /usr/lib/gcc/arm-none-eabi/13.2.1/thumb/v8-m.main+fp/hard/crti.o
                                                  /usr/lib/gcc/arm-none-eabi/13.2.1/../../../arm-none-eabi/lib/thumb/v8-m.main+fp/hard/libc_nano.a(libc_a-init.o)
_isatty                                           build/syscalls.o
_kill                                             build/syscalls.o
_link                                             build/syscalls.o
_lseek                                            build/syscalls.o
                                                  /usr/lib/gcc/arm-none-eabi/13.2.1/../../../arm-none-eabi/lib/thumb/v8-m.main+fp/hard/libc_nano.a(libc_a-lseekr.o)
_lseek_r                                          /usr/lib/gcc/arm-none-eabi/13.2.1/../../../arm-none-eabi/lib/thumb/v8-m.main+fp/hard/libc_nano.a(libc_a-lseekr.o)
                                                  /usr/lib/gcc/arm-none-eabi/13.2.1/../../../arm-none-eabi/lib/thumb/v8-m.main+fp/hard/libc_nano.a(libc_a-stdio.o)
_mainCRTStartup                                   /usr/lib/gcc/arm-none-eabi/13.2.1/../../../arm-none-eabi/lib/thumb/v8-m.main+fp/hard/crt0.o
_malloc_r                                         /usr/lib/gcc/arm-none-eabi/13.2.1/../../../arm-none-eabi/lib/thumb/v8-m.main+fp/hard/libc_nano.a(libc_a-mallocr.o)
                                                  /usr/lib/gcc/arm-none-eabi/13.2.1/../../../arm-none-eabi/lib/thumb/v8-m.main+fp/hard/libc_nano.a(libc_a-findfp.o)
_open                                             build/syscalls.o
_read                                             build/syscalls.o
                                                  /usr/lib/gcc/arm-none-eabi/13.2.1/../../../arm-none-eabi/lib/thumb/v8-m.main+fp/hard/libc_nano.a(libc_a-readr.o)
_read_r                                           /usr/lib/gcc/arm-none-eabi/13.2.1/../../../arm-none-eabi/lib/thumb/v8-m.main+fp/hard/libc_nano.a(libc_a-readr.o)
                                                  /usr/lib/gcc/arm-none-eabi/13.2.1/../../../arm-none-eabi/lib/thumb/v8-m.main+fp/hard/libc_nano.a(libc_a-stdio.o)
_reclaim_reent                                    /usr/lib/gcc/arm-none-eabi/13.2.1/../../../arm-none-eabi/lib/thumb/v8-m.main+fp/hard/libc_nano.a(libc_a-reent.o)
_sbrk                                             build/sysmem.o
                                                  /usr/lib/gcc/arm-none-eabi/13.2.1/../../../arm-none-eabi/lib/thumb/v8-m.main+fp/hard/libc_nano.a(libc_a-sbrkr.o)
_sbrk_r                                           /usr/lib/gcc/arm-none-eabi/13.2.1/../../../arm-none-eabi/lib/thumb/v8-m.main+fp/hard/libc_nano.a(libc_a-sbrkr.o)
                                                  /usr/lib/gcc/arm-none-eabi/13.2.1/../../../arm-none-eabi/lib/thumb/v8-m.main+fp/hard/libc_nano.a(libc_a-mallocr.o)
_sbss                                             build/startup_stm32u585xx.o
_sdata                                            build/startup_stm32u585xx.o
_sidata                                           build/startup_stm32u585xx.o
_stack_init                                       /usr/lib/gcc/arm-none-eabi/13.2.1/../../../arm-none-eabi/lib/thumb/v8-m.main+fp/hard/crt0.o
_start                                            /usr/lib/gcc/arm-none-eabi/13.2.1/../../../arm-none-eabi/lib/thumb/v8-m.main+fp/hard/crt0.o
_stat                                             build/syscalls.o
_times                                            build/syscalls.o
_unlink                                           build/syscalls.o
_wait                                             build/syscalls.o
_write                                            build/syscalls.o
                                                  /usr/lib/gcc/arm-none-eabi/13.2.1/../../../arm-none-eabi/lib/thumb/v8-m.main+fp/hard/libc_nano.a(libc_a-writer.o)
_write_r                                          /usr/lib/gcc/arm-none-eabi/13.2.1/../../../arm-none-eabi/lib/thumb/v8-m.main+fp/hard/libc_nano.a(libc_a-writer.o)
                                                  /usr/lib/gcc/arm-none-eabi/13.2.1/../../../arm-none-eabi/lib/thumb/v8-m.main+fp/hard/libc_nano.a(libc_a-stdio.o)
atexit                                            /usr/lib/gcc/arm-none-eabi/13.2.1/../../../arm-none-eabi/lib/thumb/v8-m.main+fp/hard/libc_nano.a(libc_a-atexit.o)
                                                  /usr/lib/gcc/arm-none-eabi/13.2.1/../../../arm-none-eabi/lib/thumb/v8-m.main+fp/hard/crt0.o
environ                                           build/syscalls.o
errno                                             /usr/lib/gcc/arm-none-eabi/13.2.1/../../../arm-none-eabi/lib/thumb/v8-m.main+fp/hard/libc_nano.a(libc_a-reent.o)
                                                  /usr/lib/gcc/arm-none-eabi/13.2.1/../../../arm-none-eabi/lib/thumb/v8-m.main+fp/hard/libc_nano.a(libc_a-writer.o)
                                                  /usr/lib/gcc/arm-none-eabi/13.2.1/../../../arm-none-eabi/lib/thumb/v8-m.main+fp/hard/libc_nano.a(libc_a-lseekr.o)
                                                  /usr/lib/gcc/arm-none-eabi/13.2.1/../../../arm-none-eabi/lib/thumb/v8-m.main+fp/hard/libc_nano.a(libc_a-readr.o)
                                                  /usr/lib/gcc/arm-none-eabi/13.2.1/../../../arm-none-eabi/lib/thumb/v8-m.main+fp/hard/libc_nano.a(libc_a-closer.o)
                                                  /usr/lib/gcc/arm-none-eabi/13.2.1/../../../arm-none-eabi/lib/thumb/v8-m.main+fp/hard/libc_nano.a(libc_a-sbrkr.o)
exit                                              /usr/lib/gcc/arm-none-eabi/13.2.1/../../../arm-none-eabi/lib/thumb/v8-m.main+fp/hard/libc_nano.a(libc_a-exit.o)
                                                  /usr/lib/gcc/arm-none-eabi/13.2.1/../../../arm-none-eabi/lib/thumb/v8-m.main+fp/hard/crt0.o
fflush                                            /usr/lib/gcc/arm-none-eabi/13.2.1/../../../arm-none-eabi/lib/thumb/v8-m.main+fp/hard/libc_nano.a(libc_a-fflush.o)
g_pfnVectors                                      build/startup_stm32u585xx.o
hardware_init_hook                                /usr/lib/gcc/arm-none-eabi/13.2.1/../../../arm-none-eabi/lib/thumb/v8-m.main+fp/hard/crt0.o
initialise_monitor_handles                        build/syscalls.o
main                                              build/main.o
                                                  build/startup_stm32u585xx.o
                                                  /usr/lib/gcc/arm-none-eabi/13.2.1/../../../arm-none-eabi/lib/thumb/v8-m.main+fp/hard/crt0.o
malloc                                            /usr/lib/gcc/arm-none-eabi/13.2.1/../../../arm-none-eabi/lib/thumb/v8-m.main+fp/hard/libc_nano.a(libc_a-__atexit.o)
memset                                            /usr/lib/gcc/arm-none-eabi/13.2.1/../../../arm-none-eabi/lib/thumb/v8-m.main+fp/hard/libc_nano.a(libc_a-memset.o)
                                                  /usr/lib/gcc/arm-none-eabi/13.2.1/../../../arm-none-eabi/lib/thumb/v8-m.main+fp/hard/libc_nano.a(libc_a-findfp.o)
                                                  build/main.o
                                                  /usr/lib/gcc/arm-none-eabi/13.2.1/../../../arm-none-eabi/lib/thumb/v8-m.main+fp/hard/crt0.o
pFlash                                            build/stm32u5xx_hal_flash.o
                                                  build/stm32u5xx_hal_flash_ex.o
software_init_hook                                /usr/lib/gcc/arm-none-eabi/13.2.1/../../../arm-none-eabi/lib/thumb/v8-m.main+fp/hard/crt0.o
uwTick                                            build/stm32u5xx_hal.o
uwTickFreq                                        build/stm32u5xx_hal.o
uwTickPrio                                        build/stm32u5xx_hal.o