Archive member included to satisfy reference by file (symbol)

/opt/homebrew/Cellar/arm-none-eabi-gcc/10.3-2021.10/gcc/bin/../lib/gcc/arm-none-eabi/10.3.1/../../../../arm-none-eabi/lib/thumb/v8-m.main+fp/hard/libc_nano.a(lib_a-errno.o)
                              build/sysmem.o (__errno)
/opt/homebrew/Cellar/arm-none-eabi-gcc/10.3-2021.10/gcc/bin/../lib/gcc/arm-none-eabi/10.3.1/../../../../arm-none-eabi/lib/thumb/v8-m.main+fp/hard/libc_nano.a(lib_a-exit.o)
                              /opt/homebrew/Cellar/arm-none-eabi-gcc/10.3-2021.10/gcc/bin/../lib/gcc/arm-none-eabi/10.3.1/../../../../arm-none-eabi/lib/thumb/v8-m.main+fp/hard/crt0.o (exit)
/opt/homebrew/Cellar/arm-none-eabi-gcc/10.3-2021.10/gcc/bin/../lib/gcc/arm-none-eabi/10.3.1/../../../../arm-none-eabi/lib/thumb/v8-m.main+fp/hard/libc_nano.a(lib_a-impure.o)
                              /opt/homebrew/Cellar/arm-none-eabi-gcc/10.3-2021.10/gcc/bin/../lib/gcc/arm-none-eabi/10.3.1/../../../../arm-none-eabi/lib/thumb/v8-m.main+fp/hard/libc_nano.a(lib_a-exit.o) (_global_impure_ptr)
/opt/homebrew/Cellar/arm-none-eabi-gcc/10.3-2021.10/gcc/bin/../lib/gcc/arm-none-eabi/10.3.1/../../../../arm-none-eabi/lib/thumb/v8-m.main+fp/hard/libc_nano.a(lib_a-init.o)
                              /opt/homebrew/Cellar/arm-none-eabi-gcc/10.3-2021.10/gcc/bin/../lib/gcc/arm-none-eabi/10.3.1/../../../../arm-none-eabi/lib/thumb/v8-m.main+fp/hard/crt0.o (__libc_init_array)
/opt/homebrew/Cellar/arm-none-eabi-gcc/10.3-2021.10/gcc/bin/../lib/gcc/arm-none-eabi/10.3.1/../../../../arm-none-eabi/lib/thumb/v8-m.main+fp/hard/libc_nano.a(lib_a-memset.o)
                              /opt/homebrew/Cellar/arm-none-eabi-gcc/10.3-2021.10/gcc/bin/../lib/gcc/arm-none-eabi/10.3.1/../../../../arm-none-eabi/lib/thumb/v8-m.main+fp/hard/crt0.o (memset)

Discarded input sections

 .text          0x0000000000000000        0x0 /opt/homebrew/Cellar/arm-none-eabi-gcc/10.3-2021.10/gcc/bin/../lib/gcc/arm-none-eabi/10.3.1/thumb/v8-m.main+fp/hard/crti.o
 .data          0x0000000000000000        0x0 /opt/homebrew/Cellar/arm-none-eabi-gcc/10.3-2021.10/gcc/bin/../lib/gcc/arm-none-eabi/10.3.1/thumb/v8-m.main+fp/hard/crti.o
 .bss           0x0000000000000000        0x0 /opt/homebrew/Cellar/arm-none-eabi-gcc/10.3-2021.10/gcc/bin/../lib/gcc/arm-none-eabi/10.3.1/thumb/v8-m.main+fp/hard/crti.o
 .data          0x0000000000000000        0x4 /opt/homebrew/Cellar/arm-none-eabi-gcc/10.3-2021.10/gcc/bin/../lib/gcc/arm-none-eabi/10.3.1/thumb/v8-m.main+fp/hard/crtbegin.o
 .rodata        0x0000000000000000       0x24 /opt/homebrew/Cellar/arm-none-eabi-gcc/10.3-2021.10/gcc/bin/../lib/gcc/arm-none-eabi/10.3.1/thumb/v8-m.main+fp/hard/crtbegin.o
 .text          0x0000000000000000       0x7c /opt/homebrew/Cellar/arm-none-eabi-gcc/10.3-2021.10/gcc/bin/../lib/gcc/arm-none-eabi/10.3.1/../../../../arm-none-eabi/lib/thumb/v8-m.main+fp/hard/crt0.o
 .data          0x0000000000000000        0x0 /opt/homebrew/Cellar/arm-none-eabi-gcc/10.3-2021.10/gcc/bin/../lib/gcc/arm-none-eabi/10.3.1/../../../../arm-none-eabi/lib/thumb/v8-m.main+fp/hard/crt0.o
 .bss           0x0000000000000000        0x0 /opt/homebrew/Cellar/arm-none-eabi-gcc/10.3-2021.10/gcc/bin/../lib/gcc/arm-none-eabi/10.3.1/../../../../arm-none-eabi/lib/thumb/v8-m.main+fp/hard/crt0.o
 .ARM.extab     0x0000000000000000        0x0 /opt/homebrew/Cellar/arm-none-eabi-gcc/10.3-2021.10/gcc/bin/../lib/gcc/arm-none-eabi/10.3.1/../../../../arm-none-eabi/lib/thumb/v8-m.main+fp/hard/crt0.o
 .ARM.exidx     0x0000000000000000       0x10 /opt/homebrew/Cellar/arm-none-eabi-gcc/10.3-2021.10/gcc/bin/../lib/gcc/arm-none-eabi/10.3.1/../../../../arm-none-eabi/lib/thumb/v8-m.main+fp/hard/crt0.o
 .ARM.attributes
                0x0000000000000000       0x20 /opt/homebrew/Cellar/arm-none-eabi-gcc/10.3-2021.10/gcc/bin/../lib/gcc/arm-none-eabi/10.3.1/../../../../arm-none-eabi/lib/thumb/v8-m.main+fp/hard/crt0.o
 .text          0x0000000000000000        0x0 build/main.o
 .data          0x0000000000000000        0x0 build/main.o
 .bss           0x0000000000000000        0x0 build/main.o
 .text          0x0000000000000000        0x0 build/stm32u5xx_it.o
 .data          0x0000000000000000        0x0 build/stm32u5xx_it.o
 .bss           0x0000000000000000        0x0 build/stm32u5xx_it.o
 .text          0x0000000000000000        0x0 build/stm32u5xx_hal_msp.o
 .data          0x0000000000000000        0x0 build/stm32u5xx_hal_msp.o
 .bss           0x0000000000000000        0x0 build/stm32u5xx_hal_msp.o
 .text          0x0000000000000000        0x0 build/stm32u5xx_hal_cortex.o
 .data          0x0000000000000000        0x0 build/stm32u5xx_hal_cortex.o
 .bss           0x0000000000000000        0x0 build/stm32u5xx_hal_cortex.o
 .text.MPU_ConfigRegion
                0x0000000000000000       0x3c build/stm32u5xx_hal_cortex.o
 .text.MPU_ConfigMemoryAttributes
                0x0000000000000000       0x30 build/stm32u5xx_hal_cortex.o
 .text.HAL_NVIC_EnableIRQ
[...]
Memory Configuration

Name             Origin             Length             Attributes
RAM              0x0000000020000000 0x00000000000c0000 xrw
ROM              0x0000000008000000 0x0000000000200000 xr
SRAM4            0x0000000028000000 0x0000000000004000 xrw
*default*        0x0000000000000000 0xffffffffffffffff

Linker script and memory map

LOAD /opt/homebrew/Cellar/arm-none-eabi-gcc/10.3-2021.10/gcc/bin/../lib/gcc/arm-none-eabi/10.3.1/thumb/v8-m.main+fp/hard/crti.o
LOAD /opt/homebrew/Cellar/arm-none-eabi-gcc/10.3-2021.10/gcc/bin/../lib/gcc/arm-none-eabi/10.3.1/thumb/v8-m.main+fp/hard/crtbegin.o
LOAD /opt/homebrew/Cellar/arm-none-eabi-gcc/10.3-2021.10/gcc/bin/../lib/gcc/arm-none-eabi/10.3.1/../../../../arm-none-eabi/lib/thumb/v8-m.main+fp/hard/crt0.o
LOAD build/main.o
LOAD build/stm32u5xx_it.o
LOAD build/stm32u5xx_hal_msp.o
LOAD build/stm32u5xx_hal_cortex.o
LOAD build/stm32u5xx_hal_pwr.o
LOAD build/stm32u5xx_hal_pwr_ex.o
LOAD build/stm32u5xx_hal.o
LOAD build/stm32u5xx_hal_i2c.o
LOAD build/stm32u5xx_hal_i2c_ex.o
LOAD build/stm32u5xx_hal_rcc.o
LOAD build/stm32u5xx_hal_rcc_ex.o
LOAD build/stm32u5xx_hal_flash.o
LOAD build/stm32u5xx_hal_flash_ex.o
LOAD build/stm32u5xx_hal_gpio.o
LOAD build/stm32u5xx_hal_dma.o
LOAD build/stm32u5xx_hal_dma_ex.o
LOAD build/stm32u5xx_hal_exti.o
LOAD build/stm32u5xx_hal_gtzc.o
LOAD build/stm32u5xx_hal_icache.o
LOAD build/system_stm32u5xx.o
LOAD build/sysmem.o
LOAD build/syscalls.o
LOAD build/startup_stm32u585xx.o
LOAD /opt/homebrew/Cellar/arm-none-eabi-gcc/10.3-2021.10/gcc/bin/../lib/gcc/arm-none-eabi/10.3.1/../../../../arm-none-eabi/lib/thumb/v8-m.main+fp/hard/libc_nano.a
LOAD /opt/homebrew/Cellar/arm-none-eabi-gcc/10.3-2021.10/gcc/bin/../lib/gcc/arm-none-eabi/10.3.1/../../../../arm-none-eabi/lib/thumb/v8-m.main+fp/hard/libm.a
LOAD /opt/homebrew/Cellar/arm-none-eabi-gcc/10.3-2021.10/gcc/bin/../lib/gcc/arm-none-eabi/10.3.1/../../../../arm-none-eabi/lib/thumb/v8-m.main+fp/hard/libnosys.a
START GROUP
LOAD /opt/homebrew/Cellar/arm-none-eabi-gcc/10.3-2021.10/gcc/bin/../lib/gcc/arm-none-eabi/10.3.1/thumb/v8-m.main+fp/hard/libgcc.a
LOAD /opt/homebrew/Cellar/arm-none-eabi-gcc/10.3-2021.10/gcc/bin/../lib/gcc/arm-none-eabi/10.3.1/../../../../arm-none-eabi/lib/thumb/v8-m.main+fp/hard/libc_nano.a
END GROUP
START GROUP
LOAD /opt/homebrew/Cellar/arm-none-eabi-gcc/10.3-2021.10/gcc/bin/../lib/gcc/arm-none-eabi/10.3.1/thumb/v8-m.main+fp/hard/libgcc.a
LOAD /opt/homebrew/Cellar/arm-none-eabi-gcc/10.3-2021.10/gcc/bin/../lib/gcc/arm-none-eabi/10.3.1/../../../../arm-none-eabi/lib/thumb/v8-m.main+fp/hard/libc_nano.a
END GROUP
LOAD /opt/homebrew/Cellar/arm-none-eabi-gcc/10.3-2021.10/gcc/bin/../lib/gcc/arm-none-eabi/10.3.1/thumb/v8-m.main+fp/hard/crtend.o
LOAD /opt/homebrew/Cellar/arm-none-eabi-gcc/10.3-2021.10/gcc/bin/../lib/gcc/arm-none-eabi/10.3.1/thumb/v8-m.main+fp/hard/crtn.o
                0x00000000200c0000                _estack = (ORIGIN (RAM) + LENGTH (RAM))
                0x0000000000000200                _Min_Heap_Size = 0x200
                0x0000000000000400                _Min_Stack_Size = 0x400

.isr_vector     0x0000000008000000      0x238
                0x0000000008000000                . = ALIGN (0x8)
 *(.isr_vector)
 .isr_vector    0x0000000008000000      0x238 build/startup_stm32u585xx.o
                0x0000000008000000                g_pfnVectors
                0x0000000008000238                . = ALIGN (0x8)

.text           0x0000000008000238     0x1568
                0x0000000008000238                . = ALIGN (0x8)
 *(.text)
 .text          0x0000000008000238       0x40 /opt/homebrew/Cellar/arm-none-eabi-gcc/10.3-2021.10/gcc/bin/../lib/gcc/arm-none-eabi/10.3.1/thumb/v8-m.main+fp/hard/crtbegin.o
 *(.text*)
 .text.SystemPower_Config
                0x0000000008000278        0x8 build/main.o
 .text.Error_Handler
                0x0000000008000280        0x4 build/main.o
                0x0000000008000280                Error_Handler
 .text.SystemClock_Config
                0x0000000008000284       0x68 build/main.o
                0x0000000008000284                SystemClock_Config
 .text.main     0x00000000080002ec       0x10 build/main.o
                0x00000000080002ec                main
 .text.NMI_Handler
                0x00000000080002fc        0x2 build/stm32u5xx_it.o
                0x00000000080002fc                NMI_Handler
 .text.HardFault_Handler
                0x00000000080002fe        0x2 build/stm32u5xx_it.o
                0x00000000080002fe                HardFault_Handler
 .text.MemManage_Handler
                0x0000000008000300        0x2 build/stm32u5xx_it.o
                0x0000000008000300                MemManage_Handler
 .text.BusFault_Handler
                0x0000000008000302        0x2 build/stm32u5xx_it.o
                0x0000000008000302                BusFault_Handler
 .text.UsageFault_Handler
                0x0000000008000304        0x2 build/stm32u5xx_it.o
                0x0000000008000304                UsageFault_Handler
 .text.SVC_Handler
                0x0000000008000306        0x2 build/stm32u5xx_it.o
                0x0000000008000306                SVC_Handler
 .text.DebugMon_Handler
                0x0000000008000308        0x2 build/stm32u5xx_it.o
                0x0000000008000308                DebugMon_Handler
 .text.PendSV_Handler
                0x000000000800030a        0x2 build/stm32u5xx_it.o
                0x000000000800030a                PendSV_Handler
 .text.SysTick_Handler
                0x000000000800030c        0x8 build/stm32u5xx_it.o
                0x000000000800030c                SysTick_Handler
 .text.HAL_MspInit
                0x0000000008000314       0x24 build/stm32u5xx_hal_msp.o
                0x0000000008000314                HAL_MspInit
 .text.HAL_NVIC_SetPriorityGrouping
                0x0000000008000338       0x24 build/stm32u5xx_hal_cortex.o
                0x0000000008000338                HAL_NVIC_SetPriorityGrouping
 .text.HAL_NVIC_SetPriority
                0x000000000800035c       0x70 build/stm32u5xx_hal_cortex.o
                0x000000000800035c                HAL_NVIC_SetPriority
 .text.HAL_SYSTICK_Config
                0x00000000080003cc       0x20 build/stm32u5xx_hal_cortex.o
                0x00000000080003cc                HAL_SYSTICK_Config
 .text.HAL_SYSTICK_CLKSourceConfig
                0x00000000080003ec       0x7c build/stm32u5xx_hal_cortex.o
                0x00000000080003ec                HAL_SYSTICK_CLKSourceConfig
 .text.HAL_SYSTICK_GetCLKSourceConfig
                0x0000000008000468       0x34 build/stm32u5xx_hal_cortex.o
                0x0000000008000468                HAL_SYSTICK_GetCLKSourceConfig
 .text.HAL_PWREx_ControlVoltageScaling
                0x000000000800049c       0xa0 build/stm32u5xx_hal_pwr_ex.o
                0x000000000800049c                HAL_PWREx_ControlVoltageScaling
 .text.HAL_PWREx_GetVoltageRange
                0x000000000800053c       0x10 build/stm32u5xx_hal_pwr_ex.o
                0x000000000800053c                HAL_PWREx_GetVoltageRange
 .text.HAL_PWREx_DisableUCPDDeadBattery
                0x000000000800054c       0x10 build/stm32u5xx_hal_pwr_ex.o
                0x000000000800054c                HAL_PWREx_DisableUCPDDeadBattery
 .text.HAL_InitTick
                0x000000000800055c       0xac build/stm32u5xx_hal.o
                0x000000000800055c                HAL_InitTick
 .text.HAL_Init
                0x0000000008000608       0x54 build/stm32u5xx_hal.o
                0x0000000008000608                HAL_Init
 .text.HAL_IncTick
                0x000000000800065c       0x18 build/stm32u5xx_hal.o
                0x000000000800065c                HAL_IncTick
 .text.HAL_GetTick
                0x0000000008000674        0xc build/stm32u5xx_hal.o
                0x0000000008000674                HAL_GetTick
 .text.RCC_SetFlashLatencyFromMSIRange
                0x0000000008000680       0xc4 build/stm32u5xx_hal_rcc.o
 .text.HAL_RCC_GetSysClockFreq
                0x0000000008000744      0x17c build/stm32u5xx_hal_rcc.o
                0x0000000008000744                HAL_RCC_GetSysClockFreq
 .text.HAL_RCC_ClockConfig
                0x00000000080008c0      0x30c build/stm32u5xx_hal_rcc.o
                0x00000000080008c0                HAL_RCC_ClockConfig
 .text.HAL_RCC_GetHCLKFreq
                0x0000000008000bcc       0x28 build/stm32u5xx_hal_rcc.o
                0x0000000008000bcc                HAL_RCC_GetHCLKFreq
 .text.HAL_RCC_OscConfig
                0x0000000008000bf4      0xaa0 build/stm32u5xx_hal_rcc.o
                0x0000000008000bf4                HAL_RCC_OscConfig
 .text.SystemInit
                0x0000000008001694       0x44 build/system_stm32u5xx.o
                0x0000000008001694                SystemInit
 .text.Reset_Handler
                0x00000000080016d8       0x50 build/startup_stm32u585xx.o
                0x00000000080016d8                Reset_Handler
 .text.Default_Handler
                0x0000000008001728        0x2 build/startup_stm32u585xx.o
                0x0000000008001728                HASH_IRQHandler
                0x0000000008001728                TIM8_TRG_COM_IRQHandler
                0x0000000008001728                TIM8_CC_IRQHandler
                0x0000000008001728                EXTI5_IRQHandler
                0x0000000008001728                FLASH_S_IRQHandler
                0x0000000008001728                EXTI13_IRQHandler
                0x0000000008001728                TIM1_CC_IRQHandler
                0x0000000008001728                TSC_IRQHandler
                0x0000000008001728                TAMP_IRQHandler
                0x0000000008001728                TIM6_IRQHandler
                0x0000000008001728                EXTI12_IRQHandler
                0x0000000008001728                CORDIC_IRQHandler
                0x0000000008001728                EXTI3_IRQHandler
                0x0000000008001728                LPTIM4_IRQHandler
                0x0000000008001728                GPDMA1_Channel5_IRQHandler
                0x0000000008001728                EXTI8_IRQHandler
                0x0000000008001728                LPTIM2_IRQHandler
                0x0000000008001728                I2C3_ER_IRQHandler
                0x0000000008001728                PWR_S3WU_IRQHandler
                0x0000000008001728                MDF1_FLT2_IRQHandler
                0x0000000008001728                LPDMA1_Channel3_IRQHandler
                0x0000000008001728                LPTIM3_IRQHandler
                0x0000000008001728                EXTI0_IRQHandler
                0x0000000008001728                I2C2_EV_IRQHandler
                0x0000000008001728                FPU_IRQHandler
                0x0000000008001728                GPDMA1_Channel3_IRQHandler
                0x0000000008001728                GPDMA1_Channel7_IRQHandler
                0x0000000008001728                MDF1_FLT4_IRQHandler
                0x0000000008001728                FDCAN1_IT1_IRQHandler
                0x0000000008001728                RAMCFG_IRQHandler
                0x0000000008001728                GPDMA1_Channel9_IRQHandler
                0x0000000008001728                DCACHE1_IRQHandler
                0x0000000008001728                SPI1_IRQHandler
                0x0000000008001728                OCTOSPI1_IRQHandler
                0x0000000008001728                GPDMA1_Channel2_IRQHandler
                0x0000000008001728                TIM8_UP_IRQHandler
                0x0000000008001728                RCC_S_IRQHandler
                0x0000000008001728                OCTOSPI2_IRQHandler
                0x0000000008001728                SAI2_IRQHandler
                0x0000000008001728                MDF1_FLT1_IRQHandler
                0x0000000008001728                ADC1_IRQHandler
                0x0000000008001728                PKA_IRQHandler
                0x0000000008001728                MDF1_FLT5_IRQHandler
                0x0000000008001728                EXTI15_IRQHandler
                0x0000000008001728                TIM17_IRQHandler
                0x0000000008001728                USART3_IRQHandler
                0x0000000008001728                RTC_IRQHandler
                0x0000000008001728                EXTI9_IRQHandler
                0x0000000008001728                UART5_IRQHandler
                0x0000000008001728                TIM4_IRQHandler
                0x0000000008001728                I2C1_EV_IRQHandler
                0x0000000008001728                GPDMA1_Channel12_IRQHandler
                0x0000000008001728                GPDMA1_Channel1_IRQHandler
                0x0000000008001728                TIM16_IRQHandler
                0x0000000008001728                GPDMA1_Channel15_IRQHandler
                0x0000000008001728                UART4_IRQHandler
                0x0000000008001728                SecureFault_Handler
                0x0000000008001728                TIM3_IRQHandler
                0x0000000008001728                RCC_IRQHandler
                0x0000000008001728                TIM1_TRG_COM_IRQHandler
                0x0000000008001728                Default_Handler
                0x0000000008001728                GPDMA1_Channel8_IRQHandler
                0x0000000008001728                FMAC_IRQHandler
                0x0000000008001728                OTFDEC1_IRQHandler
                0x0000000008001728                GPDMA1_Channel11_IRQHandler
                0x0000000008001728                TIM7_IRQHandler
                0x0000000008001728                SDMMC1_IRQHandler
                0x0000000008001728                SAES_IRQHandler
                0x0000000008001728                TIM5_IRQHandler
                0x0000000008001728                UCPD1_IRQHandler
                0x0000000008001728                GPDMA1_Channel0_IRQHandler
                0x0000000008001728                TIM15_IRQHandler
                0x0000000008001728                I2C3_EV_IRQHandler
                0x0000000008001728                LPDMA1_Channel0_IRQHandler
                0x0000000008001728                PVD_PVM_IRQHandler
                0x0000000008001728                SPI2_IRQHandler
                0x0000000008001728                LPDMA1_Channel1_IRQHandler
                0x0000000008001728                EXTI14_IRQHandler
                0x0000000008001728                EXTI11_IRQHandler
                0x0000000008001728                OTFDEC2_IRQHandler
                0x0000000008001728                CRS_IRQHandler
                0x0000000008001728                GPDMA1_Channel14_IRQHandler
                0x0000000008001728                LSECSSD_IRQHandler
                0x0000000008001728                EXTI4_IRQHandler
                0x0000000008001728                RTC_S_IRQHandler
                0x0000000008001728                GPDMA1_Channel13_IRQHandler
                0x0000000008001728                RNG_IRQHandler
                0x0000000008001728                COMP_IRQHandler
                0x0000000008001728                TIM1_UP_IRQHandler
                0x0000000008001728                ADC4_IRQHandler
                0x0000000008001728                WWDG_IRQHandler
                0x0000000008001728                I2C4_EV_IRQHandler
                0x0000000008001728                ADF1_IRQHandler
                0x0000000008001728                IWDG_IRQHandler
                0x0000000008001728                LPUART1_IRQHandler
                0x0000000008001728                MDF1_FLT0_IRQHandler
                0x0000000008001728                FDCAN1_IT0_IRQHandler
                0x0000000008001728                TIM2_IRQHandler
                0x0000000008001728                GPDMA1_Channel4_IRQHandler
                0x0000000008001728                EXTI7_IRQHandler
                0x0000000008001728                DMA2D_IRQHandler
                0x0000000008001728                TIM1_BRK_IRQHandler
                0x0000000008001728                EXTI1_IRQHandler
                0x0000000008001728                SDMMC2_IRQHandler
                0x0000000008001728                AES_IRQHandler
                0x0000000008001728                DAC1_IRQHandler
                0x0000000008001728                GTZC_IRQHandler
                0x0000000008001728                MDF1_FLT3_IRQHandler
                0x0000000008001728                USART2_IRQHandler
                0x0000000008001728                GPDMA1_Channel6_IRQHandler
                0x0000000008001728                I2C2_ER_IRQHandler
                0x0000000008001728                TIM8_BRK_IRQHandler
                0x0000000008001728                FLASH_IRQHandler
                0x0000000008001728                USART1_IRQHandler
                0x0000000008001728                EXTI10_IRQHandler
                0x0000000008001728                OTG_FS_IRQHandler
                0x0000000008001728                SPI3_IRQHandler
                0x0000000008001728                LPDMA1_Channel2_IRQHandler
                0x0000000008001728                I2C1_ER_IRQHandler
                0x0000000008001728                FMC_IRQHandler
                0x0000000008001728                EXTI6_IRQHandler
                0x0000000008001728                LPTIM1_IRQHandler
                0x0000000008001728                DCMI_PSSI_IRQHandler
                0x0000000008001728                I2C4_ER_IRQHandler
                0x0000000008001728                GPDMA1_Channel10_IRQHandler
                0x0000000008001728                ICACHE_IRQHandler
                0x0000000008001728                SAI1_IRQHandler
                0x0000000008001728                EXTI2_IRQHandler
 *fill*         0x000000000800172a        0x2 
 .text.__libc_init_array
                0x000000000800172c       0x48 /opt/homebrew/Cellar/arm-none-eabi-gcc/10.3-2021.10/gcc/bin/../lib/gcc/arm-none-eabi/10.3.1/../../../../arm-none-eabi/lib/thumb/v8-m.main+fp/hard/libc_nano.a(lib_a-init.o)
                0x000000000800172c                __libc_init_array
 .text.memset   0x0000000008001774       0x10 /opt/homebrew/Cellar/arm-none-eabi-gcc/10.3-2021.10/gcc/bin/../lib/gcc/arm-none-eabi/10.3.1/../../../../arm-none-eabi/lib/thumb/v8-m.main+fp/hard/libc_nano.a(lib_a-memset.o)
                0x0000000008001774                memset
 *(.glue_7)
 .glue_7        0x0000000008001784        0x0 linker stubs
 *(.glue_7t)
 .glue_7t       0x0000000008001784        0x0 linker stubs
 *(.eh_frame)
 .eh_frame      0x0000000008001784        0x0 /opt/homebrew/Cellar/arm-none-eabi-gcc/10.3-2021.10/gcc/bin/../lib/gcc/arm-none-eabi/10.3.1/thumb/v8-m.main+fp/hard/crtbegin.o
 *(.init)
 .init          0x0000000008001784        0x4 /opt/homebrew/Cellar/arm-none-eabi-gcc/10.3-2021.10/gcc/bin/../lib/gcc/arm-none-eabi/10.3.1/thumb/v8-m.main+fp/hard/crti.o
                0x0000000008001784                _init
 .init          0x0000000008001788        0x8 /opt/homebrew/Cellar/arm-none-eabi-gcc/10.3-2021.10/gcc/bin/../lib/gcc/arm-none-eabi/10.3.1/thumb/v8-m.main+fp/hard/crtn.o
 *(.fini)
 .fini          0x0000000008001790        0x4 /opt/homebrew/Cellar/arm-none-eabi-gcc/10.3-2021.10/gcc/bin/../lib/gcc/arm-none-eabi/10.3.1/thumb/v8-m.main+fp/hard/crti.o
                0x0000000008001790                _fini
 .fini          0x0000000008001794        0x8 /opt/homebrew/Cellar/arm-none-eabi-gcc/10.3-2021.10/gcc/bin/../lib/gcc/arm-none-eabi/10.3.1/thumb/v8-m.main+fp/hard/crtn.o
                0x00000000080017a0                . = ALIGN (0x8)
 *fill*         0x000000000800179c        0x4 
                0x00000000080017a0                _etext = .

.vfp11_veneer   0x00000000080017a0        0x0
 .vfp11_veneer  0x00000000080017a0        0x0 linker stubs

.v4_bx          0x00000000080017a0        0x0
 .v4_bx         0x00000000080017a0        0x0 linker stubs

.iplt           0x00000000080017a0        0x0
 .iplt          0x00000000080017a0        0x0 /opt/homebrew/Cellar/arm-none-eabi-gcc/10.3-2021.10/gcc/bin/../lib/gcc/arm-none-eabi/10.3.1/thumb/v8-m.main+fp/hard/crtbegin.o

.rodata         0x00000000080017a0       0x50
                0x00000000080017a0                . = ALIGN (0x8)
 *(.rodata)
 *(.rodata*)
 .rodata.AHBPrescTable
                0x00000000080017a0       0x10 build/system_stm32u5xx.o
                0x00000000080017a0                AHBPrescTable
 .rodata.MSIRangeTable
                0x00000000080017b0       0x40 build/system_stm32u5xx.o
                0x00000000080017b0                MSIRangeTable
                0x00000000080017f0                . = ALIGN (0x8)

.rel.dyn        0x00000000080017f0        0x0
 .rel.iplt      0x00000000080017f0        0x0 /opt/homebrew/Cellar/arm-none-eabi-gcc/10.3-2021.10/gcc/bin/../lib/gcc/arm-none-eabi/10.3.1/thumb/v8-m.main+fp/hard/crtbegin.o

.ARM.extab      0x00000000080017f0        0x0
                0x00000000080017f0                . = ALIGN (0x8)
 *(.ARM.extab* .gnu.linkonce.armextab.*)
                0x00000000080017f0                . = ALIGN (0x8)

.ARM            0x00000000080017f0        0x0
                0x00000000080017f0                . = ALIGN (0x8)
                0x00000000080017f0                __exidx_start = .
 *(.ARM.exidx*)
                0x00000000080017f0                __exidx_end = .
                0x00000000080017f0                . = ALIGN (0x8)

.preinit_array  0x00000000080017f0        0x0
                0x00000000080017f0                . = ALIGN (0x8)
                0x00000000080017f0                PROVIDE (__preinit_array_start = .)
 *(.preinit_array*)
                0x00000000080017f0                PROVIDE (__preinit_array_end = .)
                0x00000000080017f0                . = ALIGN (0x8)

.init_array     0x00000000080017f0        0x8
                0x00000000080017f0                . = ALIGN (0x8)
                0x00000000080017f0                PROVIDE (__init_array_start = .)
 *(SORT_BY_NAME(.init_array.*))
 *(.init_array*)
 .init_array    0x00000000080017f0        0x4 /opt/homebrew/Cellar/arm-none-eabi-gcc/10.3-2021.10/gcc/bin/../lib/gcc/arm-none-eabi/10.3.1/thumb/v8-m.main+fp/hard/crtbegin.o
                0x00000000080017f4                PROVIDE (__init_array_end = .)
                0x00000000080017f8                . = ALIGN (0x8)
 *fill*         0x00000000080017f4        0x4 

.fini_array     0x00000000080017f8        0x8
                0x00000000080017f8                . = ALIGN (0x8)
                [!provide]                        PROVIDE (__fini_array_start = .)
 *(SORT_BY_NAME(.fini_array.*))
 *(.fini_array*)
 .fini_array    0x00000000080017f8        0x4 /opt/homebrew/Cellar/arm-none-eabi-gcc/10.3-2021.10/gcc/bin/../lib/gcc/arm-none-eabi/10.3.1/thumb/v8-m.main+fp/hard/crtbegin.o
                [!provide]                        PROVIDE (__fini_array_end = .)
                0x0000000008001800                . = ALIGN (0x8)
 *fill*         0x00000000080017fc        0x4 
                0x0000000008001800                _sidata = LOADADDR (.data)

.data           0x0000000020000000       0x10 load address 0x0000000008001800
                0x0000000020000000                . = ALIGN (0x8)
                0x0000000020000000                _sdata = .
 *(.data)
 *(.data*)
 .data.uwTickFreq
                0x0000000020000000        0x1 build/stm32u5xx_hal.o
                0x0000000020000000                uwTickFreq
 *fill*         0x0000000020000001        0x3 
 .data.uwTickPrio
                0x0000000020000004        0x4 build/stm32u5xx_hal.o
                0x0000000020000004                uwTickPrio
 .data.SystemCoreClock
                0x0000000020000008        0x4 build/system_stm32u5xx.o
                0x0000000020000008                SystemCoreClock
                0x0000000020000010                . = ALIGN (0x8)
 *fill*         0x000000002000000c        0x4 

.igot.plt       0x0000000020000010        0x0 load address 0x0000000008001810
 .igot.plt      0x0000000020000010        0x0 /opt/homebrew/Cellar/arm-none-eabi-gcc/10.3-2021.10/gcc/bin/../lib/gcc/arm-none-eabi/10.3.1/thumb/v8-m.main+fp/hard/crtbegin.o

.tdata          0x0000000020000010        0x0 load address 0x0000000008001810
 *(.tdata .tdata.* .gnu.linkonce.td.*)
                0x0000000020000010                . = ALIGN (0x4)
                0x0000000020000010                _edata = .
                [!provide]                        PROVIDE (__data_end = .)
                [!provide]                        PROVIDE (__tdata_end = .)
                [!provide]                        PROVIDE (__tdata_start = ADDR (.tdata))
                [!provide]                        PROVIDE (__tdata_size = (__tdata_end - __tdata_start))
                [!provide]                        PROVIDE (__data_start = ADDR (.data))
                [!provide]                        PROVIDE (__data_size = (__data_end - __data_start))
                [!provide]                        PROVIDE (__tdata_source = LOADADDR (.tdata))
                [!provide]                        PROVIDE (__tdata_source_end = (LOADADDR (.tdata) + SIZEOF (.tdata)))
                [!provide]                        PROVIDE (__tdata_source_size = (__tdata_source_end - __tdata_source))
                [!provide]                        PROVIDE (__data_source = LOADADDR (.data))
                [!provide]                        PROVIDE (__data_source_end = __tdata_source_end)
                [!provide]                        PROVIDE (__data_source_size = (__data_source_end - __data_source))
                0x0000000020000010                . = ALIGN (0x8)

.tbss           0x0000000020000010        0x0 load address 0x0000000008001810
                0x0000000020000010                _sbss = .
                0x0000000020000010                __bss_start__ = _sbss
 *(.tbss .tbss.*)
                0x0000000020000010                . = ALIGN (0x4)
                [!provide]                        PROVIDE (__tbss_end = .)
                [!provide]                        PROVIDE (__tbss_start = ADDR (.tbss))
                [!provide]                        PROVIDE (__tbss_size = (__tbss_end - __tbss_start))
                [!provide]                        PROVIDE (__tbss_offset = (ADDR (.tbss) - ADDR (.tdata)))
                [!provide]                        PROVIDE (__tls_base = __tdata_start)
                [!provide]                        PROVIDE (__tls_end = __tbss_end)
                [!provide]                        PROVIDE (__tls_size = (__tls_end - __tls_base))
                [!provide]                        PROVIDE (__tls_align = MAX (ALIGNOF (.tdata), ALIGNOF (.tbss)))
                [!provide]                        PROVIDE (__tls_size_align = (((__tls_size + __tls_align) - 0x1) & ~ ((__tls_align - 0x1))))
                [!provide]                        PROVIDE (__arm32_tls_tcb_offset = MAX (0x8, __tls_align))
                [!provide]                        PROVIDE (__arm64_tls_tcb_offset = MAX (0x10, __tls_align))

.bss            0x0000000020000010       0x20 load address 0x0000000008001810
 *(.bss)
 .bss           0x0000000020000010       0x1c /opt/homebrew/Cellar/arm-none-eabi-gcc/10.3-2021.10/gcc/bin/../lib/gcc/arm-none-eabi/10.3.1/thumb/v8-m.main+fp/hard/crtbegin.o
 *(.bss*)
 .bss.uwTick    0x000000002000002c        0x4 build/stm32u5xx_hal.o
                0x000000002000002c                uwTick
 *(COMMON)
                0x0000000020000030                . = ALIGN (0x8)
                0x0000000020000030                . = ALIGN (0x4)
                0x0000000020000030                _ebss = .
                0x0000000020000030                __bss_end__ = _ebss
                [!provide]                        PROVIDE (__bss_end = .)
                [!provide]                        PROVIDE (__non_tls_bss_start = ADDR (.bss))
                [!provide]                        PROVIDE (__bss_start = __tbss_start)
                [!provide]                        PROVIDE (__bss_size = (__bss_end - __bss_start))

._user_heap_stack
                0x0000000020000030      0x600 load address 0x0000000008001810
                0x0000000020000030                . = ALIGN (0x8)
                [!provide]                        PROVIDE (end = .)
                0x0000000020000030                PROVIDE (_end = .)
                0x0000000020000230                . = (. + _Min_Heap_Size)
 *fill*         0x0000000020000030      0x200 
                0x0000000020000630                . = (. + _Min_Stack_Size)
 *fill*         0x0000000020000230      0x400 
                0x0000000020000630                . = ALIGN (0x8)

/DISCARD/
 libc.a:*(*)
 libm.a:*(*)
 libgcc.a:*(*)

.ARM.attributes
                0x0000000000000000       0x36
 *(.ARM.attributes)
 .ARM.attributes
                0x0000000000000000       0x22 /opt/homebrew/Cellar/arm-none-eabi-gcc/10.3-2021.10/gcc/bin/../lib/gcc/arm-none-eabi/10.3.1/thumb/v8-m.main+fp/hard/crti.o
 .ARM.attributes
                0x0000000000000022       0x38 /opt/homebrew/Cellar/arm-none-eabi-gcc/10.3-2021.10/gcc/bin/../lib/gcc/arm-none-eabi/10.3.1/thumb/v8-m.main+fp/hard/crtbegin.o
 .ARM.attributes
                0x000000000000005a       0x3a build/main.o
 .ARM.attributes
                0x0000000000000094       0x3a build/stm32u5xx_it.o
 .ARM.attributes
                0x00000000000000ce       0x3a build/stm32u5xx_hal_msp.o
 .ARM.attributes
                0x0000000000000108       0x3a build/stm32u5xx_hal_cortex.o
 .ARM.attributes
                0x0000000000000142       0x3a build/stm32u5xx_hal_pwr_ex.o
 .ARM.attributes
                0x000000000000017c       0x3a build/stm32u5xx_hal.o
 .ARM.attributes
                0x00000000000001b6       0x3a build/stm32u5xx_hal_rcc.o
 .ARM.attributes
                0x00000000000001f0       0x3a build/system_stm32u5xx.o
 .ARM.attributes
                0x000000000000022a       0x24 build/startup_stm32u585xx.o
 .ARM.attributes
                0x000000000000024e       0x38 /opt/homebrew/Cellar/arm-none-eabi-gcc/10.3-2021.10/gcc/bin/../lib/gcc/arm-none-eabi/10.3.1/../../../../arm-none-eabi/lib/thumb/v8-m.main+fp/hard/libc_nano.a(lib_a-init.o)
 .ARM.attributes
                0x0000000000000286       0x38 /opt/homebrew/Cellar/arm-none-eabi-gcc/10.3-2021.10/gcc/bin/../lib/gcc/arm-none-eabi/10.3.1/../../../../arm-none-eabi/lib/thumb/v8-m.main+fp/hard/libc_nano.a(lib_a-memset.o)
 .ARM.attributes
                0x00000000000002be       0x22 /opt/homebrew/Cellar/arm-none-eabi-gcc/10.3-2021.10/gcc/bin/../lib/gcc/arm-none-eabi/10.3.1/thumb/v8-m.main+fp/hard/crtn.o
OUTPUT(build/RDJ.elf elf32-littlearm)
LOAD linker stubs

.debug_info     0x0000000000000000     0x71d3
 .debug_info    0x0000000000000000      0x488 build/main.o
 .debug_info    0x0000000000000488      0x170 build/stm32u5xx_it.o
 .debug_info    0x00000000000005f8      0x533 build/stm32u5xx_hal_msp.o
 .debug_info    0x0000000000000b2b     0x1b3a build/stm32u5xx_hal_cortex.o
 .debug_info    0x0000000000002665     0x11d6 build/stm32u5xx_hal_pwr_ex.o
 .debug_info    0x000000000000383b     0x1544 build/stm32u5xx_hal.o
 .debug_info    0x0000000000004d7f     0x19b9 build/stm32u5xx_hal_rcc.o
 .debug_info    0x0000000000006738      0xa79 build/system_stm32u5xx.o
 .debug_info    0x00000000000071b1       0x22 build/startup_stm32u585xx.o

.debug_abbrev   0x0000000000000000      0xed4
 .debug_abbrev  0x0000000000000000      0x17a build/main.o
 .debug_abbrev  0x000000000000017a       0x81 build/stm32u5xx_it.o
 .debug_abbrev  0x00000000000001fb       0xc8 build/stm32u5xx_hal_msp.o
 .debug_abbrev  0x00000000000002c3      0x3ce build/stm32u5xx_hal_cortex.o
 .debug_abbrev  0x0000000000000691      0x228 build/stm32u5xx_hal_pwr_ex.o
 .debug_abbrev  0x00000000000008b9      0x280 build/stm32u5xx_hal.o
 .debug_abbrev  0x0000000000000b39      0x26e build/stm32u5xx_hal_rcc.o
 .debug_abbrev  0x0000000000000da7      0x11b build/system_stm32u5xx.o
 .debug_abbrev  0x0000000000000ec2       0x12 build/startup_stm32u585xx.o

.debug_loc      0x0000000000000000     0x2ee6
 .debug_loc     0x0000000000000000       0x86 build/main.o
 .debug_loc     0x0000000000000086       0x20 build/stm32u5xx_it.o
 .debug_loc     0x00000000000000a6       0x2c build/stm32u5xx_hal_msp.o
 .debug_loc     0x00000000000000d2      0x8d9 build/stm32u5xx_hal_cortex.o
 .debug_loc     0x00000000000009ab     0x10c5 build/stm32u5xx_hal_pwr_ex.o
 .debug_loc     0x0000000000001a70      0x35d build/stm32u5xx_hal.o
 .debug_loc     0x0000000000001dcd      0xfa4 build/stm32u5xx_hal_rcc.o
 .debug_loc     0x0000000000002d71      0x175 build/system_stm32u5xx.o

.debug_aranges  0x0000000000000000      0x5d0
 .debug_aranges
                0x0000000000000000       0x38 build/main.o
 .debug_aranges
                0x0000000000000038       0x60 build/stm32u5xx_it.o
 .debug_aranges
                0x0000000000000098       0x20 build/stm32u5xx_hal_msp.o
 .debug_aranges
                0x00000000000000b8       0xd8 build/stm32u5xx_hal_cortex.o
 .debug_aranges
                0x0000000000000190      0x200 build/stm32u5xx_hal_pwr_ex.o
 .debug_aranges
                0x0000000000000390      0x148 build/stm32u5xx_hal.o
 .debug_aranges
                0x00000000000004d8       0xa8 build/stm32u5xx_hal_rcc.o
 .debug_aranges
                0x0000000000000580       0x28 build/system_stm32u5xx.o
 .debug_aranges
                0x00000000000005a8       0x28 build/startup_stm32u585xx.o

.debug_ranges   0x0000000000000000      0x660
 .debug_ranges  0x0000000000000000       0x28 build/main.o
 .debug_ranges  0x0000000000000028       0x50 build/stm32u5xx_it.o
 .debug_ranges  0x0000000000000078       0x10 build/stm32u5xx_hal_msp.o
 .debug_ranges  0x0000000000000088      0x128 build/stm32u5xx_hal_cortex.o
 .debug_ranges  0x00000000000001b0      0x1f0 build/stm32u5xx_hal_pwr_ex.o
 .debug_ranges  0x00000000000003a0      0x138 build/stm32u5xx_hal.o
 .debug_ranges  0x00000000000004d8      0x150 build/stm32u5xx_hal_rcc.o
 .debug_ranges  0x0000000000000628       0x18 build/system_stm32u5xx.o
 .debug_ranges  0x0000000000000640       0x20 build/startup_stm32u585xx.o

.debug_line     0x0000000000000000     0x3f36
 .debug_line    0x0000000000000000      0x2cb build/main.o
 .debug_line    0x00000000000002cb      0x177 build/stm32u5xx_it.o
 .debug_line    0x0000000000000442      0x15e build/stm32u5xx_hal_msp.o
 .debug_line    0x00000000000005a0      0x889 build/stm32u5xx_hal_cortex.o
 .debug_line    0x0000000000000e29      0xf8d build/stm32u5xx_hal_pwr_ex.o
 .debug_line    0x0000000000001db6      0x76c build/stm32u5xx_hal.o
 .debug_line    0x0000000000002522     0x1630 build/stm32u5xx_hal_rcc.o
 .debug_line    0x0000000000003b52      0x36f build/system_stm32u5xx.o
 .debug_line    0x0000000000003ec1       0x75 build/startup_stm32u585xx.o

.debug_str      0x0000000000000000     0x2792
 .debug_str     0x0000000000000000      0x398 build/main.o
                                        0x41a (size before relaxing)
 .debug_str     0x0000000000000398       0xb4 build/stm32u5xx_it.o
                                        0x219 (size before relaxing)
 .debug_str     0x000000000000044c      0x25f build/stm32u5xx_hal_msp.o
                                        0x3de (size before relaxing)
 .debug_str     0x00000000000006ab      0xd94 build/stm32u5xx_hal_cortex.o
                                       0x1206 (size before relaxing)
 .debug_str     0x000000000000143f      0x8d8 build/stm32u5xx_hal_pwr_ex.o
                                        0xc2f (size before relaxing)
 .debug_str     0x0000000000001d17      0x6ad build/stm32u5xx_hal.o
                                       0x12d1 (size before relaxing)
 .debug_str     0x00000000000023c4      0x36d build/stm32u5xx_hal_rcc.o
                                        0xc0a (size before relaxing)
 .debug_str     0x0000000000002731       0x3d build/system_stm32u5xx.o
                                        0x56e (size before relaxing)
 .debug_str     0x000000000000276e       0x24 build/startup_stm32u585xx.o
                                         0x39 (size before relaxing)

.comment        0x0000000000000000       0x49
 .comment       0x0000000000000000       0x49 build/main.o
                                         0x4a (size before relaxing)
 .comment       0x0000000000000049       0x4a build/stm32u5xx_it.o
 .comment       0x0000000000000049       0x4a build/stm32u5xx_hal_msp.o
 .comment       0x0000000000000049       0x4a build/stm32u5xx_hal_cortex.o
 .comment       0x0000000000000049       0x4a build/stm32u5xx_hal_pwr_ex.o
 .comment       0x0000000000000049       0x4a build/stm32u5xx_hal.o
 .comment       0x0000000000000049       0x4a build/stm32u5xx_hal_rcc.o
 .comment       0x0000000000000049       0x4a build/system_stm32u5xx.o

.debug_frame    0x0000000000000000      0xc24
 .debug_frame   0x0000000000000000       0x70 build/main.o
 .debug_frame   0x0000000000000070       0xa8 build/stm32u5xx_it.o
 .debug_frame   0x0000000000000118       0x28 build/stm32u5xx_hal_msp.o
 .debug_frame   0x0000000000000140      0x1b8 build/stm32u5xx_hal_cortex.o
 .debug_frame   0x00000000000002f8      0x3f8 build/stm32u5xx_hal_pwr_ex.o
 .debug_frame   0x00000000000006f0      0x2a8 build/stm32u5xx_hal.o
 .debug_frame   0x0000000000000998      0x204 build/stm32u5xx_hal_rcc.o
 .debug_frame   0x0000000000000b9c       0x3c build/system_stm32u5xx.o
 .debug_frame   0x0000000000000bd8       0x2c /opt/homebrew/Cellar/arm-none-eabi-gcc/10.3-2021.10/gcc/bin/../lib/gcc/arm-none-eabi/10.3.1/../../../../arm-none-eabi/lib/thumb/v8-m.main+fp/hard/libc_nano.a(lib_a-init.o)
 .debug_frame   0x0000000000000c04       0x20 /opt/homebrew/Cellar/arm-none-eabi-gcc/10.3-2021.10/gcc/bin/../lib/gcc/arm-none-eabi/10.3.1/../../../../arm-none-eabi/lib/thumb/v8-m.main+fp/hard/libc_nano.a(lib_a-memset.o)

Cross Reference Table

Symbol                                            File
ADC1_IRQHandler                                   build/startup_stm32u585xx.o
ADC4_IRQHandler                                   build/startup_stm32u585xx.o
ADF1_IRQHandler                                   build/startup_stm32u585xx.o
AES_IRQHandler                                    build/startup_stm32u585xx.o
AHBPrescTable                                     build/system_stm32u5xx.o
                                                  build/stm32u5xx_hal_rcc.o
                                                  build/stm32u5xx_hal.o
APBPrescTable                                     build/system_stm32u5xx.o
                                                  build/stm32u5xx_hal_rcc.o
BusFault_Handler                                  build/stm32u5xx_it.o
COMP_IRQHandler                                   build/startup_stm32u585xx.o
CORDIC_IRQHandler                                 build/startup_stm32u585xx.o
CRS_IRQHandler                                    build/startup_stm32u585xx.o
DAC1_IRQHandler                                   build/startup_stm32u585xx.o
DCACHE1_IRQHandler                                build/startup_stm32u585xx.o
DCMI_PSSI_IRQHandler                              build/startup_stm32u585xx.o
DMA2D_IRQHandler                                  build/startup_stm32u585xx.o
DebugMon_Handler                                  build/stm32u5xx_it.o
Default_Handler                                   build/startup_stm32u585xx.o
EXTI0_IRQHandler                                  build/startup_stm32u585xx.o
EXTI10_IRQHandler                                 build/startup_stm32u585xx.o
EXTI11_IRQHandler                                 build/startup_stm32u585xx.o
EXTI12_IRQHandler                                 build/startup_stm32u585xx.o
EXTI13_IRQHandler                                 build/startup_stm32u585xx.o
EXTI14_IRQHandler                                 build/startup_stm32u585xx.o
EXTI15_IRQHandler                                 build/startup_stm32u585xx.o
EXTI1_IRQHandler                                  build/startup_stm32u585xx.o
EXTI2_IRQHandler                                  build/startup_stm32u585xx.o
EXTI3_IRQHandler                                  build/startup_stm32u585xx.o
EXTI4_IRQHandler                                  build/startup_stm32u585xx.o
EXTI5_IRQHandler                                  build/startup_stm32u585xx.o
EXTI6_IRQHandler                                  build/startup_stm32u585xx.o
EXTI7_IRQHandler                                  build/startup_stm32u585xx.o
EXTI8_IRQHandler                                  build/startup_stm32u585xx.o
EXTI9_IRQHandler                                  build/startup_stm32u585xx.o
Error_Handler                                     build/main.o
FDCAN1_IT0_IRQHandler                             build/startup_stm32u585xx.o
FDCAN1_IT1_IRQHandler                             build/startup_stm32u585xx.o
FLASH_IRQHandler                                  build/startup_stm32u585xx.o
FLASH_PageErase                                   build/stm32u5xx_hal_flash_ex.o
                                                  build/stm32u5xx_hal_flash.o
FLASH_S_IRQHandler                                build/startup_stm32u585xx.o
FLASH_WaitForLastOperation                        build/stm32u5xx_hal_flash.o
                                                  build/stm32u5xx_hal_flash_ex.o
FMAC_IRQHandler                                   build/startup_stm32u585xx.o
FMC_IRQHandler                                    build/startup_stm32u585xx.o
FPU_IRQHandler                                    build/startup_stm32u585xx.o
GPDMA1_Channel0_IRQHandler                        build/startup_stm32u585xx.o
GPDMA1_Channel10_IRQHandler                       build/startup_stm32u585xx.o
GPDMA1_Channel11_IRQHandler                       build/startup_stm32u585xx.o
GPDMA1_Channel12_IRQHandler                       build/startup_stm32u585xx.o
GPDMA1_Channel13_IRQHandler                       build/startup_stm32u585xx.o
GPDMA1_Channel14_IRQHandler                       build/startup_stm32u585xx.o
GPDMA1_Channel15_IRQHandler                       build/startup_stm32u585xx.o
GPDMA1_Channel1_IRQHandler                        build/startup_stm32u585xx.o
GPDMA1_Channel2_IRQHandler                        build/startup_stm32u585xx.o
GPDMA1_Channel3_IRQHandler                        build/startup_stm32u585xx.o
GPDMA1_Channel4_IRQHandler                        build/startup_stm32u585xx.o
GPDMA1_Channel5_IRQHandler                        build/startup_stm32u585xx.o
GPDMA1_Channel6_IRQHandler                        build/startup_stm32u585xx.o
GPDMA1_Channel7_IRQHandler                        build/startup_stm32u585xx.o
GPDMA1_Channel8_IRQHandler                        build/startup_stm32u585xx.o
GPDMA1_Channel9_IRQHandler                        build/startup_stm32u585xx.o
GTZC_IRQHandler                                   build/startup_stm32u585xx.o
HAL_DBGMCU_DisableDBGStandbyMode                  build/stm32u5xx_hal.o
HAL_DBGMCU_DisableDBGStopMode                     build/stm32u5xx_hal.o
HAL_DBGMCU_EnableDBGStandbyMode                   build/stm32u5xx_hal.o
HAL_DBGMCU_EnableDBGStopMode                      build/stm32u5xx_hal.o
HAL_DMAEx_ConfigDataHandling                      build/stm32u5xx_hal_dma_ex.o
HAL_DMAEx_ConfigRepeatBlock                       build/stm32u5xx_hal_dma_ex.o
HAL_DMAEx_ConfigTrigger                           build/stm32u5xx_hal_dma_ex.o
HAL_DMAEx_GetFifoLevel                            build/stm32u5xx_hal_dma_ex.o
HAL_DMAEx_List_BuildNode                          build/stm32u5xx_hal_dma_ex.o
HAL_DMAEx_List_ClearCircularMode                  build/stm32u5xx_hal_dma_ex.o
HAL_DMAEx_List_ConvertQToDynamic                  build/stm32u5xx_hal_dma_ex.o
HAL_DMAEx_List_ConvertQToStatic                   build/stm32u5xx_hal_dma_ex.o
HAL_DMAEx_List_DeInit                             build/stm32u5xx_hal_dma_ex.o
HAL_DMAEx_List_GetNodeConfig                      build/stm32u5xx_hal_dma_ex.o
HAL_DMAEx_List_Init                               build/stm32u5xx_hal_dma_ex.o
HAL_DMAEx_List_InsertNode                         build/stm32u5xx_hal_dma_ex.o
HAL_DMAEx_List_InsertNode_Head                    build/stm32u5xx_hal_dma_ex.o
HAL_DMAEx_List_InsertNode_Tail                    build/stm32u5xx_hal_dma_ex.o
HAL_DMAEx_List_InsertQ                            build/stm32u5xx_hal_dma_ex.o
HAL_DMAEx_List_InsertQ_Head                       build/stm32u5xx_hal_dma_ex.o
HAL_DMAEx_List_InsertQ_Tail                       build/stm32u5xx_hal_dma_ex.o
HAL_DMAEx_List_LinkQ                              build/stm32u5xx_hal_dma_ex.o
HAL_DMAEx_List_RemoveNode                         build/stm32u5xx_hal_dma_ex.o
HAL_DMAEx_List_RemoveNode_Head                    build/stm32u5xx_hal_dma_ex.o
HAL_DMAEx_List_RemoveNode_Tail                    build/stm32u5xx_hal_dma_ex.o
HAL_DMAEx_List_ReplaceNode                        build/stm32u5xx_hal_dma_ex.o
HAL_DMAEx_List_ReplaceNode_Head                   build/stm32u5xx_hal_dma_ex.o
HAL_DMAEx_List_ReplaceNode_Tail                   build/stm32u5xx_hal_dma_ex.o
HAL_DMAEx_List_ResetQ                             build/stm32u5xx_hal_dma_ex.o
HAL_DMAEx_List_SetCircularMode                    build/stm32u5xx_hal_dma_ex.o
HAL_DMAEx_List_SetCircularModeConfig              build/stm32u5xx_hal_dma_ex.o
HAL_DMAEx_List_Start                              build/stm32u5xx_hal_dma_ex.o
HAL_DMAEx_List_Start_IT                           build/stm32u5xx_hal_dma_ex.o
HAL_DMAEx_List_UnLinkQ                            build/stm32u5xx_hal_dma_ex.o
HAL_DMAEx_Resume                                  build/stm32u5xx_hal_dma_ex.o
HAL_DMAEx_Suspend                                 build/stm32u5xx_hal_dma_ex.o
HAL_DMAEx_Suspend_IT                              build/stm32u5xx_hal_dma_ex.o
HAL_DMA_Abort                                     build/stm32u5xx_hal_dma.o
HAL_DMA_Abort_IT                                  build/stm32u5xx_hal_dma.o
HAL_DMA_ConfigChannelAttributes                   build/stm32u5xx_hal_dma.o
HAL_DMA_DeInit                                    build/stm32u5xx_hal_dma.o
HAL_DMA_GetConfigChannelAttributes                build/stm32u5xx_hal_dma.o
HAL_DMA_GetError                                  build/stm32u5xx_hal_dma.o
HAL_DMA_GetLockChannelAttributes                  build/stm32u5xx_hal_dma.o
HAL_DMA_GetState                                  build/stm32u5xx_hal_dma.o
HAL_DMA_IRQHandler                                build/stm32u5xx_hal_dma.o
HAL_DMA_Init                                      build/stm32u5xx_hal_dma.o
HAL_DMA_PollForTransfer                           build/stm32u5xx_hal_dma.o
HAL_DMA_RegisterCallback                          build/stm32u5xx_hal_dma.o
HAL_DMA_Start                                     build/stm32u5xx_hal_dma.o
HAL_DMA_Start_IT                                  build/stm32u5xx_hal_dma.o
HAL_DMA_UnRegisterCallback                        build/stm32u5xx_hal_dma.o
HAL_DeInit                                        build/stm32u5xx_hal.o
HAL_Delay                                         build/stm32u5xx_hal.o
HAL_EXTI_ClearConfigLine                          build/stm32u5xx_hal_exti.o
HAL_EXTI_ClearPending                             build/stm32u5xx_hal_exti.o
HAL_EXTI_ConfigLineAttributes                     build/stm32u5xx_hal_exti.o
HAL_EXTI_GenerateSWI                              build/stm32u5xx_hal_exti.o
HAL_EXTI_GetConfigLine                            build/stm32u5xx_hal_exti.o
HAL_EXTI_GetConfigLineAttributes                  build/stm32u5xx_hal_exti.o
HAL_EXTI_GetHandle                                build/stm32u5xx_hal_exti.o
HAL_EXTI_GetPending                               build/stm32u5xx_hal_exti.o
HAL_EXTI_IRQHandler                               build/stm32u5xx_hal_exti.o
HAL_EXTI_RegisterCallback                         build/stm32u5xx_hal_exti.o
HAL_EXTI_SetConfigLine                            build/stm32u5xx_hal_exti.o
HAL_FLASHEx_ConfigBBAttributes                    build/stm32u5xx_hal_flash_ex.o
HAL_FLASHEx_ConfigLowPowerRead                    build/stm32u5xx_hal_flash_ex.o
HAL_FLASHEx_ConfigPrivMode                        build/stm32u5xx_hal_flash_ex.o
HAL_FLASHEx_EnablePowerDown                       build/stm32u5xx_hal_flash_ex.o
HAL_FLASHEx_Erase                                 build/stm32u5xx_hal_flash_ex.o
HAL_FLASHEx_Erase_IT                              build/stm32u5xx_hal_flash_ex.o
HAL_FLASHEx_GetConfigBBAttributes                 build/stm32u5xx_hal_flash_ex.o
HAL_FLASHEx_GetLowPowerRead                       build/stm32u5xx_hal_flash_ex.o
HAL_FLASHEx_GetOperation                          build/stm32u5xx_hal_flash_ex.o
HAL_FLASHEx_GetPrivMode                           build/stm32u5xx_hal_flash_ex.o
HAL_FLASHEx_OBGetConfig                           build/stm32u5xx_hal_flash_ex.o
HAL_FLASHEx_OBProgram                             build/stm32u5xx_hal_flash_ex.o
HAL_FLASH_EndOfOperationCallback                  build/stm32u5xx_hal_flash.o
HAL_FLASH_GetError                                build/stm32u5xx_hal_flash.o
HAL_FLASH_IRQHandler                              build/stm32u5xx_hal_flash.o
HAL_FLASH_Lock                                    build/stm32u5xx_hal_flash.o
HAL_FLASH_OB_Launch                               build/stm32u5xx_hal_flash.o
HAL_FLASH_OB_Lock                                 build/stm32u5xx_hal_flash.o
HAL_FLASH_OB_Unlock                               build/stm32u5xx_hal_flash.o
HAL_FLASH_OperationErrorCallback                  build/stm32u5xx_hal_flash.o
HAL_FLASH_Program                                 build/stm32u5xx_hal_flash.o
HAL_FLASH_Program_IT                              build/stm32u5xx_hal_flash.o
HAL_FLASH_Unlock                                  build/stm32u5xx_hal_flash.o
HAL_GPIO_DeInit                                   build/stm32u5xx_hal_gpio.o
HAL_GPIO_DisableHighSPeedLowVoltage               build/stm32u5xx_hal_gpio.o
HAL_GPIO_EXTI_Falling_Callback                    build/stm32u5xx_hal_gpio.o
HAL_GPIO_EXTI_IRQHandler                          build/stm32u5xx_hal_gpio.o
HAL_GPIO_EXTI_Rising_Callback                     build/stm32u5xx_hal_gpio.o
HAL_GPIO_EnableHighSPeedLowVoltage                build/stm32u5xx_hal_gpio.o
HAL_GPIO_Init                                     build/stm32u5xx_hal_gpio.o
                                                  build/stm32u5xx_hal_rcc.o
HAL_GPIO_LockPin                                  build/stm32u5xx_hal_gpio.o
HAL_GPIO_ReadPin                                  build/stm32u5xx_hal_gpio.o
HAL_GPIO_TogglePin                                build/stm32u5xx_hal_gpio.o
HAL_GPIO_WriteMultipleStatePin                    build/stm32u5xx_hal_gpio.o
HAL_GPIO_WritePin                                 build/stm32u5xx_hal_gpio.o
HAL_GetDEVID                                      build/stm32u5xx_hal.o
HAL_GetHalVersion                                 build/stm32u5xx_hal.o
HAL_GetREVID                                      build/stm32u5xx_hal.o
HAL_GetTick                                       build/stm32u5xx_hal.o
                                                  build/stm32u5xx_hal_dma_ex.o
                                                  build/stm32u5xx_hal_dma.o
                                                  build/stm32u5xx_hal_flash_ex.o
                                                  build/stm32u5xx_hal_flash.o
                                                  build/stm32u5xx_hal_rcc_ex.o
                                                  build/stm32u5xx_hal_rcc.o
HAL_GetTickFreq                                   build/stm32u5xx_hal.o
HAL_GetTickPrio                                   build/stm32u5xx_hal.o
HAL_GetUIDw0                                      build/stm32u5xx_hal.o
HAL_GetUIDw1                                      build/stm32u5xx_hal.o
HAL_GetUIDw2                                      build/stm32u5xx_hal.o
HAL_IncTick                                       build/stm32u5xx_hal.o
                                                  build/stm32u5xx_it.o
HAL_Init                                          build/stm32u5xx_hal.o
                                                  build/main.o
HAL_InitTick                                      build/stm32u5xx_hal.o
                                                  build/stm32u5xx_hal_rcc.o
HAL_MPU_ConfigMemoryAttributes                    build/stm32u5xx_hal_cortex.o
HAL_MPU_ConfigRegion                              build/stm32u5xx_hal_cortex.o
HAL_MPU_Disable                                   build/stm32u5xx_hal_cortex.o
HAL_MPU_DisableRegion                             build/stm32u5xx_hal_cortex.o
HAL_MPU_Enable                                    build/stm32u5xx_hal_cortex.o
HAL_MPU_EnableRegion                              build/stm32u5xx_hal_cortex.o
HAL_MspDeInit                                     build/stm32u5xx_hal.o
HAL_MspInit                                       build/stm32u5xx_hal_msp.o
HAL_NVIC_ClearPendingIRQ                          build/stm32u5xx_hal_cortex.o
HAL_NVIC_DisableIRQ                               build/stm32u5xx_hal_cortex.o
HAL_NVIC_EnableIRQ                                build/stm32u5xx_hal_cortex.o
HAL_NVIC_GetActive                                build/stm32u5xx_hal_cortex.o
HAL_NVIC_GetPendingIRQ                            build/stm32u5xx_hal_cortex.o
HAL_NVIC_GetPriority                              build/stm32u5xx_hal_cortex.o
HAL_NVIC_GetPriorityGrouping                      build/stm32u5xx_hal_cortex.o
HAL_NVIC_SetPendingIRQ                            build/stm32u5xx_hal_cortex.o
HAL_NVIC_SetPriority                              build/stm32u5xx_hal_cortex.o
                                                  build/stm32u5xx_hal.o
HAL_NVIC_SetPriorityGrouping                      build/stm32u5xx_hal_cortex.o
                                                  build/stm32u5xx_hal.o
HAL_NVIC_SystemReset                              build/stm32u5xx_hal_cortex.o
HAL_PWREx_AVM1Callback                            build/stm32u5xx_hal_pwr_ex.o
HAL_PWREx_AVM2Callback                            build/stm32u5xx_hal_pwr_ex.o
HAL_PWREx_ConfigPVM                               build/stm32u5xx_hal_pwr_ex.o
HAL_PWREx_ConfigSRDDomain                         build/stm32u5xx_hal_pwr_ex.o
HAL_PWREx_ConfigSupply                            build/stm32u5xx_hal_pwr_ex.o
HAL_PWREx_ControlVoltageScaling                   build/stm32u5xx_hal_pwr_ex.o
                                                  build/main.o
HAL_PWREx_DisableAVM1                             build/stm32u5xx_hal_pwr_ex.o
HAL_PWREx_DisableAVM2                             build/stm32u5xx_hal_pwr_ex.o
HAL_PWREx_DisableBatteryCharging                  build/stm32u5xx_hal_pwr_ex.o
HAL_PWREx_DisableBkupRAMRetention                 build/stm32u5xx_hal_pwr_ex.o
HAL_PWREx_DisableFastSoftStart                    build/stm32u5xx_hal_pwr_ex.o
HAL_PWREx_DisableFlashFastWakeUp                  build/stm32u5xx_hal_pwr_ex.o
HAL_PWREx_DisableGPIOPullDown                     build/stm32u5xx_hal_pwr_ex.o
HAL_PWREx_DisableGPIOPullUp                       build/stm32u5xx_hal_pwr_ex.o
HAL_PWREx_DisableIO2VM                            build/stm32u5xx_hal_pwr_ex.o
HAL_PWREx_DisableMonitoring                       build/stm32u5xx_hal_pwr_ex.o
HAL_PWREx_DisablePullUpPullDownConfig             build/stm32u5xx_hal_pwr_ex.o
HAL_PWREx_DisableRAMsContentRunRetention          build/stm32u5xx_hal_pwr_ex.o
HAL_PWREx_DisableRAMsContentStopRetention         build/stm32u5xx_hal_pwr_ex.o
HAL_PWREx_DisableSRAM2ContentStandbyRetention     build/stm32u5xx_hal_pwr_ex.o
HAL_PWREx_DisableSRAM4FastWakeUp                  build/stm32u5xx_hal_pwr_ex.o
HAL_PWREx_DisableUCPDDeadBattery                  build/stm32u5xx_hal_pwr_ex.o
                                                  build/main.o
HAL_PWREx_DisableUCPDStandbyMode                  build/stm32u5xx_hal_pwr_ex.o
HAL_PWREx_DisableUVM                              build/stm32u5xx_hal_pwr_ex.o
HAL_PWREx_DisableUltraLowPowerMode                build/stm32u5xx_hal_pwr_ex.o
HAL_PWREx_DisableVddA                             build/stm32u5xx_hal_pwr_ex.o
HAL_PWREx_DisableVddIO2                           build/stm32u5xx_hal_pwr_ex.o
HAL_PWREx_DisableVddUSB                           build/stm32u5xx_hal_pwr_ex.o
HAL_PWREx_EnableAVM1                              build/stm32u5xx_hal_pwr_ex.o
HAL_PWREx_EnableAVM2                              build/stm32u5xx_hal_pwr_ex.o
HAL_PWREx_EnableBatteryCharging                   build/stm32u5xx_hal_pwr_ex.o
HAL_PWREx_EnableBkupRAMRetention                  build/stm32u5xx_hal_pwr_ex.o
HAL_PWREx_EnableFastSoftStart                     build/stm32u5xx_hal_pwr_ex.o
HAL_PWREx_EnableFlashFastWakeUp                   build/stm32u5xx_hal_pwr_ex.o
HAL_PWREx_EnableGPIOPullDown                      build/stm32u5xx_hal_pwr_ex.o
HAL_PWREx_EnableGPIOPullUp                        build/stm32u5xx_hal_pwr_ex.o
HAL_PWREx_EnableIO2VM                             build/stm32u5xx_hal_pwr_ex.o
HAL_PWREx_EnableMonitoring                        build/stm32u5xx_hal_pwr_ex.o
HAL_PWREx_EnablePullUpPullDownConfig              build/stm32u5xx_hal_pwr_ex.o
HAL_PWREx_EnableRAMsContentRunRetention           build/stm32u5xx_hal_pwr_ex.o
HAL_PWREx_EnableRAMsContentStopRetention          build/stm32u5xx_hal_pwr_ex.o
HAL_PWREx_EnableSRAM2ContentStandbyRetention      build/stm32u5xx_hal_pwr_ex.o
HAL_PWREx_EnableSRAM4FastWakeUp                   build/stm32u5xx_hal_pwr_ex.o
HAL_PWREx_EnableUCPDDeadBattery                   build/stm32u5xx_hal_pwr_ex.o
HAL_PWREx_EnableUCPDStandbyMode                   build/stm32u5xx_hal_pwr_ex.o
HAL_PWREx_EnableUVM                               build/stm32u5xx_hal_pwr_ex.o
HAL_PWREx_EnableUltraLowPowerMode                 build/stm32u5xx_hal_pwr_ex.o
HAL_PWREx_EnableVddA                              build/stm32u5xx_hal_pwr_ex.o
HAL_PWREx_EnableVddIO2                            build/stm32u5xx_hal_pwr_ex.o
HAL_PWREx_EnableVddUSB                            build/stm32u5xx_hal_pwr_ex.o
HAL_PWREx_EnterSHUTDOWNMode                       build/stm32u5xx_hal_pwr_ex.o
HAL_PWREx_EnterSTOP1Mode                          build/stm32u5xx_hal_pwr_ex.o
HAL_PWREx_EnterSTOP2Mode                          build/stm32u5xx_hal_pwr_ex.o
HAL_PWREx_EnterSTOP3Mode                          build/stm32u5xx_hal_pwr_ex.o
HAL_PWREx_GetSupplyConfig                         build/stm32u5xx_hal_pwr_ex.o
HAL_PWREx_GetVoltageRange                         build/stm32u5xx_hal_pwr_ex.o
                                                  build/stm32u5xx_hal_rcc.o
HAL_PWREx_IO2VMCallback                           build/stm32u5xx_hal_pwr_ex.o
HAL_PWREx_PVD_PVM_IRQHandler                      build/stm32u5xx_hal_pwr_ex.o
HAL_PWREx_S3WUCallback                            build/stm32u5xx_hal_pwr_ex.o
HAL_PWREx_S3WU_IRQHandler                         build/stm32u5xx_hal_pwr_ex.o
HAL_PWREx_UVMCallback                             build/stm32u5xx_hal_pwr_ex.o
HAL_PWR_ConfigAttributes                          build/stm32u5xx_hal_pwr.o
HAL_PWR_ConfigPVD                                 build/stm32u5xx_hal_pwr.o
HAL_PWR_DeInit                                    build/stm32u5xx_hal_pwr.o
HAL_PWR_DisableBkUpAccess                         build/stm32u5xx_hal_pwr.o
                                                  build/stm32u5xx_hal_rcc_ex.o
HAL_PWR_DisablePVD                                build/stm32u5xx_hal_pwr.o
HAL_PWR_DisableSEVOnPend                          build/stm32u5xx_hal_pwr.o
HAL_PWR_DisableSleepOnExit                        build/stm32u5xx_hal_pwr.o
HAL_PWR_DisableWakeUpPin                          build/stm32u5xx_hal_pwr.o
HAL_PWR_EnableBkUpAccess                          build/stm32u5xx_hal_pwr.o
                                                  build/stm32u5xx_hal_rcc_ex.o
HAL_PWR_EnablePVD                                 build/stm32u5xx_hal_pwr.o
HAL_PWR_EnableSEVOnPend                           build/stm32u5xx_hal_pwr.o
HAL_PWR_EnableSleepOnExit                         build/stm32u5xx_hal_pwr.o
HAL_PWR_EnableWakeUpPin                           build/stm32u5xx_hal_pwr.o
HAL_PWR_EnterSLEEPMode                            build/stm32u5xx_hal_pwr.o
HAL_PWR_EnterSTANDBYMode                          build/stm32u5xx_hal_pwr.o
HAL_PWR_EnterSTOPMode                             build/stm32u5xx_hal_pwr.o
HAL_PWR_GetConfigAttributes                       build/stm32u5xx_hal_pwr.o
HAL_PWR_PVDCallback                               build/stm32u5xx_hal_pwr.o
                                                  build/stm32u5xx_hal_pwr_ex.o
HAL_PWR_PVD_IRQHandler                            build/stm32u5xx_hal_pwr.o
HAL_RCCEx_CRSConfig                               build/stm32u5xx_hal_rcc_ex.o
HAL_RCCEx_CRSGetSynchronizationInfo               build/stm32u5xx_hal_rcc_ex.o
HAL_RCCEx_CRSSoftwareSynchronizationGenerate      build/stm32u5xx_hal_rcc_ex.o
HAL_RCCEx_CRSWaitSynchronization                  build/stm32u5xx_hal_rcc_ex.o
HAL_RCCEx_CRS_ErrorCallback                       build/stm32u5xx_hal_rcc_ex.o
HAL_RCCEx_CRS_ExpectedSyncCallback                build/stm32u5xx_hal_rcc_ex.o
HAL_RCCEx_CRS_IRQHandler                          build/stm32u5xx_hal_rcc_ex.o
HAL_RCCEx_CRS_SyncOkCallback                      build/stm32u5xx_hal_rcc_ex.o
HAL_RCCEx_CRS_SyncWarnCallback                    build/stm32u5xx_hal_rcc_ex.o
HAL_RCCEx_DisableLSCO                             build/stm32u5xx_hal_rcc_ex.o
HAL_RCCEx_DisableLSECSS                           build/stm32u5xx_hal_rcc_ex.o
HAL_RCCEx_DisableMSIPLLFastStartup                build/stm32u5xx_hal_rcc_ex.o
HAL_RCCEx_DisableMSIPLLMode                       build/stm32u5xx_hal_rcc_ex.o
HAL_RCCEx_DisablePLL2                             build/stm32u5xx_hal_rcc_ex.o
HAL_RCCEx_DisablePLL3                             build/stm32u5xx_hal_rcc_ex.o
HAL_RCCEx_EnableLSCO                              build/stm32u5xx_hal_rcc_ex.o
HAL_RCCEx_EnableLSECSS                            build/stm32u5xx_hal_rcc_ex.o
HAL_RCCEx_EnableLSECSS_IT                         build/stm32u5xx_hal_rcc_ex.o
HAL_RCCEx_EnableMSIPLLFastStartup                 build/stm32u5xx_hal_rcc_ex.o
HAL_RCCEx_EnableMSIPLLMode                        build/stm32u5xx_hal_rcc_ex.o
HAL_RCCEx_EnableMSIPLLModeSelection               build/stm32u5xx_hal_rcc_ex.o
HAL_RCCEx_EnableMSIPLLUNLCK_IT                    build/stm32u5xx_hal_rcc_ex.o
HAL_RCCEx_EnablePLL2                              build/stm32u5xx_hal_rcc_ex.o
HAL_RCCEx_EnablePLL3                              build/stm32u5xx_hal_rcc_ex.o
HAL_RCCEx_GetPLL1ClockFreq                        build/stm32u5xx_hal_rcc_ex.o
HAL_RCCEx_GetPLL2ClockFreq                        build/stm32u5xx_hal_rcc_ex.o
HAL_RCCEx_GetPLL3ClockFreq                        build/stm32u5xx_hal_rcc_ex.o
HAL_RCCEx_GetPeriphCLKConfig                      build/stm32u5xx_hal_rcc_ex.o
HAL_RCCEx_GetPeriphCLKFreq                        build/stm32u5xx_hal_rcc_ex.o
HAL_RCCEx_KerWakeUpStopCLKConfig                  build/stm32u5xx_hal_rcc_ex.o
HAL_RCCEx_LSECSS_Callback                         build/stm32u5xx_hal_rcc_ex.o
HAL_RCCEx_LSECSS_IRQHandler                       build/stm32u5xx_hal_rcc_ex.o
HAL_RCCEx_MSIPLLUNLCK_Callback                    build/stm32u5xx_hal_rcc_ex.o
HAL_RCCEx_MSIPLLUNLCK_IRQHandler                  build/stm32u5xx_hal_rcc_ex.o
HAL_RCCEx_PeriphCLKConfig                         build/stm32u5xx_hal_rcc_ex.o
HAL_RCCEx_StandbyMSIKRangeConfig                  build/stm32u5xx_hal_rcc_ex.o
HAL_RCCEx_StandbyMSIRangeConfig                   build/stm32u5xx_hal_rcc_ex.o
HAL_RCCEx_WakeUpStopCLKConfig                     build/stm32u5xx_hal_rcc_ex.o
HAL_RCC_CSSCallback                               build/stm32u5xx_hal_rcc.o
HAL_RCC_ClockConfig                               build/stm32u5xx_hal_rcc.o
                                                  build/main.o
HAL_RCC_ConfigAttributes                          build/stm32u5xx_hal_rcc.o
HAL_RCC_DeInit                                    build/stm32u5xx_hal_rcc.o
HAL_RCC_EnableCSS                                 build/stm32u5xx_hal_rcc.o
HAL_RCC_GetClockConfig                            build/stm32u5xx_hal_rcc.o
HAL_RCC_GetConfigAttributes                       build/stm32u5xx_hal_rcc.o
HAL_RCC_GetHCLKFreq                               build/stm32u5xx_hal_rcc.o
                                                  build/stm32u5xx_hal_rcc_ex.o
HAL_RCC_GetOscConfig                              build/stm32u5xx_hal_rcc.o
HAL_RCC_GetPCLK1Freq                              build/stm32u5xx_hal_rcc.o
                                                  build/stm32u5xx_hal_rcc_ex.o
HAL_RCC_GetPCLK2Freq                              build/stm32u5xx_hal_rcc.o
                                                  build/stm32u5xx_hal_rcc_ex.o
HAL_RCC_GetPCLK3Freq                              build/stm32u5xx_hal_rcc.o
                                                  build/stm32u5xx_hal_rcc_ex.o
HAL_RCC_GetResetSource                            build/stm32u5xx_hal_rcc.o
HAL_RCC_GetSysClockFreq                           build/stm32u5xx_hal_rcc.o
                                                  build/stm32u5xx_hal_rcc_ex.o
                                                  build/stm32u5xx_hal.o
HAL_RCC_MCOConfig                                 build/stm32u5xx_hal_rcc.o
HAL_RCC_NMI_IRQHandler                            build/stm32u5xx_hal_rcc.o
HAL_RCC_OscConfig                                 build/stm32u5xx_hal_rcc.o
                                                  build/main.o
HAL_ResumeTick                                    build/stm32u5xx_hal.o
HAL_SYSCFG_DisableIOAnalogBooster                 build/stm32u5xx_hal.o
HAL_SYSCFG_DisableIOAnalogVoltageSelection        build/stm32u5xx_hal.o
HAL_SYSCFG_DisableVREFBUF                         build/stm32u5xx_hal.o
HAL_SYSCFG_DisableVddCompensationCell             build/stm32u5xx_hal.o
HAL_SYSCFG_DisableVddIO2CompensationCell          build/stm32u5xx_hal.o
HAL_SYSCFG_EnableIOAnalogBooster                  build/stm32u5xx_hal.o
HAL_SYSCFG_EnableIOAnalogVoltageSelection         build/stm32u5xx_hal.o
HAL_SYSCFG_EnableVREFBUF                          build/stm32u5xx_hal.o
HAL_SYSCFG_EnableVddCompensationCell              build/stm32u5xx_hal.o
HAL_SYSCFG_EnableVddIO2CompensationCell           build/stm32u5xx_hal.o
HAL_SYSCFG_GetLock                                build/stm32u5xx_hal.o
HAL_SYSCFG_Lock                                   build/stm32u5xx_hal.o
HAL_SYSCFG_VREFBUF_HighImpedanceConfig            build/stm32u5xx_hal.o
HAL_SYSCFG_VREFBUF_TrimmingConfig                 build/stm32u5xx_hal.o
HAL_SYSCFG_VREFBUF_VoltageScalingConfig           build/stm32u5xx_hal.o
HAL_SYSTICK_CLKSourceConfig                       build/stm32u5xx_hal_cortex.o
                                                  build/stm32u5xx_hal.o
HAL_SYSTICK_Callback                              build/stm32u5xx_hal_cortex.o
HAL_SYSTICK_Config                                build/stm32u5xx_hal_cortex.o
                                                  build/stm32u5xx_hal.o
HAL_SYSTICK_GetCLKSourceConfig                    build/stm32u5xx_hal_cortex.o
                                                  build/stm32u5xx_hal.o
HAL_SYSTICK_IRQHandler                            build/stm32u5xx_hal_cortex.o
HAL_SetTickFreq                                   build/stm32u5xx_hal.o
HAL_SuspendTick                                   build/stm32u5xx_hal.o
HASH_IRQHandler                                   build/startup_stm32u585xx.o
HardFault_Handler                                 build/stm32u5xx_it.o
I2C1_ER_IRQHandler                                build/startup_stm32u585xx.o
I2C1_EV_IRQHandler                                build/startup_stm32u585xx.o
I2C2_ER_IRQHandler                                build/startup_stm32u585xx.o
I2C2_EV_IRQHandler                                build/startup_stm32u585xx.o
I2C3_ER_IRQHandler                                build/startup_stm32u585xx.o
I2C3_EV_IRQHandler                                build/startup_stm32u585xx.o
I2C4_ER_IRQHandler                                build/startup_stm32u585xx.o
I2C4_EV_IRQHandler                                build/startup_stm32u585xx.o
ICACHE_IRQHandler                                 build/startup_stm32u585xx.o
IWDG_IRQHandler                                   build/startup_stm32u585xx.o
LPDMA1_Channel0_IRQHandler                        build/startup_stm32u585xx.o
LPDMA1_Channel1_IRQHandler                        build/startup_stm32u585xx.o
LPDMA1_Channel2_IRQHandler                        build/startup_stm32u585xx.o
LPDMA1_Channel3_IRQHandler                        build/startup_stm32u585xx.o
LPTIM1_IRQHandler                                 build/startup_stm32u585xx.o
LPTIM2_IRQHandler                                 build/startup_stm32u585xx.o
LPTIM3_IRQHandler                                 build/startup_stm32u585xx.o
LPTIM4_IRQHandler                                 build/startup_stm32u585xx.o
LPUART1_IRQHandler                                build/startup_stm32u585xx.o
LSECSSD_IRQHandler                                build/startup_stm32u585xx.o
MDF1_FLT0_IRQHandler                              build/startup_stm32u585xx.o
MDF1_FLT1_IRQHandler                              build/startup_stm32u585xx.o
MDF1_FLT2_IRQHandler                              build/startup_stm32u585xx.o
MDF1_FLT3_IRQHandler                              build/startup_stm32u585xx.o
MDF1_FLT4_IRQHandler                              build/startup_stm32u585xx.o
MDF1_FLT5_IRQHandler                              build/startup_stm32u585xx.o
MSIRangeTable                                     build/system_stm32u5xx.o
                                                  build/stm32u5xx_hal_rcc_ex.o
                                                  build/stm32u5xx_hal_rcc.o
MemManage_Handler                                 build/stm32u5xx_it.o
NMI_Handler                                       build/stm32u5xx_it.o
OCTOSPI1_IRQHandler                               build/startup_stm32u585xx.o
OCTOSPI2_IRQHandler                               build/startup_stm32u585xx.o
OTFDEC1_IRQHandler                                build/startup_stm32u585xx.o
OTFDEC2_IRQHandler                                build/startup_stm32u585xx.o
OTG_FS_IRQHandler                                 build/startup_stm32u585xx.o
PKA_IRQHandler                                    build/startup_stm32u585xx.o
PVD_PVM_IRQHandler                                build/startup_stm32u585xx.o
PWR_S3WU_IRQHandler                               build/startup_stm32u585xx.o
PendSV_Handler                                    build/stm32u5xx_it.o
RAMCFG_IRQHandler                                 build/startup_stm32u585xx.o
RCC_IRQHandler                                    build/startup_stm32u585xx.o
RCC_S_IRQHandler                                  build/startup_stm32u585xx.o
RNG_IRQHandler                                    build/startup_stm32u585xx.o
RTC_IRQHandler                                    build/startup_stm32u585xx.o
RTC_S_IRQHandler                                  build/startup_stm32u585xx.o
Reset_Handler                                     build/startup_stm32u585xx.o
SAES_IRQHandler                                   build/startup_stm32u585xx.o
SAI1_IRQHandler                                   build/startup_stm32u585xx.o
SAI2_IRQHandler                                   build/startup_stm32u585xx.o
SDMMC1_IRQHandler                                 build/startup_stm32u585xx.o
SDMMC2_IRQHandler                                 build/startup_stm32u585xx.o
SPI1_IRQHandler                                   build/startup_stm32u585xx.o
SPI2_IRQHandler                                   build/startup_stm32u585xx.o
SPI3_IRQHandler                                   build/startup_stm32u585xx.o
SVC_Handler                                       build/stm32u5xx_it.o
SecureFault_Handler                               build/startup_stm32u585xx.o
SysTick_Handler                                   build/stm32u5xx_it.o
SystemClock_Config                                build/main.o
SystemCoreClock                                   build/system_stm32u5xx.o
                                                  build/stm32u5xx_hal_rcc.o
                                                  build/stm32u5xx_hal.o
                                                  build/stm32u5xx_hal_pwr_ex.o
SystemCoreClockUpdate                             build/system_stm32u5xx.o
SystemInit                                        build/system_stm32u5xx.o
                                                  build/startup_stm32u585xx.o
TAMP_IRQHandler                                   build/startup_stm32u585xx.o
TIM15_IRQHandler                                  build/startup_stm32u585xx.o
TIM16_IRQHandler                                  build/startup_stm32u585xx.o
TIM17_IRQHandler                                  build/startup_stm32u585xx.o
TIM1_BRK_IRQHandler                               build/startup_stm32u585xx.o
TIM1_CC_IRQHandler                                build/startup_stm32u585xx.o
TIM1_TRG_COM_IRQHandler                           build/startup_stm32u585xx.o
TIM1_UP_IRQHandler                                build/startup_stm32u585xx.o
TIM2_IRQHandler                                   build/startup_stm32u585xx.o
TIM3_IRQHandler                                   build/startup_stm32u585xx.o
TIM4_IRQHandler                                   build/startup_stm32u585xx.o
TIM5_IRQHandler                                   build/startup_stm32u585xx.o
TIM6_IRQHandler                                   build/startup_stm32u585xx.o
TIM7_IRQHandler                                   build/startup_stm32u585xx.o
TIM8_BRK_IRQHandler                               build/startup_stm32u585xx.o
TIM8_CC_IRQHandler                                build/startup_stm32u585xx.o
TIM8_TRG_COM_IRQHandler                           build/startup_stm32u585xx.o
TIM8_UP_IRQHandler                                build/startup_stm32u585xx.o
TSC_IRQHandler                                    build/startup_stm32u585xx.o
UART4_IRQHandler                                  build/startup_stm32u585xx.o
UART5_IRQHandler                                  build/startup_stm32u585xx.o
UCPD1_IRQHandler                                  build/startup_stm32u585xx.o
USART1_IRQHandler                                 build/startup_stm32u585xx.o
USART2_IRQHandler                                 build/startup_stm32u585xx.o
USART3_IRQHandler                                 build/startup_stm32u585xx.o
UsageFault_Handler                                build/stm32u5xx_it.o
WWDG_IRQHandler                                   build/startup_stm32u585xx.o
_Min_Stack_Size                                   build/sysmem.o
__bss_end__                                       /opt/homebrew/Cellar/arm-none-eabi-gcc/10.3-2021.10/gcc/bin/../lib/gcc/arm-none-eabi/10.3.1/../../../../arm-none-eabi/lib/thumb/v8-m.main+fp/hard/crt0.o
__bss_start__                                     /opt/homebrew/Cellar/arm-none-eabi-gcc/10.3-2021.10/gcc/bin/../lib/gcc/arm-none-eabi/10.3.1/../../../../arm-none-eabi/lib/thumb/v8-m.main+fp/hard/crt0.o
__call_exitprocs                                  /opt/homebrew/Cellar/arm-none-eabi-gcc/10.3-2021.10/gcc/bin/../lib/gcc/arm-none-eabi/10.3.1/../../../../arm-none-eabi/lib/thumb/v8-m.main+fp/hard/libc_nano.a(lib_a-exit.o)
__deregister_frame_info                           /opt/homebrew/Cellar/arm-none-eabi-gcc/10.3-2021.10/gcc/bin/../lib/gcc/arm-none-eabi/10.3.1/thumb/v8-m.main+fp/hard/crtbegin.o
__dso_handle                                      /opt/homebrew/Cellar/arm-none-eabi-gcc/10.3-2021.10/gcc/bin/../lib/gcc/arm-none-eabi/10.3.1/thumb/v8-m.main+fp/hard/crtbegin.o
__env                                             build/syscalls.o
__errno                                           /opt/homebrew/Cellar/arm-none-eabi-gcc/10.3-2021.10/gcc/bin/../lib/gcc/arm-none-eabi/10.3.1/../../../../arm-none-eabi/lib/thumb/v8-m.main+fp/hard/libc_nano.a(lib_a-errno.o)
                                                  build/syscalls.o
                                                  build/sysmem.o
__init_array_end                                  /opt/homebrew/Cellar/arm-none-eabi-gcc/10.3-2021.10/gcc/bin/../lib/gcc/arm-none-eabi/10.3.1/../../../../arm-none-eabi/lib/thumb/v8-m.main+fp/hard/libc_nano.a(lib_a-init.o)
__init_array_start                                /opt/homebrew/Cellar/arm-none-eabi-gcc/10.3-2021.10/gcc/bin/../lib/gcc/arm-none-eabi/10.3.1/../../../../arm-none-eabi/lib/thumb/v8-m.main+fp/hard/libc_nano.a(lib_a-init.o)
__io_getchar                                      build/syscalls.o
__io_putchar                                      build/syscalls.o
__libc_fini_array                                 /opt/homebrew/Cellar/arm-none-eabi-gcc/10.3-2021.10/gcc/bin/../lib/gcc/arm-none-eabi/10.3.1/../../../../arm-none-eabi/lib/thumb/v8-m.main+fp/hard/crt0.o
__libc_init_array                                 /opt/homebrew/Cellar/arm-none-eabi-gcc/10.3-2021.10/gcc/bin/../lib/gcc/arm-none-eabi/10.3.1/../../../../arm-none-eabi/lib/thumb/v8-m.main+fp/hard/libc_nano.a(lib_a-init.o)
                                                  build/startup_stm32u585xx.o
                                                  /opt/homebrew/Cellar/arm-none-eabi-gcc/10.3-2021.10/gcc/bin/../lib/gcc/arm-none-eabi/10.3.1/../../../../arm-none-eabi/lib/thumb/v8-m.main+fp/hard/crt0.o
__preinit_array_end                               /opt/homebrew/Cellar/arm-none-eabi-gcc/10.3-2021.10/gcc/bin/../lib/gcc/arm-none-eabi/10.3.1/../../../../arm-none-eabi/lib/thumb/v8-m.main+fp/hard/libc_nano.a(lib_a-init.o)
__preinit_array_start                             /opt/homebrew/Cellar/arm-none-eabi-gcc/10.3-2021.10/gcc/bin/../lib/gcc/arm-none-eabi/10.3.1/../../../../arm-none-eabi/lib/thumb/v8-m.main+fp/hard/libc_nano.a(lib_a-init.o)
__register_frame_info                             /opt/homebrew/Cellar/arm-none-eabi-gcc/10.3-2021.10/gcc/bin/../lib/gcc/arm-none-eabi/10.3.1/thumb/v8-m.main+fp/hard/crtbegin.o
__sf_fake_stderr                                  /opt/homebrew/Cellar/arm-none-eabi-gcc/10.3-2021.10/gcc/bin/../lib/gcc/arm-none-eabi/10.3.1/../../../../arm-none-eabi/lib/thumb/v8-m.main+fp/hard/libc_nano.a(lib_a-impure.o)
__sf_fake_stdin                                   /opt/homebrew/Cellar/arm-none-eabi-gcc/10.3-2021.10/gcc/bin/../lib/gcc/arm-none-eabi/10.3.1/../../../../arm-none-eabi/lib/thumb/v8-m.main+fp/hard/libc_nano.a(lib_a-impure.o)
__sf_fake_stdout                                  /opt/homebrew/Cellar/arm-none-eabi-gcc/10.3-2021.10/gcc/bin/../lib/gcc/arm-none-eabi/10.3.1/../../../../arm-none-eabi/lib/thumb/v8-m.main+fp/hard/libc_nano.a(lib_a-impure.o)
__stack                                           /opt/homebrew/Cellar/arm-none-eabi-gcc/10.3-2021.10/gcc/bin/../lib/gcc/arm-none-eabi/10.3.1/../../../../arm-none-eabi/lib/thumb/v8-m.main+fp/hard/crt0.o
_close                                            build/syscalls.o
_ebss                                             build/startup_stm32u585xx.o
_edata                                            build/startup_stm32u585xx.o
_end                                              build/sysmem.o
_estack                                           build/startup_stm32u585xx.o
                                                  build/sysmem.o
_execve                                           build/syscalls.o
_exit                                             build/syscalls.o
                                                  /opt/homebrew/Cellar/arm-none-eabi-gcc/10.3-2021.10/gcc/bin/../lib/gcc/arm-none-eabi/10.3.1/../../../../arm-none-eabi/lib/thumb/v8-m.main+fp/hard/libc_nano.a(lib_a-exit.o)
_fini                                             /opt/homebrew/Cellar/arm-none-eabi-gcc/10.3-2021.10/gcc/bin/../lib/gcc/arm-none-eabi/10.3.1/thumb/v8-m.main+fp/hard/crti.o
_fork                                             build/syscalls.o
_fstat                                            build/syscalls.o
_getpid                                           build/syscalls.o
_global_impure_ptr                                /opt/homebrew/Cellar/arm-none-eabi-gcc/10.3-2021.10/gcc/bin/../lib/gcc/arm-none-eabi/10.3.1/../../../../arm-none-eabi/lib/thumb/v8-m.main+fp/hard/libc_nano.a(lib_a-impure.o)
                                                  /opt/homebrew/Cellar/arm-none-eabi-gcc/10.3-2021.10/gcc/bin/../lib/gcc/arm-none-eabi/10.3.1/../../../../arm-none-eabi/lib/thumb/v8-m.main+fp/hard/libc_nano.a(lib_a-exit.o)
_impure_ptr                                       /opt/homebrew/Cellar/arm-none-eabi-gcc/10.3-2021.10/gcc/bin/../lib/gcc/arm-none-eabi/10.3.1/../../../../arm-none-eabi/lib/thumb/v8-m.main+fp/hard/libc_nano.a(lib_a-impure.o)
                                                  /opt/homebrew/Cellar/arm-none-eabi-gcc/10.3-2021.10/gcc/bin/../lib/gcc/arm-none-eabi/10.3.1/../../../../arm-none-eabi/lib/thumb/v8-m.main+fp/hard/libc_nano.a(lib_a-errno.o)
_init                                             /opt/homebrew/Cellar/arm-none-eabi-gcc/10.3-2021.10/gcc/bin/../lib/gcc/arm-none-eabi/10.3.1/thumb/v8-m.main+fp/hard/crti.o
                                                  /opt/homebrew/Cellar/arm-none-eabi-gcc/10.3-2021.10/gcc/bin/../lib/gcc/arm-none-eabi/10.3.1/../../../../arm-none-eabi/lib/thumb/v8-m.main+fp/hard/libc_nano.a(lib_a-init.o)
_isatty                                           build/syscalls.o
_kill                                             build/syscalls.o
_link                                             build/syscalls.o
_lseek                                            build/syscalls.o
_mainCRTStartup                                   /opt/homebrew/Cellar/arm-none-eabi-gcc/10.3-2021.10/gcc/bin/../lib/gcc/arm-none-eabi/10.3.1/../../../../arm-none-eabi/lib/thumb/v8-m.main+fp/hard/crt0.o
_open                                             build/syscalls.o
_read                                             build/syscalls.o
_sbrk                                             build/sysmem.o
_sbss                                             build/startup_stm32u585xx.o
_sdata                                            build/startup_stm32u585xx.o
_sidata                                           build/startup_stm32u585xx.o
_stack_init                                       /opt/homebrew/Cellar/arm-none-eabi-gcc/10.3-2021.10/gcc/bin/../lib/gcc/arm-none-eabi/10.3.1/../../../../arm-none-eabi/lib/thumb/v8-m.main+fp/hard/crt0.o
_start                                            /opt/homebrew/Cellar/arm-none-eabi-gcc/10.3-2021.10/gcc/bin/../lib/gcc/arm-none-eabi/10.3.1/../../../../arm-none-eabi/lib/thumb/v8-m.main+fp/hard/crt0.o
_stat                                             build/syscalls.o
_times                                            build/syscalls.o
_unlink                                           build/syscalls.o
_wait                                             build/syscalls.o
_write                                            build/syscalls.o
atexit                                            /opt/homebrew/Cellar/arm-none-eabi-gcc/10.3-2021.10/gcc/bin/../lib/gcc/arm-none-eabi/10.3.1/../../../../arm-none-eabi/lib/thumb/v8-m.main+fp/hard/crt0.o
environ                                           build/syscalls.o
exit                                              /opt/homebrew/Cellar/arm-none-eabi-gcc/10.3-2021.10/gcc/bin/../lib/gcc/arm-none-eabi/10.3.1/../../../../arm-none-eabi/lib/thumb/v8-m.main+fp/hard/libc_nano.a(lib_a-exit.o)
                                                  /opt/homebrew/Cellar/arm-none-eabi-gcc/10.3-2021.10/gcc/bin/../lib/gcc/arm-none-eabi/10.3.1/../../../../arm-none-eabi/lib/thumb/v8-m.main+fp/hard/crt0.o
g_pfnVectors                                      build/startup_stm32u585xx.o
hardware_init_hook                                /opt/homebrew/Cellar/arm-none-eabi-gcc/10.3-2021.10/gcc/bin/../lib/gcc/arm-none-eabi/10.3.1/../../../../arm-none-eabi/lib/thumb/v8-m.main+fp/hard/crt0.o
initialise_monitor_handles                        build/syscalls.o
main                                              build/main.o
                                                  build/startup_stm32u585xx.o
                                                  /opt/homebrew/Cellar/arm-none-eabi-gcc/10.3-2021.10/gcc/bin/../lib/gcc/arm-none-eabi/10.3.1/../../../../arm-none-eabi/lib/thumb/v8-m.main+fp/hard/crt0.o
memset                                            /opt/homebrew/Cellar/arm-none-eabi-gcc/10.3-2021.10/gcc/bin/../lib/gcc/arm-none-eabi/10.3.1/../../../../arm-none-eabi/lib/thumb/v8-m.main+fp/hard/libc_nano.a(lib_a-memset.o)
                                                  build/main.o
                                                  /opt/homebrew/Cellar/arm-none-eabi-gcc/10.3-2021.10/gcc/bin/../lib/gcc/arm-none-eabi/10.3.1/../../../../arm-none-eabi/lib/thumb/v8-m.main+fp/hard/crt0.o
pFlash                                            build/stm32u5xx_hal_flash.o
                                                  build/stm32u5xx_hal_flash_ex.o
software_init_hook                                /opt/homebrew/Cellar/arm-none-eabi-gcc/10.3-2021.10/gcc/bin/../lib/gcc/arm-none-eabi/10.3.1/../../../../arm-none-eabi/lib/thumb/v8-m.main+fp/hard/crt0.o
uwTick                                            build/stm32u5xx_hal.o
uwTickFreq                                        build/stm32u5xx_hal.o
uwTickPrio                                        build/stm32u5xx_hal.o
                                                  build/stm32u5xx_hal_rcc.o
