ARM GAS  /var/folders/j8/bx6g0dyx2gg_pdn7l_y1sb9c0000gn/T//ccxpqNab.s 			page 1


   1              		.cpu cortex-m33
   2              		.arch armv8-m.main
   3              		.fpu fpv5-sp-d16
   4              		.arch_extension dsp
   5              		.eabi_attribute 27, 1
   6              		.eabi_attribute 28, 1
   7              		.eabi_attribute 20, 1
   8              		.eabi_attribute 21, 1
   9              		.eabi_attribute 23, 3
  10              		.eabi_attribute 24, 1
  11              		.eabi_attribute 25, 1
  12              		.eabi_attribute 26, 1
  13              		.eabi_attribute 30, 1
  14              		.eabi_attribute 34, 1
  15              		.eabi_attribute 18, 4
  16              		.file	"stm32u5xx_hal_msp.c"
  17              		.text
  18              	.Ltext0:
  19              		.cfi_sections	.debug_frame
  20              		.section	.text.HAL_MspInit,"ax",%progbits
  21              		.align	1
  22              		.global	HAL_MspInit
  23              		.syntax unified
  24              		.thumb
  25              		.thumb_func
  27              	HAL_MspInit:
  28              	.LFB157:
  29              		.file 1 "Core/Src/stm32u5xx_hal_msp.c"
   1:Core/Src/stm32u5xx_hal_msp.c **** /* USER CODE BEGIN Header */
   2:Core/Src/stm32u5xx_hal_msp.c **** /**
   3:Core/Src/stm32u5xx_hal_msp.c ****   ******************************************************************************
   4:Core/Src/stm32u5xx_hal_msp.c ****   * @file         stm32u5xx_hal_msp.c
   5:Core/Src/stm32u5xx_hal_msp.c ****   * @brief        This file provides code for the MSP Initialization
   6:Core/Src/stm32u5xx_hal_msp.c ****   *               and de-Initialization codes.
   7:Core/Src/stm32u5xx_hal_msp.c ****   ******************************************************************************
   8:Core/Src/stm32u5xx_hal_msp.c ****   * @attention
   9:Core/Src/stm32u5xx_hal_msp.c ****   *
  10:Core/Src/stm32u5xx_hal_msp.c ****   * Copyright (c) 2025 STMicroelectronics.
  11:Core/Src/stm32u5xx_hal_msp.c ****   * All rights reserved.
  12:Core/Src/stm32u5xx_hal_msp.c ****   *
  13:Core/Src/stm32u5xx_hal_msp.c ****   * This software is licensed under terms that can be found in the LICENSE file
  14:Core/Src/stm32u5xx_hal_msp.c ****   * in the root directory of this software component.
  15:Core/Src/stm32u5xx_hal_msp.c ****   * If no LICENSE file comes with this software, it is provided AS-IS.
  16:Core/Src/stm32u5xx_hal_msp.c ****   *
  17:Core/Src/stm32u5xx_hal_msp.c ****   ******************************************************************************
  18:Core/Src/stm32u5xx_hal_msp.c ****   */
  19:Core/Src/stm32u5xx_hal_msp.c **** /* USER CODE END Header */
  20:Core/Src/stm32u5xx_hal_msp.c **** 
  21:Core/Src/stm32u5xx_hal_msp.c **** /* Includes ------------------------------------------------------------------*/
  22:Core/Src/stm32u5xx_hal_msp.c **** #include "main.h"
  23:Core/Src/stm32u5xx_hal_msp.c **** /* USER CODE BEGIN Includes */
  24:Core/Src/stm32u5xx_hal_msp.c **** 
  25:Core/Src/stm32u5xx_hal_msp.c **** /* USER CODE END Includes */
  26:Core/Src/stm32u5xx_hal_msp.c **** 
  27:Core/Src/stm32u5xx_hal_msp.c **** /* Private typedef -----------------------------------------------------------*/
  28:Core/Src/stm32u5xx_hal_msp.c **** /* USER CODE BEGIN TD */
  29:Core/Src/stm32u5xx_hal_msp.c **** 
ARM GAS  /var/folders/j8/bx6g0dyx2gg_pdn7l_y1sb9c0000gn/T//ccxpqNab.s 			page 2


  30:Core/Src/stm32u5xx_hal_msp.c **** /* USER CODE END TD */
  31:Core/Src/stm32u5xx_hal_msp.c **** 
  32:Core/Src/stm32u5xx_hal_msp.c **** /* Private define ------------------------------------------------------------*/
  33:Core/Src/stm32u5xx_hal_msp.c **** /* USER CODE BEGIN Define */
  34:Core/Src/stm32u5xx_hal_msp.c **** 
  35:Core/Src/stm32u5xx_hal_msp.c **** /* USER CODE END Define */
  36:Core/Src/stm32u5xx_hal_msp.c **** 
  37:Core/Src/stm32u5xx_hal_msp.c **** /* Private macro -------------------------------------------------------------*/
  38:Core/Src/stm32u5xx_hal_msp.c **** /* USER CODE BEGIN Macro */
  39:Core/Src/stm32u5xx_hal_msp.c **** 
  40:Core/Src/stm32u5xx_hal_msp.c **** /* USER CODE END Macro */
  41:Core/Src/stm32u5xx_hal_msp.c **** 
  42:Core/Src/stm32u5xx_hal_msp.c **** /* Private variables ---------------------------------------------------------*/
  43:Core/Src/stm32u5xx_hal_msp.c **** /* USER CODE BEGIN PV */
  44:Core/Src/stm32u5xx_hal_msp.c **** 
  45:Core/Src/stm32u5xx_hal_msp.c **** /* USER CODE END PV */
  46:Core/Src/stm32u5xx_hal_msp.c **** 
  47:Core/Src/stm32u5xx_hal_msp.c **** /* Private function prototypes -----------------------------------------------*/
  48:Core/Src/stm32u5xx_hal_msp.c **** /* USER CODE BEGIN PFP */
  49:Core/Src/stm32u5xx_hal_msp.c **** 
  50:Core/Src/stm32u5xx_hal_msp.c **** /* USER CODE END PFP */
  51:Core/Src/stm32u5xx_hal_msp.c **** 
  52:Core/Src/stm32u5xx_hal_msp.c **** /* External functions --------------------------------------------------------*/
  53:Core/Src/stm32u5xx_hal_msp.c **** /* USER CODE BEGIN ExternalFunctions */
  54:Core/Src/stm32u5xx_hal_msp.c **** 
  55:Core/Src/stm32u5xx_hal_msp.c **** /* USER CODE END ExternalFunctions */
  56:Core/Src/stm32u5xx_hal_msp.c **** 
  57:Core/Src/stm32u5xx_hal_msp.c **** /* USER CODE BEGIN 0 */
  58:Core/Src/stm32u5xx_hal_msp.c **** 
  59:Core/Src/stm32u5xx_hal_msp.c **** /* USER CODE END 0 */
  60:Core/Src/stm32u5xx_hal_msp.c **** /**
  61:Core/Src/stm32u5xx_hal_msp.c ****   * Initializes the Global MSP.
  62:Core/Src/stm32u5xx_hal_msp.c ****   */
  63:Core/Src/stm32u5xx_hal_msp.c **** void HAL_MspInit(void)
  64:Core/Src/stm32u5xx_hal_msp.c **** {
  30              		.loc 1 64 1 view -0
  31              		.cfi_startproc
  32              		@ args = 0, pretend = 0, frame = 8
  33              		@ frame_needed = 0, uses_anonymous_args = 0
  34              		@ link register save eliminated.
  35 0000 82B0     		sub	sp, sp, #8
  36              	.LCFI0:
  37              		.cfi_def_cfa_offset 8
  65:Core/Src/stm32u5xx_hal_msp.c **** 
  66:Core/Src/stm32u5xx_hal_msp.c ****   /* USER CODE BEGIN MspInit 0 */
  67:Core/Src/stm32u5xx_hal_msp.c **** 
  68:Core/Src/stm32u5xx_hal_msp.c ****   /* USER CODE END MspInit 0 */
  69:Core/Src/stm32u5xx_hal_msp.c **** 
  70:Core/Src/stm32u5xx_hal_msp.c ****   __HAL_RCC_PWR_CLK_ENABLE();
  38              		.loc 1 70 3 view .LVU1
  39              	.LBB2:
  40              		.loc 1 70 3 view .LVU2
  41              		.loc 1 70 3 view .LVU3
  42 0002 074B     		ldr	r3, .L3
  43 0004 D3F89420 		ldr	r2, [r3, #148]
  44 0008 42F00402 		orr	r2, r2, #4
  45 000c C3F89420 		str	r2, [r3, #148]
ARM GAS  /var/folders/j8/bx6g0dyx2gg_pdn7l_y1sb9c0000gn/T//ccxpqNab.s 			page 3


  46              		.loc 1 70 3 view .LVU4
  47 0010 D3F89430 		ldr	r3, [r3, #148]
  48 0014 03F00403 		and	r3, r3, #4
  49 0018 0193     		str	r3, [sp, #4]
  50              		.loc 1 70 3 view .LVU5
  51 001a 019B     		ldr	r3, [sp, #4]
  52              	.LBE2:
  53              		.loc 1 70 3 view .LVU6
  71:Core/Src/stm32u5xx_hal_msp.c **** 
  72:Core/Src/stm32u5xx_hal_msp.c ****   /* System interrupt init*/
  73:Core/Src/stm32u5xx_hal_msp.c **** 
  74:Core/Src/stm32u5xx_hal_msp.c ****   /* USER CODE BEGIN MspInit 1 */
  75:Core/Src/stm32u5xx_hal_msp.c **** 
  76:Core/Src/stm32u5xx_hal_msp.c ****   /* USER CODE END MspInit 1 */
  77:Core/Src/stm32u5xx_hal_msp.c **** }
  54              		.loc 1 77 1 is_stmt 0 view .LVU7
  55 001c 02B0     		add	sp, sp, #8
  56              	.LCFI1:
  57              		.cfi_def_cfa_offset 0
  58              		@ sp needed
  59 001e 7047     		bx	lr
  60              	.L4:
  61              		.align	2
  62              	.L3:
  63 0020 000C0246 		.word	1174539264
  64              		.cfi_endproc
  65              	.LFE157:
  67              		.text
  68              	.Letext0:
  69              		.file 2 "/opt/homebrew/Cellar/arm-none-eabi-gcc/10.3-2021.10/gcc/arm-none-eabi/include/machine/_de
  70              		.file 3 "/opt/homebrew/Cellar/arm-none-eabi-gcc/10.3-2021.10/gcc/arm-none-eabi/include/sys/_stdint
  71              		.file 4 "Drivers/CMSIS/Device/ST/STM32U5xx/Include/stm32u585xx.h"
ARM GAS  /var/folders/j8/bx6g0dyx2gg_pdn7l_y1sb9c0000gn/T//ccxpqNab.s 			page 4


DEFINED SYMBOLS
                            *ABS*:0000000000000000 stm32u5xx_hal_msp.c
/var/folders/j8/bx6g0dyx2gg_pdn7l_y1sb9c0000gn/T//ccxpqNab.s:21     .text.HAL_MspInit:0000000000000000 $t
/var/folders/j8/bx6g0dyx2gg_pdn7l_y1sb9c0000gn/T//ccxpqNab.s:27     .text.HAL_MspInit:0000000000000000 HAL_MspInit
/var/folders/j8/bx6g0dyx2gg_pdn7l_y1sb9c0000gn/T//ccxpqNab.s:63     .text.HAL_MspInit:0000000000000020 $d

NO UNDEFINED SYMBOLS
