ARM GAS  /var/folders/j8/bx6g0dyx2gg_pdn7l_y1sb9c0000gn/T//cc0Kc6SB.s 			page 1


   1              		.cpu cortex-m33
   2              		.arch armv8-m.main
   3              		.fpu fpv5-sp-d16
   4              		.arch_extension dsp
   5              		.eabi_attribute 27, 1
   6              		.eabi_attribute 28, 1
   7              		.eabi_attribute 20, 1
   8              		.eabi_attribute 21, 1
   9              		.eabi_attribute 23, 3
  10              		.eabi_attribute 24, 1
  11              		.eabi_attribute 25, 1
  12              		.eabi_attribute 26, 1
  13              		.eabi_attribute 30, 1
  14              		.eabi_attribute 34, 1
  15              		.eabi_attribute 18, 4
  16              		.file	"syscalls.c"
  17              		.text
  18              	.Ltext0:
  19              		.cfi_sections	.debug_frame
  20              		.section	.text.initialise_monitor_handles,"ax",%progbits
  21              		.align	1
  22              		.global	initialise_monitor_handles
  23              		.syntax unified
  24              		.thumb
  25              		.thumb_func
  27              	initialise_monitor_handles:
  28              	.LFB25:
  29              		.file 1 "Core/Src/syscalls.c"
   1:Core/Src/syscalls.c **** /**
   2:Core/Src/syscalls.c ****  ******************************************************************************
   3:Core/Src/syscalls.c ****  * @file      syscalls.c
   4:Core/Src/syscalls.c ****  * @author    Auto-generated by STM32CubeMX
   5:Core/Src/syscalls.c ****  * @brief     Minimal System calls file
   6:Core/Src/syscalls.c ****  *
   7:Core/Src/syscalls.c ****  *            For more information about which c-functions
   8:Core/Src/syscalls.c ****  *            need which of these lowlevel functions
   9:Core/Src/syscalls.c ****  *            please consult the Newlib or Picolibc libc-manual
  10:Core/Src/syscalls.c ****  ******************************************************************************
  11:Core/Src/syscalls.c ****  * @attention
  12:Core/Src/syscalls.c ****  *
  13:Core/Src/syscalls.c ****  * Copyright (c) 2020-2025 STMicroelectronics.
  14:Core/Src/syscalls.c ****  * All rights reserved.
  15:Core/Src/syscalls.c ****  *
  16:Core/Src/syscalls.c ****  * This software is licensed under terms that can be found in the LICENSE file
  17:Core/Src/syscalls.c ****  * in the root directory of this software component.
  18:Core/Src/syscalls.c ****  * If no LICENSE file comes with this software, it is provided AS-IS.
  19:Core/Src/syscalls.c ****  *
  20:Core/Src/syscalls.c ****  ******************************************************************************
  21:Core/Src/syscalls.c ****  */
  22:Core/Src/syscalls.c **** 
  23:Core/Src/syscalls.c **** /* Includes */
  24:Core/Src/syscalls.c **** #include <sys/stat.h>
  25:Core/Src/syscalls.c **** #include <stdlib.h>
  26:Core/Src/syscalls.c **** #include <errno.h>
  27:Core/Src/syscalls.c **** #include <stdio.h>
  28:Core/Src/syscalls.c **** #include <signal.h>
  29:Core/Src/syscalls.c **** #include <time.h>
ARM GAS  /var/folders/j8/bx6g0dyx2gg_pdn7l_y1sb9c0000gn/T//cc0Kc6SB.s 			page 2


  30:Core/Src/syscalls.c **** #include <sys/time.h>
  31:Core/Src/syscalls.c **** #include <sys/times.h>
  32:Core/Src/syscalls.c **** 
  33:Core/Src/syscalls.c **** 
  34:Core/Src/syscalls.c **** /* Variables */
  35:Core/Src/syscalls.c **** extern int __io_putchar(int ch) __attribute__((weak));
  36:Core/Src/syscalls.c **** extern int __io_getchar(void) __attribute__((weak));
  37:Core/Src/syscalls.c **** 
  38:Core/Src/syscalls.c **** 
  39:Core/Src/syscalls.c **** char *__env[1] = { 0 };
  40:Core/Src/syscalls.c **** char **environ = __env;
  41:Core/Src/syscalls.c **** 
  42:Core/Src/syscalls.c **** 
  43:Core/Src/syscalls.c **** /* Functions */
  44:Core/Src/syscalls.c **** void initialise_monitor_handles()
  45:Core/Src/syscalls.c **** {
  30              		.loc 1 45 1 view -0
  31              		.cfi_startproc
  32              		@ args = 0, pretend = 0, frame = 0
  33              		@ frame_needed = 0, uses_anonymous_args = 0
  34              		@ link register save eliminated.
  46:Core/Src/syscalls.c **** }
  35              		.loc 1 46 1 view .LVU1
  36 0000 7047     		bx	lr
  37              		.cfi_endproc
  38              	.LFE25:
  40              		.section	.text._getpid,"ax",%progbits
  41              		.align	1
  42              		.global	_getpid
  43              		.syntax unified
  44              		.thumb
  45              		.thumb_func
  47              	_getpid:
  48              	.LFB26:
  47:Core/Src/syscalls.c **** 
  48:Core/Src/syscalls.c **** int _getpid(void)
  49:Core/Src/syscalls.c **** {
  49              		.loc 1 49 1 view -0
  50              		.cfi_startproc
  51              		@ args = 0, pretend = 0, frame = 0
  52              		@ frame_needed = 0, uses_anonymous_args = 0
  53              		@ link register save eliminated.
  50:Core/Src/syscalls.c ****   return 1;
  54              		.loc 1 50 3 view .LVU3
  51:Core/Src/syscalls.c **** }
  55              		.loc 1 51 1 is_stmt 0 view .LVU4
  56 0000 0120     		movs	r0, #1
  57 0002 7047     		bx	lr
  58              		.cfi_endproc
  59              	.LFE26:
  61              		.section	.text._kill,"ax",%progbits
  62              		.align	1
  63              		.global	_kill
  64              		.syntax unified
  65              		.thumb
  66              		.thumb_func
  68              	_kill:
ARM GAS  /var/folders/j8/bx6g0dyx2gg_pdn7l_y1sb9c0000gn/T//cc0Kc6SB.s 			page 3


  69              	.LVL0:
  70              	.LFB27:
  52:Core/Src/syscalls.c **** 
  53:Core/Src/syscalls.c **** int _kill(int pid, int sig)
  54:Core/Src/syscalls.c **** {
  71              		.loc 1 54 1 is_stmt 1 view -0
  72              		.cfi_startproc
  73              		@ args = 0, pretend = 0, frame = 0
  74              		@ frame_needed = 0, uses_anonymous_args = 0
  75              		.loc 1 54 1 is_stmt 0 view .LVU6
  76 0000 08B5     		push	{r3, lr}
  77              	.LCFI0:
  78              		.cfi_def_cfa_offset 8
  79              		.cfi_offset 3, -8
  80              		.cfi_offset 14, -4
  55:Core/Src/syscalls.c ****   (void)pid;
  81              		.loc 1 55 3 is_stmt 1 view .LVU7
  56:Core/Src/syscalls.c ****   (void)sig;
  82              		.loc 1 56 3 view .LVU8
  57:Core/Src/syscalls.c ****   errno = EINVAL;
  83              		.loc 1 57 3 view .LVU9
  84 0002 FFF7FEFF 		bl	__errno
  85              	.LVL1:
  86              		.loc 1 57 9 is_stmt 0 view .LVU10
  87 0006 1623     		movs	r3, #22
  88 0008 0360     		str	r3, [r0]
  58:Core/Src/syscalls.c ****   return -1;
  89              		.loc 1 58 3 is_stmt 1 view .LVU11
  59:Core/Src/syscalls.c **** }
  90              		.loc 1 59 1 is_stmt 0 view .LVU12
  91 000a 4FF0FF30 		mov	r0, #-1
  92 000e 08BD     		pop	{r3, pc}
  93              		.cfi_endproc
  94              	.LFE27:
  96              		.section	.text._exit,"ax",%progbits
  97              		.align	1
  98              		.global	_exit
  99              		.syntax unified
 100              		.thumb
 101              		.thumb_func
 103              	_exit:
 104              	.LVL2:
 105              	.LFB28:
  60:Core/Src/syscalls.c **** 
  61:Core/Src/syscalls.c **** void _exit (int status)
  62:Core/Src/syscalls.c **** {
 106              		.loc 1 62 1 is_stmt 1 view -0
 107              		.cfi_startproc
 108              		@ Volatile: function does not return.
 109              		@ args = 0, pretend = 0, frame = 0
 110              		@ frame_needed = 0, uses_anonymous_args = 0
 111              		.loc 1 62 1 is_stmt 0 view .LVU14
 112 0000 08B5     		push	{r3, lr}
 113              	.LCFI1:
 114              		.cfi_def_cfa_offset 8
 115              		.cfi_offset 3, -8
 116              		.cfi_offset 14, -4
ARM GAS  /var/folders/j8/bx6g0dyx2gg_pdn7l_y1sb9c0000gn/T//cc0Kc6SB.s 			page 4


  63:Core/Src/syscalls.c ****   _kill(status, -1);
 117              		.loc 1 63 3 is_stmt 1 view .LVU15
 118 0002 4FF0FF31 		mov	r1, #-1
 119 0006 FFF7FEFF 		bl	_kill
 120              	.LVL3:
 121              	.L6:
  64:Core/Src/syscalls.c ****   while (1) {}    /* Make sure we hang here */
 122              		.loc 1 64 3 discriminator 1 view .LVU16
 123              		.loc 1 64 14 discriminator 1 view .LVU17
 124              		.loc 1 64 9 discriminator 1 view .LVU18
 125 000a FEE7     		b	.L6
 126              		.cfi_endproc
 127              	.LFE28:
 129              		.section	.text._read,"ax",%progbits
 130              		.align	1
 131              		.weak	_read
 132              		.syntax unified
 133              		.thumb
 134              		.thumb_func
 136              	_read:
 137              	.LVL4:
 138              	.LFB29:
  65:Core/Src/syscalls.c **** }
  66:Core/Src/syscalls.c **** 
  67:Core/Src/syscalls.c **** __attribute__((weak)) int _read(int file, char *ptr, int len)
  68:Core/Src/syscalls.c **** {
 139              		.loc 1 68 1 view -0
 140              		.cfi_startproc
 141              		@ args = 0, pretend = 0, frame = 0
 142              		@ frame_needed = 0, uses_anonymous_args = 0
 143              		.loc 1 68 1 is_stmt 0 view .LVU20
 144 0000 70B5     		push	{r4, r5, r6, lr}
 145              	.LCFI2:
 146              		.cfi_def_cfa_offset 16
 147              		.cfi_offset 4, -16
 148              		.cfi_offset 5, -12
 149              		.cfi_offset 6, -8
 150              		.cfi_offset 14, -4
 151 0002 0C46     		mov	r4, r1
 152 0004 1646     		mov	r6, r2
  69:Core/Src/syscalls.c ****   (void)file;
 153              		.loc 1 69 3 is_stmt 1 view .LVU21
  70:Core/Src/syscalls.c ****   int DataIdx;
 154              		.loc 1 70 3 view .LVU22
  71:Core/Src/syscalls.c **** 
  72:Core/Src/syscalls.c ****   for (DataIdx = 0; DataIdx < len; DataIdx++)
 155              		.loc 1 72 3 view .LVU23
 156              	.LVL5:
 157              		.loc 1 72 16 is_stmt 0 view .LVU24
 158 0006 0025     		movs	r5, #0
 159              		.loc 1 72 3 view .LVU25
 160 0008 06E0     		b	.L9
 161              	.LVL6:
 162              	.L10:
  73:Core/Src/syscalls.c ****   {
  74:Core/Src/syscalls.c ****     *ptr++ = __io_getchar();
 163              		.loc 1 74 5 is_stmt 1 discriminator 3 view .LVU26
ARM GAS  /var/folders/j8/bx6g0dyx2gg_pdn7l_y1sb9c0000gn/T//cc0Kc6SB.s 			page 5


 164              		.loc 1 74 14 is_stmt 0 discriminator 3 view .LVU27
 165 000a FFF7FEFF 		bl	__io_getchar
 166              	.LVL7:
 167              		.loc 1 74 9 discriminator 3 view .LVU28
 168 000e 2146     		mov	r1, r4
 169              	.LVL8:
 170              		.loc 1 74 12 discriminator 3 view .LVU29
 171 0010 01F8010B 		strb	r0, [r1], #1
 172              	.LVL9:
  72:Core/Src/syscalls.c ****   {
 173              		.loc 1 72 36 is_stmt 1 discriminator 3 view .LVU30
  72:Core/Src/syscalls.c ****   {
 174              		.loc 1 72 43 is_stmt 0 discriminator 3 view .LVU31
 175 0014 0135     		adds	r5, r5, #1
 176              	.LVL10:
 177              		.loc 1 74 9 discriminator 3 view .LVU32
 178 0016 0C46     		mov	r4, r1
 179              	.LVL11:
 180              	.L9:
  72:Core/Src/syscalls.c ****   {
 181              		.loc 1 72 21 is_stmt 1 discriminator 1 view .LVU33
  72:Core/Src/syscalls.c ****   {
 182              		.loc 1 72 3 is_stmt 0 discriminator 1 view .LVU34
 183 0018 B542     		cmp	r5, r6
 184 001a F6DB     		blt	.L10
  75:Core/Src/syscalls.c ****   }
  76:Core/Src/syscalls.c **** 
  77:Core/Src/syscalls.c ****   return len;
 185              		.loc 1 77 3 is_stmt 1 view .LVU35
  78:Core/Src/syscalls.c **** }
 186              		.loc 1 78 1 is_stmt 0 view .LVU36
 187 001c 3046     		mov	r0, r6
 188 001e 70BD     		pop	{r4, r5, r6, pc}
 189              		.loc 1 78 1 view .LVU37
 190              		.cfi_endproc
 191              	.LFE29:
 193              		.section	.text._write,"ax",%progbits
 194              		.align	1
 195              		.weak	_write
 196              		.syntax unified
 197              		.thumb
 198              		.thumb_func
 200              	_write:
 201              	.LVL12:
 202              	.LFB30:
  79:Core/Src/syscalls.c **** 
  80:Core/Src/syscalls.c **** __attribute__((weak)) int _write(int file, char *ptr, int len)
  81:Core/Src/syscalls.c **** {
 203              		.loc 1 81 1 is_stmt 1 view -0
 204              		.cfi_startproc
 205              		@ args = 0, pretend = 0, frame = 0
 206              		@ frame_needed = 0, uses_anonymous_args = 0
 207              		.loc 1 81 1 is_stmt 0 view .LVU39
 208 0000 70B5     		push	{r4, r5, r6, lr}
 209              	.LCFI3:
 210              		.cfi_def_cfa_offset 16
 211              		.cfi_offset 4, -16
ARM GAS  /var/folders/j8/bx6g0dyx2gg_pdn7l_y1sb9c0000gn/T//cc0Kc6SB.s 			page 6


 212              		.cfi_offset 5, -12
 213              		.cfi_offset 6, -8
 214              		.cfi_offset 14, -4
 215 0002 0C46     		mov	r4, r1
 216 0004 1646     		mov	r6, r2
  82:Core/Src/syscalls.c ****   (void)file;
 217              		.loc 1 82 3 is_stmt 1 view .LVU40
  83:Core/Src/syscalls.c ****   int DataIdx;
 218              		.loc 1 83 3 view .LVU41
  84:Core/Src/syscalls.c **** 
  85:Core/Src/syscalls.c ****   for (DataIdx = 0; DataIdx < len; DataIdx++)
 219              		.loc 1 85 3 view .LVU42
 220              	.LVL13:
 221              		.loc 1 85 16 is_stmt 0 view .LVU43
 222 0006 0025     		movs	r5, #0
 223              		.loc 1 85 3 view .LVU44
 224 0008 04E0     		b	.L13
 225              	.LVL14:
 226              	.L14:
  86:Core/Src/syscalls.c ****   {
  87:Core/Src/syscalls.c ****     __io_putchar(*ptr++);
 227              		.loc 1 87 5 is_stmt 1 discriminator 3 view .LVU45
 228              		.loc 1 87 5 is_stmt 0 discriminator 3 view .LVU46
 229 000a 14F8010B 		ldrb	r0, [r4], #1	@ zero_extendqisi2
 230              	.LVL15:
 231              		.loc 1 87 5 discriminator 3 view .LVU47
 232 000e FFF7FEFF 		bl	__io_putchar
 233              	.LVL16:
  85:Core/Src/syscalls.c ****   {
 234              		.loc 1 85 36 is_stmt 1 discriminator 3 view .LVU48
  85:Core/Src/syscalls.c ****   {
 235              		.loc 1 85 43 is_stmt 0 discriminator 3 view .LVU49
 236 0012 0135     		adds	r5, r5, #1
 237              	.LVL17:
 238              	.L13:
  85:Core/Src/syscalls.c ****   {
 239              		.loc 1 85 21 is_stmt 1 discriminator 1 view .LVU50
  85:Core/Src/syscalls.c ****   {
 240              		.loc 1 85 3 is_stmt 0 discriminator 1 view .LVU51
 241 0014 B542     		cmp	r5, r6
 242 0016 F8DB     		blt	.L14
  88:Core/Src/syscalls.c ****   }
  89:Core/Src/syscalls.c ****   return len;
 243              		.loc 1 89 3 is_stmt 1 view .LVU52
  90:Core/Src/syscalls.c **** }
 244              		.loc 1 90 1 is_stmt 0 view .LVU53
 245 0018 3046     		mov	r0, r6
 246 001a 70BD     		pop	{r4, r5, r6, pc}
 247              		.loc 1 90 1 view .LVU54
 248              		.cfi_endproc
 249              	.LFE30:
 251              		.section	.text._close,"ax",%progbits
 252              		.align	1
 253              		.global	_close
 254              		.syntax unified
 255              		.thumb
 256              		.thumb_func
ARM GAS  /var/folders/j8/bx6g0dyx2gg_pdn7l_y1sb9c0000gn/T//cc0Kc6SB.s 			page 7


 258              	_close:
 259              	.LVL18:
 260              	.LFB31:
  91:Core/Src/syscalls.c **** 
  92:Core/Src/syscalls.c **** int _close(int file)
  93:Core/Src/syscalls.c **** {
 261              		.loc 1 93 1 is_stmt 1 view -0
 262              		.cfi_startproc
 263              		@ args = 0, pretend = 0, frame = 0
 264              		@ frame_needed = 0, uses_anonymous_args = 0
 265              		@ link register save eliminated.
  94:Core/Src/syscalls.c ****   (void)file;
 266              		.loc 1 94 3 view .LVU56
  95:Core/Src/syscalls.c ****   return -1;
 267              		.loc 1 95 3 view .LVU57
  96:Core/Src/syscalls.c **** }
 268              		.loc 1 96 1 is_stmt 0 view .LVU58
 269 0000 4FF0FF30 		mov	r0, #-1
 270              	.LVL19:
 271              		.loc 1 96 1 view .LVU59
 272 0004 7047     		bx	lr
 273              		.cfi_endproc
 274              	.LFE31:
 276              		.section	.text._fstat,"ax",%progbits
 277              		.align	1
 278              		.global	_fstat
 279              		.syntax unified
 280              		.thumb
 281              		.thumb_func
 283              	_fstat:
 284              	.LVL20:
 285              	.LFB32:
  97:Core/Src/syscalls.c **** 
  98:Core/Src/syscalls.c **** 
  99:Core/Src/syscalls.c **** int _fstat(int file, struct stat *st)
 100:Core/Src/syscalls.c **** {
 286              		.loc 1 100 1 is_stmt 1 view -0
 287              		.cfi_startproc
 288              		@ args = 0, pretend = 0, frame = 0
 289              		@ frame_needed = 0, uses_anonymous_args = 0
 290              		@ link register save eliminated.
 101:Core/Src/syscalls.c ****   (void)file;
 291              		.loc 1 101 3 view .LVU61
 102:Core/Src/syscalls.c ****   st->st_mode = S_IFCHR;
 292              		.loc 1 102 3 view .LVU62
 293              		.loc 1 102 15 is_stmt 0 view .LVU63
 294 0000 4FF40053 		mov	r3, #8192
 295 0004 4B60     		str	r3, [r1, #4]
 103:Core/Src/syscalls.c ****   return 0;
 296              		.loc 1 103 3 is_stmt 1 view .LVU64
 104:Core/Src/syscalls.c **** }
 297              		.loc 1 104 1 is_stmt 0 view .LVU65
 298 0006 0020     		movs	r0, #0
 299              	.LVL21:
 300              		.loc 1 104 1 view .LVU66
 301 0008 7047     		bx	lr
 302              		.cfi_endproc
ARM GAS  /var/folders/j8/bx6g0dyx2gg_pdn7l_y1sb9c0000gn/T//cc0Kc6SB.s 			page 8


 303              	.LFE32:
 305              		.section	.text._isatty,"ax",%progbits
 306              		.align	1
 307              		.global	_isatty
 308              		.syntax unified
 309              		.thumb
 310              		.thumb_func
 312              	_isatty:
 313              	.LVL22:
 314              	.LFB33:
 105:Core/Src/syscalls.c **** 
 106:Core/Src/syscalls.c **** int _isatty(int file)
 107:Core/Src/syscalls.c **** {
 315              		.loc 1 107 1 is_stmt 1 view -0
 316              		.cfi_startproc
 317              		@ args = 0, pretend = 0, frame = 0
 318              		@ frame_needed = 0, uses_anonymous_args = 0
 319              		@ link register save eliminated.
 108:Core/Src/syscalls.c ****   (void)file;
 320              		.loc 1 108 3 view .LVU68
 109:Core/Src/syscalls.c ****   return 1;
 321              		.loc 1 109 3 view .LVU69
 110:Core/Src/syscalls.c **** }
 322              		.loc 1 110 1 is_stmt 0 view .LVU70
 323 0000 0120     		movs	r0, #1
 324              	.LVL23:
 325              		.loc 1 110 1 view .LVU71
 326 0002 7047     		bx	lr
 327              		.cfi_endproc
 328              	.LFE33:
 330              		.section	.text._lseek,"ax",%progbits
 331              		.align	1
 332              		.global	_lseek
 333              		.syntax unified
 334              		.thumb
 335              		.thumb_func
 337              	_lseek:
 338              	.LVL24:
 339              	.LFB34:
 111:Core/Src/syscalls.c **** 
 112:Core/Src/syscalls.c **** int _lseek(int file, int ptr, int dir)
 113:Core/Src/syscalls.c **** {
 340              		.loc 1 113 1 is_stmt 1 view -0
 341              		.cfi_startproc
 342              		@ args = 0, pretend = 0, frame = 0
 343              		@ frame_needed = 0, uses_anonymous_args = 0
 344              		@ link register save eliminated.
 114:Core/Src/syscalls.c ****   (void)file;
 345              		.loc 1 114 3 view .LVU73
 115:Core/Src/syscalls.c ****   (void)ptr;
 346              		.loc 1 115 3 view .LVU74
 116:Core/Src/syscalls.c ****   (void)dir;
 347              		.loc 1 116 3 view .LVU75
 117:Core/Src/syscalls.c ****   return 0;
 348              		.loc 1 117 3 view .LVU76
 118:Core/Src/syscalls.c **** }
 349              		.loc 1 118 1 is_stmt 0 view .LVU77
ARM GAS  /var/folders/j8/bx6g0dyx2gg_pdn7l_y1sb9c0000gn/T//cc0Kc6SB.s 			page 9


 350 0000 0020     		movs	r0, #0
 351              	.LVL25:
 352              		.loc 1 118 1 view .LVU78
 353 0002 7047     		bx	lr
 354              		.cfi_endproc
 355              	.LFE34:
 357              		.section	.text._open,"ax",%progbits
 358              		.align	1
 359              		.global	_open
 360              		.syntax unified
 361              		.thumb
 362              		.thumb_func
 364              	_open:
 365              	.LVL26:
 366              	.LFB35:
 119:Core/Src/syscalls.c **** 
 120:Core/Src/syscalls.c **** int _open(char *path, int flags, ...)
 121:Core/Src/syscalls.c **** {
 367              		.loc 1 121 1 is_stmt 1 view -0
 368              		.cfi_startproc
 369              		@ args = 4, pretend = 12, frame = 0
 370              		@ frame_needed = 0, uses_anonymous_args = 1
 371              		@ link register save eliminated.
 372              		.loc 1 121 1 is_stmt 0 view .LVU80
 373 0000 0EB4     		push	{r1, r2, r3}
 374              	.LCFI4:
 375              		.cfi_def_cfa_offset 12
 376              		.cfi_offset 1, -12
 377              		.cfi_offset 2, -8
 378              		.cfi_offset 3, -4
 122:Core/Src/syscalls.c ****   (void)path;
 379              		.loc 1 122 3 is_stmt 1 view .LVU81
 123:Core/Src/syscalls.c ****   (void)flags;
 380              		.loc 1 123 3 view .LVU82
 124:Core/Src/syscalls.c ****   /* Pretend like we always fail */
 125:Core/Src/syscalls.c ****   return -1;
 381              		.loc 1 125 3 view .LVU83
 126:Core/Src/syscalls.c **** }
 382              		.loc 1 126 1 is_stmt 0 view .LVU84
 383 0002 4FF0FF30 		mov	r0, #-1
 384              	.LVL27:
 385              		.loc 1 126 1 view .LVU85
 386 0006 03B0     		add	sp, sp, #12
 387              	.LCFI5:
 388              		.cfi_restore 3
 389              		.cfi_restore 2
 390              		.cfi_restore 1
 391              		.cfi_def_cfa_offset 0
 392 0008 7047     		bx	lr
 393              		.cfi_endproc
 394              	.LFE35:
 396              		.section	.text._wait,"ax",%progbits
 397              		.align	1
 398              		.global	_wait
 399              		.syntax unified
 400              		.thumb
 401              		.thumb_func
ARM GAS  /var/folders/j8/bx6g0dyx2gg_pdn7l_y1sb9c0000gn/T//cc0Kc6SB.s 			page 10


 403              	_wait:
 404              	.LVL28:
 405              	.LFB36:
 127:Core/Src/syscalls.c **** 
 128:Core/Src/syscalls.c **** int _wait(int *status)
 129:Core/Src/syscalls.c **** {
 406              		.loc 1 129 1 is_stmt 1 view -0
 407              		.cfi_startproc
 408              		@ args = 0, pretend = 0, frame = 0
 409              		@ frame_needed = 0, uses_anonymous_args = 0
 410              		.loc 1 129 1 is_stmt 0 view .LVU87
 411 0000 08B5     		push	{r3, lr}
 412              	.LCFI6:
 413              		.cfi_def_cfa_offset 8
 414              		.cfi_offset 3, -8
 415              		.cfi_offset 14, -4
 130:Core/Src/syscalls.c ****   (void)status;
 416              		.loc 1 130 3 is_stmt 1 view .LVU88
 131:Core/Src/syscalls.c ****   errno = ECHILD;
 417              		.loc 1 131 3 view .LVU89
 418 0002 FFF7FEFF 		bl	__errno
 419              	.LVL29:
 420              		.loc 1 131 9 is_stmt 0 view .LVU90
 421 0006 0A23     		movs	r3, #10
 422 0008 0360     		str	r3, [r0]
 132:Core/Src/syscalls.c ****   return -1;
 423              		.loc 1 132 3 is_stmt 1 view .LVU91
 133:Core/Src/syscalls.c **** }
 424              		.loc 1 133 1 is_stmt 0 view .LVU92
 425 000a 4FF0FF30 		mov	r0, #-1
 426 000e 08BD     		pop	{r3, pc}
 427              		.cfi_endproc
 428              	.LFE36:
 430              		.section	.text._unlink,"ax",%progbits
 431              		.align	1
 432              		.global	_unlink
 433              		.syntax unified
 434              		.thumb
 435              		.thumb_func
 437              	_unlink:
 438              	.LVL30:
 439              	.LFB37:
 134:Core/Src/syscalls.c **** 
 135:Core/Src/syscalls.c **** int _unlink(char *name)
 136:Core/Src/syscalls.c **** {
 440              		.loc 1 136 1 is_stmt 1 view -0
 441              		.cfi_startproc
 442              		@ args = 0, pretend = 0, frame = 0
 443              		@ frame_needed = 0, uses_anonymous_args = 0
 444              		.loc 1 136 1 is_stmt 0 view .LVU94
 445 0000 08B5     		push	{r3, lr}
 446              	.LCFI7:
 447              		.cfi_def_cfa_offset 8
 448              		.cfi_offset 3, -8
 449              		.cfi_offset 14, -4
 137:Core/Src/syscalls.c ****   (void)name;
 450              		.loc 1 137 3 is_stmt 1 view .LVU95
ARM GAS  /var/folders/j8/bx6g0dyx2gg_pdn7l_y1sb9c0000gn/T//cc0Kc6SB.s 			page 11


 138:Core/Src/syscalls.c ****   errno = ENOENT;
 451              		.loc 1 138 3 view .LVU96
 452 0002 FFF7FEFF 		bl	__errno
 453              	.LVL31:
 454              		.loc 1 138 9 is_stmt 0 view .LVU97
 455 0006 0223     		movs	r3, #2
 456 0008 0360     		str	r3, [r0]
 139:Core/Src/syscalls.c ****   return -1;
 457              		.loc 1 139 3 is_stmt 1 view .LVU98
 140:Core/Src/syscalls.c **** }
 458              		.loc 1 140 1 is_stmt 0 view .LVU99
 459 000a 4FF0FF30 		mov	r0, #-1
 460 000e 08BD     		pop	{r3, pc}
 461              		.cfi_endproc
 462              	.LFE37:
 464              		.section	.text._times,"ax",%progbits
 465              		.align	1
 466              		.global	_times
 467              		.syntax unified
 468              		.thumb
 469              		.thumb_func
 471              	_times:
 472              	.LVL32:
 473              	.LFB38:
 141:Core/Src/syscalls.c **** 
 142:Core/Src/syscalls.c **** clock_t _times(struct tms *buf)
 143:Core/Src/syscalls.c **** {
 474              		.loc 1 143 1 is_stmt 1 view -0
 475              		.cfi_startproc
 476              		@ args = 0, pretend = 0, frame = 0
 477              		@ frame_needed = 0, uses_anonymous_args = 0
 478              		@ link register save eliminated.
 144:Core/Src/syscalls.c ****   (void)buf;
 479              		.loc 1 144 3 view .LVU101
 145:Core/Src/syscalls.c ****   return -1;
 480              		.loc 1 145 3 view .LVU102
 146:Core/Src/syscalls.c **** }
 481              		.loc 1 146 1 is_stmt 0 view .LVU103
 482 0000 4FF0FF30 		mov	r0, #-1
 483              	.LVL33:
 484              		.loc 1 146 1 view .LVU104
 485 0004 7047     		bx	lr
 486              		.cfi_endproc
 487              	.LFE38:
 489              		.section	.text._stat,"ax",%progbits
 490              		.align	1
 491              		.global	_stat
 492              		.syntax unified
 493              		.thumb
 494              		.thumb_func
 496              	_stat:
 497              	.LVL34:
 498              	.LFB39:
 147:Core/Src/syscalls.c **** 
 148:Core/Src/syscalls.c **** int _stat(const char *file, struct stat *st)
 149:Core/Src/syscalls.c **** {
 499              		.loc 1 149 1 is_stmt 1 view -0
ARM GAS  /var/folders/j8/bx6g0dyx2gg_pdn7l_y1sb9c0000gn/T//cc0Kc6SB.s 			page 12


 500              		.cfi_startproc
 501              		@ args = 0, pretend = 0, frame = 0
 502              		@ frame_needed = 0, uses_anonymous_args = 0
 503              		@ link register save eliminated.
 150:Core/Src/syscalls.c ****   (void)file;
 504              		.loc 1 150 3 view .LVU106
 151:Core/Src/syscalls.c ****   st->st_mode = S_IFCHR;
 505              		.loc 1 151 3 view .LVU107
 506              		.loc 1 151 15 is_stmt 0 view .LVU108
 507 0000 4FF40053 		mov	r3, #8192
 508 0004 4B60     		str	r3, [r1, #4]
 152:Core/Src/syscalls.c ****   return 0;
 509              		.loc 1 152 3 is_stmt 1 view .LVU109
 153:Core/Src/syscalls.c **** }
 510              		.loc 1 153 1 is_stmt 0 view .LVU110
 511 0006 0020     		movs	r0, #0
 512              	.LVL35:
 513              		.loc 1 153 1 view .LVU111
 514 0008 7047     		bx	lr
 515              		.cfi_endproc
 516              	.LFE39:
 518              		.section	.text._link,"ax",%progbits
 519              		.align	1
 520              		.global	_link
 521              		.syntax unified
 522              		.thumb
 523              		.thumb_func
 525              	_link:
 526              	.LVL36:
 527              	.LFB40:
 154:Core/Src/syscalls.c **** 
 155:Core/Src/syscalls.c **** int _link(char *old, char *new)
 156:Core/Src/syscalls.c **** {
 528              		.loc 1 156 1 is_stmt 1 view -0
 529              		.cfi_startproc
 530              		@ args = 0, pretend = 0, frame = 0
 531              		@ frame_needed = 0, uses_anonymous_args = 0
 532              		.loc 1 156 1 is_stmt 0 view .LVU113
 533 0000 08B5     		push	{r3, lr}
 534              	.LCFI8:
 535              		.cfi_def_cfa_offset 8
 536              		.cfi_offset 3, -8
 537              		.cfi_offset 14, -4
 157:Core/Src/syscalls.c ****   (void)old;
 538              		.loc 1 157 3 is_stmt 1 view .LVU114
 158:Core/Src/syscalls.c ****   (void)new;
 539              		.loc 1 158 3 view .LVU115
 159:Core/Src/syscalls.c ****   errno = EMLINK;
 540              		.loc 1 159 3 view .LVU116
 541 0002 FFF7FEFF 		bl	__errno
 542              	.LVL37:
 543              		.loc 1 159 9 is_stmt 0 view .LVU117
 544 0006 1F23     		movs	r3, #31
 545 0008 0360     		str	r3, [r0]
 160:Core/Src/syscalls.c ****   return -1;
 546              		.loc 1 160 3 is_stmt 1 view .LVU118
 161:Core/Src/syscalls.c **** }
ARM GAS  /var/folders/j8/bx6g0dyx2gg_pdn7l_y1sb9c0000gn/T//cc0Kc6SB.s 			page 13


 547              		.loc 1 161 1 is_stmt 0 view .LVU119
 548 000a 4FF0FF30 		mov	r0, #-1
 549 000e 08BD     		pop	{r3, pc}
 550              		.cfi_endproc
 551              	.LFE40:
 553              		.section	.text._fork,"ax",%progbits
 554              		.align	1
 555              		.global	_fork
 556              		.syntax unified
 557              		.thumb
 558              		.thumb_func
 560              	_fork:
 561              	.LFB41:
 162:Core/Src/syscalls.c **** 
 163:Core/Src/syscalls.c **** int _fork(void)
 164:Core/Src/syscalls.c **** {
 562              		.loc 1 164 1 is_stmt 1 view -0
 563              		.cfi_startproc
 564              		@ args = 0, pretend = 0, frame = 0
 565              		@ frame_needed = 0, uses_anonymous_args = 0
 566 0000 08B5     		push	{r3, lr}
 567              	.LCFI9:
 568              		.cfi_def_cfa_offset 8
 569              		.cfi_offset 3, -8
 570              		.cfi_offset 14, -4
 165:Core/Src/syscalls.c ****   errno = EAGAIN;
 571              		.loc 1 165 3 view .LVU121
 572 0002 FFF7FEFF 		bl	__errno
 573              	.LVL38:
 574              		.loc 1 165 9 is_stmt 0 view .LVU122
 575 0006 0B23     		movs	r3, #11
 576 0008 0360     		str	r3, [r0]
 166:Core/Src/syscalls.c ****   return -1;
 577              		.loc 1 166 3 is_stmt 1 view .LVU123
 167:Core/Src/syscalls.c **** }
 578              		.loc 1 167 1 is_stmt 0 view .LVU124
 579 000a 4FF0FF30 		mov	r0, #-1
 580 000e 08BD     		pop	{r3, pc}
 581              		.cfi_endproc
 582              	.LFE41:
 584              		.section	.text._execve,"ax",%progbits
 585              		.align	1
 586              		.global	_execve
 587              		.syntax unified
 588              		.thumb
 589              		.thumb_func
 591              	_execve:
 592              	.LVL39:
 593              	.LFB42:
 168:Core/Src/syscalls.c **** 
 169:Core/Src/syscalls.c **** int _execve(char *name, char **argv, char **env)
 170:Core/Src/syscalls.c **** {
 594              		.loc 1 170 1 is_stmt 1 view -0
 595              		.cfi_startproc
 596              		@ args = 0, pretend = 0, frame = 0
 597              		@ frame_needed = 0, uses_anonymous_args = 0
 598              		.loc 1 170 1 is_stmt 0 view .LVU126
ARM GAS  /var/folders/j8/bx6g0dyx2gg_pdn7l_y1sb9c0000gn/T//cc0Kc6SB.s 			page 14


 599 0000 08B5     		push	{r3, lr}
 600              	.LCFI10:
 601              		.cfi_def_cfa_offset 8
 602              		.cfi_offset 3, -8
 603              		.cfi_offset 14, -4
 171:Core/Src/syscalls.c ****   (void)name;
 604              		.loc 1 171 3 is_stmt 1 view .LVU127
 172:Core/Src/syscalls.c ****   (void)argv;
 605              		.loc 1 172 3 view .LVU128
 173:Core/Src/syscalls.c ****   (void)env;
 606              		.loc 1 173 3 view .LVU129
 174:Core/Src/syscalls.c ****   errno = ENOMEM;
 607              		.loc 1 174 3 view .LVU130
 608 0002 FFF7FEFF 		bl	__errno
 609              	.LVL40:
 610              		.loc 1 174 9 is_stmt 0 view .LVU131
 611 0006 0C23     		movs	r3, #12
 612 0008 0360     		str	r3, [r0]
 175:Core/Src/syscalls.c ****   return -1;
 613              		.loc 1 175 3 is_stmt 1 view .LVU132
 176:Core/Src/syscalls.c **** }
 614              		.loc 1 176 1 is_stmt 0 view .LVU133
 615 000a 4FF0FF30 		mov	r0, #-1
 616 000e 08BD     		pop	{r3, pc}
 617              		.cfi_endproc
 618              	.LFE42:
 620              		.global	environ
 621              		.global	__env
 622              		.section	.bss.__env,"aw",%nobits
 623              		.align	2
 626              	__env:
 627 0000 00000000 		.space	4
 628              		.section	.data.environ,"aw"
 629              		.align	2
 632              	environ:
 633 0000 00000000 		.word	__env
 634              		.weak	__io_putchar
 635              		.weak	__io_getchar
 636              		.text
 637              	.Letext0:
 638              		.file 2 "/opt/homebrew/Cellar/arm-none-eabi-gcc/10.3-2021.10/gcc/arm-none-eabi/include/machine/_de
 639              		.file 3 "/opt/homebrew/Cellar/arm-none-eabi-gcc/10.3-2021.10/gcc/arm-none-eabi/include/sys/_types.
 640              		.file 4 "/opt/homebrew/Cellar/arm-none-eabi-gcc/10.3-2021.10/gcc/arm-none-eabi/include/sys/_timeva
 641              		.file 5 "/opt/homebrew/Cellar/arm-none-eabi-gcc/10.3-2021.10/gcc/arm-none-eabi/include/sys/_timesp
 642              		.file 6 "/opt/homebrew/Cellar/arm-none-eabi-gcc/10.3-2021.10/gcc/arm-none-eabi/include/sys/types.h
 643              		.file 7 "/opt/homebrew/Cellar/arm-none-eabi-gcc/10.3-2021.10/gcc/arm-none-eabi/include/sys/stat.h"
 644              		.file 8 "/opt/homebrew/Cellar/arm-none-eabi-gcc/10.3-2021.10/gcc/arm-none-eabi/include/sys/times.h
 645              		.file 9 "/opt/homebrew/Cellar/arm-none-eabi-gcc/10.3-2021.10/gcc/arm-none-eabi/include/sys/errno.h
ARM GAS  /var/folders/j8/bx6g0dyx2gg_pdn7l_y1sb9c0000gn/T//cc0Kc6SB.s 			page 15


DEFINED SYMBOLS
                            *ABS*:0000000000000000 syscalls.c
/var/folders/j8/bx6g0dyx2gg_pdn7l_y1sb9c0000gn/T//cc0Kc6SB.s:21     .text.initialise_monitor_handles:0000000000000000 $t
/var/folders/j8/bx6g0dyx2gg_pdn7l_y1sb9c0000gn/T//cc0Kc6SB.s:27     .text.initialise_monitor_handles:0000000000000000 initialise_monitor_handles
/var/folders/j8/bx6g0dyx2gg_pdn7l_y1sb9c0000gn/T//cc0Kc6SB.s:41     .text._getpid:0000000000000000 $t
/var/folders/j8/bx6g0dyx2gg_pdn7l_y1sb9c0000gn/T//cc0Kc6SB.s:47     .text._getpid:0000000000000000 _getpid
/var/folders/j8/bx6g0dyx2gg_pdn7l_y1sb9c0000gn/T//cc0Kc6SB.s:62     .text._kill:0000000000000000 $t
/var/folders/j8/bx6g0dyx2gg_pdn7l_y1sb9c0000gn/T//cc0Kc6SB.s:68     .text._kill:0000000000000000 _kill
/var/folders/j8/bx6g0dyx2gg_pdn7l_y1sb9c0000gn/T//cc0Kc6SB.s:97     .text._exit:0000000000000000 $t
/var/folders/j8/bx6g0dyx2gg_pdn7l_y1sb9c0000gn/T//cc0Kc6SB.s:103    .text._exit:0000000000000000 _exit
/var/folders/j8/bx6g0dyx2gg_pdn7l_y1sb9c0000gn/T//cc0Kc6SB.s:130    .text._read:0000000000000000 $t
/var/folders/j8/bx6g0dyx2gg_pdn7l_y1sb9c0000gn/T//cc0Kc6SB.s:136    .text._read:0000000000000000 _read
/var/folders/j8/bx6g0dyx2gg_pdn7l_y1sb9c0000gn/T//cc0Kc6SB.s:194    .text._write:0000000000000000 $t
/var/folders/j8/bx6g0dyx2gg_pdn7l_y1sb9c0000gn/T//cc0Kc6SB.s:200    .text._write:0000000000000000 _write
/var/folders/j8/bx6g0dyx2gg_pdn7l_y1sb9c0000gn/T//cc0Kc6SB.s:252    .text._close:0000000000000000 $t
/var/folders/j8/bx6g0dyx2gg_pdn7l_y1sb9c0000gn/T//cc0Kc6SB.s:258    .text._close:0000000000000000 _close
/var/folders/j8/bx6g0dyx2gg_pdn7l_y1sb9c0000gn/T//cc0Kc6SB.s:277    .text._fstat:0000000000000000 $t
/var/folders/j8/bx6g0dyx2gg_pdn7l_y1sb9c0000gn/T//cc0Kc6SB.s:283    .text._fstat:0000000000000000 _fstat
/var/folders/j8/bx6g0dyx2gg_pdn7l_y1sb9c0000gn/T//cc0Kc6SB.s:306    .text._isatty:0000000000000000 $t
/var/folders/j8/bx6g0dyx2gg_pdn7l_y1sb9c0000gn/T//cc0Kc6SB.s:312    .text._isatty:0000000000000000 _isatty
/var/folders/j8/bx6g0dyx2gg_pdn7l_y1sb9c0000gn/T//cc0Kc6SB.s:331    .text._lseek:0000000000000000 $t
/var/folders/j8/bx6g0dyx2gg_pdn7l_y1sb9c0000gn/T//cc0Kc6SB.s:337    .text._lseek:0000000000000000 _lseek
/var/folders/j8/bx6g0dyx2gg_pdn7l_y1sb9c0000gn/T//cc0Kc6SB.s:358    .text._open:0000000000000000 $t
/var/folders/j8/bx6g0dyx2gg_pdn7l_y1sb9c0000gn/T//cc0Kc6SB.s:364    .text._open:0000000000000000 _open
/var/folders/j8/bx6g0dyx2gg_pdn7l_y1sb9c0000gn/T//cc0Kc6SB.s:397    .text._wait:0000000000000000 $t
/var/folders/j8/bx6g0dyx2gg_pdn7l_y1sb9c0000gn/T//cc0Kc6SB.s:403    .text._wait:0000000000000000 _wait
/var/folders/j8/bx6g0dyx2gg_pdn7l_y1sb9c0000gn/T//cc0Kc6SB.s:431    .text._unlink:0000000000000000 $t
/var/folders/j8/bx6g0dyx2gg_pdn7l_y1sb9c0000gn/T//cc0Kc6SB.s:437    .text._unlink:0000000000000000 _unlink
/var/folders/j8/bx6g0dyx2gg_pdn7l_y1sb9c0000gn/T//cc0Kc6SB.s:465    .text._times:0000000000000000 $t
/var/folders/j8/bx6g0dyx2gg_pdn7l_y1sb9c0000gn/T//cc0Kc6SB.s:471    .text._times:0000000000000000 _times
/var/folders/j8/bx6g0dyx2gg_pdn7l_y1sb9c0000gn/T//cc0Kc6SB.s:490    .text._stat:0000000000000000 $t
/var/folders/j8/bx6g0dyx2gg_pdn7l_y1sb9c0000gn/T//cc0Kc6SB.s:496    .text._stat:0000000000000000 _stat
/var/folders/j8/bx6g0dyx2gg_pdn7l_y1sb9c0000gn/T//cc0Kc6SB.s:519    .text._link:0000000000000000 $t
/var/folders/j8/bx6g0dyx2gg_pdn7l_y1sb9c0000gn/T//cc0Kc6SB.s:525    .text._link:0000000000000000 _link
/var/folders/j8/bx6g0dyx2gg_pdn7l_y1sb9c0000gn/T//cc0Kc6SB.s:554    .text._fork:0000000000000000 $t
/var/folders/j8/bx6g0dyx2gg_pdn7l_y1sb9c0000gn/T//cc0Kc6SB.s:560    .text._fork:0000000000000000 _fork
/var/folders/j8/bx6g0dyx2gg_pdn7l_y1sb9c0000gn/T//cc0Kc6SB.s:585    .text._execve:0000000000000000 $t
/var/folders/j8/bx6g0dyx2gg_pdn7l_y1sb9c0000gn/T//cc0Kc6SB.s:591    .text._execve:0000000000000000 _execve
/var/folders/j8/bx6g0dyx2gg_pdn7l_y1sb9c0000gn/T//cc0Kc6SB.s:632    .data.environ:0000000000000000 environ
/var/folders/j8/bx6g0dyx2gg_pdn7l_y1sb9c0000gn/T//cc0Kc6SB.s:626    .bss.__env:0000000000000000 __env
/var/folders/j8/bx6g0dyx2gg_pdn7l_y1sb9c0000gn/T//cc0Kc6SB.s:623    .bss.__env:0000000000000000 $d
/var/folders/j8/bx6g0dyx2gg_pdn7l_y1sb9c0000gn/T//cc0Kc6SB.s:629    .data.environ:0000000000000000 $d

UNDEFINED SYMBOLS
__errno
__io_getchar
__io_putchar
